Archive member included to satisfy reference by file (symbol)

c:/program files (x86)/atollic/truestudio for stm32 9.3.0/armtools/bin/../lib/gcc/arm-atollic-eabi/6.3.1/../../../../arm-atollic-eabi/lib/armv7-m\libc_nano.a(lib_a-errno.o)
                              Src\syscalls.o (__errno)
c:/program files (x86)/atollic/truestudio for stm32 9.3.0/armtools/bin/../lib/gcc/arm-atollic-eabi/6.3.1/../../../../arm-atollic-eabi/lib/armv7-m\libc_nano.a(lib_a-impure.o)
                              c:/program files (x86)/atollic/truestudio for stm32 9.3.0/armtools/bin/../lib/gcc/arm-atollic-eabi/6.3.1/../../../../arm-atollic-eabi/lib/armv7-m\libc_nano.a(lib_a-errno.o) (_impure_ptr)
c:/program files (x86)/atollic/truestudio for stm32 9.3.0/armtools/bin/../lib/gcc/arm-atollic-eabi/6.3.1/../../../../arm-atollic-eabi/lib/armv7-m\libc_nano.a(lib_a-init.o)
                              startup\startup_stm32f103xb.o (__libc_init_array)
c:/program files (x86)/atollic/truestudio for stm32 9.3.0/armtools/bin/../lib/gcc/arm-atollic-eabi/6.3.1/../../../../arm-atollic-eabi/lib/armv7-m\libc_nano.a(lib_a-memcmp.o)
                              grbl\gcode.o (memcmp)
c:/program files (x86)/atollic/truestudio for stm32 9.3.0/armtools/bin/../lib/gcc/arm-atollic-eabi/6.3.1/../../../../arm-atollic-eabi/lib/armv7-m\libc_nano.a(lib_a-memset.o)
                              Drivers\STM32F1xx_HAL_Driver\Src\stm32f1xx_hal_rcc.o (memset)
c:/program files (x86)/atollic/truestudio for stm32 9.3.0/armtools/bin/../lib/gcc/arm-atollic-eabi/6.3.1/../../../../arm-atollic-eabi/lib/armv7-m\libc_nano.a(lib_a-sprintf.o)
                              stm32\lcd-i2c.o (sprintf)
c:/program files (x86)/atollic/truestudio for stm32 9.3.0/armtools/bin/../lib/gcc/arm-atollic-eabi/6.3.1/../../../../arm-atollic-eabi/lib/armv7-m\libc_nano.a(lib_a-nano-svfprintf.o)
                              c:/program files (x86)/atollic/truestudio for stm32 9.3.0/armtools/bin/../lib/gcc/arm-atollic-eabi/6.3.1/../../../../arm-atollic-eabi/lib/armv7-m\libc_nano.a(lib_a-sprintf.o) (_svfprintf_r)
c:/program files (x86)/atollic/truestudio for stm32 9.3.0/armtools/bin/../lib/gcc/arm-atollic-eabi/6.3.1/../../../../arm-atollic-eabi/lib/armv7-m\libc_nano.a(lib_a-nano-vfprintf_i.o)
                              c:/program files (x86)/atollic/truestudio for stm32 9.3.0/armtools/bin/../lib/gcc/arm-atollic-eabi/6.3.1/../../../../arm-atollic-eabi/lib/armv7-m\libc_nano.a(lib_a-nano-svfprintf.o) (_printf_i)
c:/program files (x86)/atollic/truestudio for stm32 9.3.0/armtools/bin/../lib/gcc/arm-atollic-eabi/6.3.1/../../../../arm-atollic-eabi/lib/armv7-m\libc_nano.a(lib_a-memchr-stub.o)
                              c:/program files (x86)/atollic/truestudio for stm32 9.3.0/armtools/bin/../lib/gcc/arm-atollic-eabi/6.3.1/../../../../arm-atollic-eabi/lib/armv7-m\libc_nano.a(lib_a-nano-svfprintf.o) (memchr)
c:/program files (x86)/atollic/truestudio for stm32 9.3.0/armtools/bin/../lib/gcc/arm-atollic-eabi/6.3.1/../../../../arm-atollic-eabi/lib/armv7-m\libc_nano.a(lib_a-memcpy-stub.o)
                              c:/program files (x86)/atollic/truestudio for stm32 9.3.0/armtools/bin/../lib/gcc/arm-atollic-eabi/6.3.1/../../../../arm-atollic-eabi/lib/armv7-m\libc_nano.a(lib_a-nano-svfprintf.o) (memcpy)
c:/program files (x86)/atollic/truestudio for stm32 9.3.0/armtools/bin/../lib/gcc/arm-atollic-eabi/6.3.1/../../../../arm-atollic-eabi/lib/armv7-m\libc_nano.a(lib_a-memmove.o)
                              c:/program files (x86)/atollic/truestudio for stm32 9.3.0/armtools/bin/../lib/gcc/arm-atollic-eabi/6.3.1/../../../../arm-atollic-eabi/lib/armv7-m\libc_nano.a(lib_a-nano-svfprintf.o) (memmove)
c:/program files (x86)/atollic/truestudio for stm32 9.3.0/armtools/bin/../lib/gcc/arm-atollic-eabi/6.3.1/../../../../arm-atollic-eabi/lib/armv7-m\libc_nano.a(lib_a-nano-freer.o)
                              c:/program files (x86)/atollic/truestudio for stm32 9.3.0/armtools/bin/../lib/gcc/arm-atollic-eabi/6.3.1/../../../../arm-atollic-eabi/lib/armv7-m\libc_nano.a(lib_a-nano-svfprintf.o) (_free_r)
c:/program files (x86)/atollic/truestudio for stm32 9.3.0/armtools/bin/../lib/gcc/arm-atollic-eabi/6.3.1/../../../../arm-atollic-eabi/lib/armv7-m\libc_nano.a(lib_a-nano-mallocr.o)
                              c:/program files (x86)/atollic/truestudio for stm32 9.3.0/armtools/bin/../lib/gcc/arm-atollic-eabi/6.3.1/../../../../arm-atollic-eabi/lib/armv7-m\libc_nano.a(lib_a-nano-svfprintf.o) (_malloc_r)
c:/program files (x86)/atollic/truestudio for stm32 9.3.0/armtools/bin/../lib/gcc/arm-atollic-eabi/6.3.1/../../../../arm-atollic-eabi/lib/armv7-m\libc_nano.a(lib_a-nano-reallocr.o)
                              c:/program files (x86)/atollic/truestudio for stm32 9.3.0/armtools/bin/../lib/gcc/arm-atollic-eabi/6.3.1/../../../../arm-atollic-eabi/lib/armv7-m\libc_nano.a(lib_a-nano-svfprintf.o) (_realloc_r)
[...]
Memory Configuration

Name             Origin             Length             Attributes
RAM              0x20000000         0x00005000         xrw
FLASH            0x08000000         0x00010000         xr
*default*        0x00000000         0xffffffff

Linker script and memory map

LOAD c:/program files (x86)/atollic/truestudio for stm32 9.3.0/armtools/bin/../lib/gcc/arm-atollic-eabi/6.3.1/armv7-m/crti.o
LOAD c:/program files (x86)/atollic/truestudio for stm32 9.3.0/armtools/bin/../lib/gcc/arm-atollic-eabi/6.3.1/armv7-m/crtbegin.o
LOAD Drivers\STM32F1xx_HAL_Driver\Src\stm32f1xx_hal.o
LOAD Drivers\STM32F1xx_HAL_Driver\Src\stm32f1xx_hal_cortex.o
LOAD Drivers\STM32F1xx_HAL_Driver\Src\stm32f1xx_hal_dma.o
LOAD Drivers\STM32F1xx_HAL_Driver\Src\stm32f1xx_hal_flash.o
LOAD Drivers\STM32F1xx_HAL_Driver\Src\stm32f1xx_hal_flash_ex.o
LOAD Drivers\STM32F1xx_HAL_Driver\Src\stm32f1xx_hal_gpio.o
LOAD Drivers\STM32F1xx_HAL_Driver\Src\stm32f1xx_hal_gpio_ex.o
LOAD Drivers\STM32F1xx_HAL_Driver\Src\stm32f1xx_hal_i2c.o
LOAD Drivers\STM32F1xx_HAL_Driver\Src\stm32f1xx_hal_pwr.o
LOAD Drivers\STM32F1xx_HAL_Driver\Src\stm32f1xx_hal_rcc.o
LOAD Drivers\STM32F1xx_HAL_Driver\Src\stm32f1xx_hal_rcc_ex.o
LOAD Drivers\STM32F1xx_HAL_Driver\Src\stm32f1xx_hal_tim.o
LOAD Drivers\STM32F1xx_HAL_Driver\Src\stm32f1xx_hal_tim_ex.o
LOAD Drivers\STM32F1xx_HAL_Driver\Src\stm32f1xx_ll_dma.o
LOAD Drivers\STM32F1xx_HAL_Driver\Src\stm32f1xx_ll_exti.o
LOAD Drivers\STM32F1xx_HAL_Driver\Src\stm32f1xx_ll_gpio.o
LOAD Drivers\STM32F1xx_HAL_Driver\Src\stm32f1xx_ll_rcc.o
LOAD Drivers\STM32F1xx_HAL_Driver\Src\stm32f1xx_ll_tim.o
LOAD Drivers\STM32F1xx_HAL_Driver\Src\stm32f1xx_ll_usart.o
LOAD Drivers\STM32F1xx_HAL_Driver\Src\stm32f1xx_ll_utils.o
LOAD Src\gpio.o
LOAD Src\i2c.o
LOAD Src\main.o
LOAD Src\stm32f1xx_hal_msp.o
LOAD Src\stm32f1xx_it.o
LOAD Src\syscalls.o
LOAD Src\system_stm32f1xx.o
LOAD Src\tim.o
LOAD Src\usart.o
LOAD grbl\coolant_control.o
LOAD grbl\eeprom.o
LOAD grbl\gcode.o
LOAD grbl\jog.o
LOAD grbl\limits.o
LOAD grbl\motion_control.o
LOAD grbl\nuts_bolts.o
LOAD grbl\planner.o
LOAD grbl\print.o
LOAD grbl\probe.o
LOAD grbl\protocol.o
LOAD grbl\report.o
LOAD grbl\serial.o
LOAD grbl\settings.o
LOAD grbl\spindle_control.o
LOAD grbl\stepper.o
LOAD grbl\system.o
LOAD startup\startup_stm32f103xb.o
LOAD stm32\inoutputs.o
LOAD stm32\lcd-i2c.o
LOAD stm32\stm32utilities.o
                0x00000080                malloc_getpagesize_P = 0x80
START GROUP
LOAD c:/program files (x86)/atollic/truestudio for stm32 9.3.0/armtools/bin/../lib/gcc/arm-atollic-eabi/6.3.1/../../../../arm-atollic-eabi/lib/armv7-m\libc_nano.a
LOAD c:/program files (x86)/atollic/truestudio for stm32 9.3.0/armtools/bin/../lib/gcc/arm-atollic-eabi/6.3.1/../../../../arm-atollic-eabi/lib/armv7-m\libm.a
END GROUP
START GROUP
LOAD c:/program files (x86)/atollic/truestudio for stm32 9.3.0/armtools/bin/../lib/gcc/arm-atollic-eabi/6.3.1/armv7-m\libgcc.a
LOAD c:/program files (x86)/atollic/truestudio for stm32 9.3.0/armtools/bin/../lib/gcc/arm-atollic-eabi/6.3.1/../../../../arm-atollic-eabi/lib/armv7-m\libc_nano.a
END GROUP
START GROUP
LOAD c:/program files (x86)/atollic/truestudio for stm32 9.3.0/armtools/bin/../lib/gcc/arm-atollic-eabi/6.3.1/armv7-m\libgcc.a
LOAD c:/program files (x86)/atollic/truestudio for stm32 9.3.0/armtools/bin/../lib/gcc/arm-atollic-eabi/6.3.1/../../../../arm-atollic-eabi/lib/armv7-m\libc_nano.a
LOAD c:/program files (x86)/atollic/truestudio for stm32 9.3.0/armtools/bin/../lib/gcc/arm-atollic-eabi/6.3.1/../../../../arm-atollic-eabi/lib/armv7-m\libnosys.a
END GROUP
START GROUP
LOAD c:/program files (x86)/atollic/truestudio for stm32 9.3.0/armtools/bin/../lib/gcc/arm-atollic-eabi/6.3.1/armv7-m\libgcc.a
LOAD c:/program files (x86)/atollic/truestudio for stm32 9.3.0/armtools/bin/../lib/gcc/arm-atollic-eabi/6.3.1/../../../../arm-atollic-eabi/lib/armv7-m\libc_nano.a
LOAD c:/program files (x86)/atollic/truestudio for stm32 9.3.0/armtools/bin/../lib/gcc/arm-atollic-eabi/6.3.1/../../../../arm-atollic-eabi/lib/armv7-m\libnosys.a
END GROUP
LOAD c:/program files (x86)/atollic/truestudio for stm32 9.3.0/armtools/bin/../lib/gcc/arm-atollic-eabi/6.3.1/armv7-m/crtend.o
LOAD c:/program files (x86)/atollic/truestudio for stm32 9.3.0/armtools/bin/../lib/gcc/arm-atollic-eabi/6.3.1/armv7-m/crtn.o
                0x20005000                _estack = 0x20005000
                0x00000200                _Min_Heap_Size = 0x200
                0x00000400                _Min_Stack_Size = 0x400

.isr_vector     0x08000000      0x10c
                0x08000000                . = ALIGN (0x4)
 *(.isr_vector)
 .isr_vector    0x08000000      0x10c startup\startup_stm32f103xb.o
                0x08000000                g_pfnVectors
                0x0800010c                . = ALIGN (0x4)

.text           0x08000110     0x97cc
                0x08000110                . = ALIGN (0x4)
 *(.text)
 .text          0x08000110       0x40 c:/program files (x86)/atollic/truestudio for stm32 9.3.0/armtools/bin/../lib/gcc/arm-atollic-eabi/6.3.1/armv7-m/crtbegin.o
 .text          0x08000150       0x18 c:/program files (x86)/atollic/truestudio for stm32 9.3.0/armtools/bin/../lib/gcc/arm-atollic-eabi/6.3.1/armv7-m\libgcc.a(_lshrdi3.o)
                0x08000150                __lshrdi3
                0x08000150                __aeabi_llsr
 .text          0x08000168      0x370 c:/program files (x86)/atollic/truestudio for stm32 9.3.0/armtools/bin/../lib/gcc/arm-atollic-eabi/6.3.1/armv7-m\libgcc.a(_arm_addsubdf3.o)
                0x08000168                __aeabi_drsub
                0x08000170                __aeabi_dsub
                0x08000170                __subdf3
                0x08000174                __aeabi_dadd
                0x08000174                __adddf3
                0x080003ec                __floatunsidf
                0x080003ec                __aeabi_ui2d
                0x0800040c                __floatsidf
                0x0800040c                __aeabi_i2d
                0x08000430                __aeabi_f2d
                0x08000430                __extendsfdf2
                0x0800046c                __floatundidf
                0x0800046c                __aeabi_ul2d
                0x0800047c                __floatdidf
                0x0800047c                __aeabi_l2d
 .text          0x080004d8      0x424 c:/program files (x86)/atollic/truestudio for stm32 9.3.0/armtools/bin/../lib/gcc/arm-atollic-eabi/6.3.1/armv7-m\libgcc.a(_arm_muldivdf3.o)
                0x080004d8                __aeabi_dmul
                0x080004d8                __muldf3
                0x0800072c                __divdf3
                0x0800072c                __aeabi_ddiv
 .text          0x080008fc      0x110 c:/program files (x86)/atollic/truestudio for stm32 9.3.0/armtools/bin/../lib/gcc/arm-atollic-eabi/6.3.1/armv7-m\libgcc.a(_arm_cmpdf2.o)
                0x080008fc                __gtdf2
                0x080008fc                __gedf2
                0x08000904                __ltdf2
                0x08000904                __ledf2
                0x0800090c                __nedf2
                0x0800090c                __eqdf2
                0x0800090c                __cmpdf2
                0x08000988                __aeabi_cdrcmple
                0x08000998                __aeabi_cdcmpeq
                0x08000998                __aeabi_cdcmple
                0x080009a8                __aeabi_dcmpeq
                0x080009bc                __aeabi_dcmplt
                0x080009d0                __aeabi_dcmple
                0x080009e4                __aeabi_dcmpge
                0x080009f8                __aeabi_dcmpgt
 .text          0x08000a0c       0x2c c:/program files (x86)/atollic/truestudio for stm32 9.3.0/armtools/bin/../lib/gcc/arm-atollic-eabi/6.3.1/armv7-m\libgcc.a(_arm_unorddf2.o)
                0x08000a0c                __unorddf2
                0x08000a0c                __aeabi_dcmpun
 .text          0x08000a38       0x50 c:/program files (x86)/atollic/truestudio for stm32 9.3.0/armtools/bin/../lib/gcc/arm-atollic-eabi/6.3.1/armv7-m\libgcc.a(_arm_fixdfsi.o)
                0x08000a38                __aeabi_d2iz
                0x08000a38                __fixdfsi
 .text          0x08000a88       0x40 c:/program files (x86)/atollic/truestudio for stm32 9.3.0/armtools/bin/../lib/gcc/arm-atollic-eabi/6.3.1/armv7-m\libgcc.a(_arm_fixunsdfsi.o)
                0x08000a88                __aeabi_d2uiz
                0x08000a88                __fixunsdfsi
 .text          0x08000ac8       0xa0 c:/program files (x86)/atollic/truestudio for stm32 9.3.0/armtools/bin/../lib/gcc/arm-atollic-eabi/6.3.1/armv7-m\libgcc.a(_arm_truncdfsf2.o)
                0x08000ac8                __truncdfsf2
                0x08000ac8                __aeabi_d2f
 .text          0x08000b68      0x21c c:/program files (x86)/atollic/truestudio for stm32 9.3.0/armtools/bin/../lib/gcc/arm-atollic-eabi/6.3.1/armv7-m\libgcc.a(_arm_addsubsf3.o)
                0x08000b68                __aeabi_frsub
                0x08000b70                __subsf3
                0x08000b70                __aeabi_fsub
                0x08000b74                __aeabi_fadd
                0x08000b74                __addsf3
                0x08000cd4                __aeabi_ui2f
                0x08000cd4                __floatunsisf
                0x08000cdc                __aeabi_i2f
                0x08000cdc                __floatsisf
                0x08000cf8                __aeabi_ul2f
                0x08000cf8                __floatundisf
                0x08000d08                __aeabi_l2f
                0x08000d08                __floatdisf
 .text          0x08000d84      0x2a0 c:/program files (x86)/atollic/truestudio for stm32 9.3.0/armtools/bin/../lib/gcc/arm-atollic-eabi/6.3.1/armv7-m\libgcc.a(_arm_muldivsf3.o)
                0x08000d84                __mulsf3
                0x08000d84                __aeabi_fmul
                0x08000eec                __aeabi_fdiv
                0x08000eec                __divsf3
 .text          0x08001024       0xec c:/program files (x86)/atollic/truestudio for stm32 9.3.0/armtools/bin/../lib/gcc/arm-atollic-eabi/6.3.1/armv7-m\libgcc.a(_arm_cmpsf2.o)
                0x08001024                __gesf2
                0x08001024                __gtsf2
                0x0800102c                __lesf2
                0x0800102c                __ltsf2
                0x08001034                __nesf2
                0x08001034                __eqsf2
                0x08001034                __cmpsf2
                0x08001094                __aeabi_cfrcmple
                0x0800109c                __aeabi_cfcmpeq
                0x0800109c                __aeabi_cfcmple
                0x080010ac                __aeabi_fcmpeq
                0x080010c0                __aeabi_fcmplt
                0x080010d4                __aeabi_fcmple
                0x080010e8                __aeabi_fcmpge
                0x080010fc                __aeabi_fcmpgt
 .text          0x08001110       0x2c c:/program files (x86)/atollic/truestudio for stm32 9.3.0/armtools/bin/../lib/gcc/arm-atollic-eabi/6.3.1/armv7-m\libgcc.a(_arm_unordsf2.o)
                0x08001110                __unordsf2
                0x08001110                __aeabi_fcmpun
 .text          0x0800113c       0x4c c:/program files (x86)/atollic/truestudio for stm32 9.3.0/armtools/bin/../lib/gcc/arm-atollic-eabi/6.3.1/armv7-m\libgcc.a(_arm_fixsfsi.o)
                0x0800113c                __aeabi_f2iz
                0x0800113c                __fixsfsi
 .text          0x08001188       0x40 c:/program files (x86)/atollic/truestudio for stm32 9.3.0/armtools/bin/../lib/gcc/arm-atollic-eabi/6.3.1/armv7-m\libgcc.a(_arm_fixunssfsi.o)
                0x08001188                __fixunssfsi
                0x08001188                __aeabi_f2uiz
 *(.text*)
 .text.HAL_InitTick
                0x080011c8       0x48 Drivers\STM32F1xx_HAL_Driver\Src\stm32f1xx_hal.o
                0x080011c8                HAL_InitTick
 .text.HAL_Init
                0x08001210       0x24 Drivers\STM32F1xx_HAL_Driver\Src\stm32f1xx_hal.o
                0x08001210                HAL_Init
 .text.HAL_IncTick
                0x08001234       0x18 Drivers\STM32F1xx_HAL_Driver\Src\stm32f1xx_hal.o
                0x08001234                HAL_IncTick
 .text.HAL_GetTick
                0x0800124c        0xc Drivers\STM32F1xx_HAL_Driver\Src\stm32f1xx_hal.o
                0x0800124c                HAL_GetTick
 .text.HAL_Delay
                0x08001258       0x24 Drivers\STM32F1xx_HAL_Driver\Src\stm32f1xx_hal.o
                0x08001258                HAL_Delay
 .text.HAL_NVIC_SetPriorityGrouping
                0x0800127c       0x24 Drivers\STM32F1xx_HAL_Driver\Src\stm32f1xx_hal_cortex.o
                0x0800127c                HAL_NVIC_SetPriorityGrouping
 .text.HAL_NVIC_SetPriority
                0x080012a0       0x68 Drivers\STM32F1xx_HAL_Driver\Src\stm32f1xx_hal_cortex.o
                0x080012a0                HAL_NVIC_SetPriority
 .text.HAL_NVIC_EnableIRQ
                0x08001308       0x18 Drivers\STM32F1xx_HAL_Driver\Src\stm32f1xx_hal_cortex.o
                0x08001308                HAL_NVIC_EnableIRQ
 .text.HAL_SYSTICK_Config
                0x08001320       0x2c Drivers\STM32F1xx_HAL_Driver\Src\stm32f1xx_hal_cortex.o
                0x08001320                HAL_SYSTICK_Config
 .text.HAL_NVIC_ClearPendingIRQ
                0x0800134c       0x1c Drivers\STM32F1xx_HAL_Driver\Src\stm32f1xx_hal_cortex.o
                0x0800134c                HAL_NVIC_ClearPendingIRQ
 .text.FLASH_SetErrorCode
                0x08001368       0x50 Drivers\STM32F1xx_HAL_Driver\Src\stm32f1xx_hal_flash.o
 .text.HAL_FLASH_Unlock
                0x080013b8       0x24 Drivers\STM32F1xx_HAL_Driver\Src\stm32f1xx_hal_flash.o
                0x080013b8                HAL_FLASH_Unlock
 .text.HAL_FLASH_Lock
                0x080013dc       0x14 Drivers\STM32F1xx_HAL_Driver\Src\stm32f1xx_hal_flash.o
                0x080013dc                HAL_FLASH_Lock
 .text.FLASH_WaitForLastOperation
                0x080013f0       0x54 Drivers\STM32F1xx_HAL_Driver\Src\stm32f1xx_hal_flash.o
                0x080013f0                FLASH_WaitForLastOperation
 .text.HAL_FLASH_Program
                0x08001444       0x8c Drivers\STM32F1xx_HAL_Driver\Src\stm32f1xx_hal_flash.o
                0x08001444                HAL_FLASH_Program
 .text.FLASH_PageErase
                0x080014d0       0x24 Drivers\STM32F1xx_HAL_Driver\Src\stm32f1xx_hal_flash_ex.o
                0x080014d0                FLASH_PageErase
 .text.HAL_GPIO_Init
                0x080014f4      0x1c0 Drivers\STM32F1xx_HAL_Driver\Src\stm32f1xx_hal_gpio.o
                0x080014f4                HAL_GPIO_Init
 .text.HAL_GPIO_WritePin
                0x080016b4        0xa Drivers\STM32F1xx_HAL_Driver\Src\stm32f1xx_hal_gpio.o
                0x080016b4                HAL_GPIO_WritePin
 .text.HAL_GPIO_EXTI_Callback
                0x080016be        0x2 Drivers\STM32F1xx_HAL_Driver\Src\stm32f1xx_hal_gpio.o
                0x080016be                HAL_GPIO_EXTI_Callback
 .text.HAL_GPIO_EXTI_IRQHandler
                0x080016c0       0x18 Drivers\STM32F1xx_HAL_Driver\Src\stm32f1xx_hal_gpio.o
                0x080016c0                HAL_GPIO_EXTI_IRQHandler
 .text.HAL_I2C_Init
                0x080016d8      0x100 Drivers\STM32F1xx_HAL_Driver\Src\stm32f1xx_hal_i2c.o
                0x080016d8                HAL_I2C_Init
 .text.HAL_RCC_OscConfig
                0x080017d8      0x318 Drivers\STM32F1xx_HAL_Driver\Src\stm32f1xx_hal_rcc.o
                0x080017d8                HAL_RCC_OscConfig
 .text.HAL_RCC_GetSysClockFreq
                0x08001af0       0x78 Drivers\STM32F1xx_HAL_Driver\Src\stm32f1xx_hal_rcc.o
                0x08001af0                HAL_RCC_GetSysClockFreq
 .text.HAL_RCC_ClockConfig
                0x08001b68      0x164 Drivers\STM32F1xx_HAL_Driver\Src\stm32f1xx_hal_rcc.o
                0x08001b68                HAL_RCC_ClockConfig
 .text.HAL_RCC_GetPCLK1Freq
                0x08001ccc       0x20 Drivers\STM32F1xx_HAL_Driver\Src\stm32f1xx_hal_rcc.o
                0x08001ccc                HAL_RCC_GetPCLK1Freq
 .text.LL_GPIO_Init
                0x08001cec      0x102 Drivers\STM32F1xx_HAL_Driver\Src\stm32f1xx_ll_gpio.o
                0x08001cec                LL_GPIO_Init
 *fill*         0x08001dee        0x2 
 .text.RCC_GetHCLKClockFreq
                0x08001df0       0x18 Drivers\STM32F1xx_HAL_Driver\Src\stm32f1xx_ll_rcc.o
                0x08001df0                RCC_GetHCLKClockFreq
 .text.RCC_GetPCLK1ClockFreq
                0x08001e08       0x18 Drivers\STM32F1xx_HAL_Driver\Src\stm32f1xx_ll_rcc.o
                0x08001e08                RCC_GetPCLK1ClockFreq
 .text.RCC_GetPCLK2ClockFreq
                0x08001e20       0x18 Drivers\STM32F1xx_HAL_Driver\Src\stm32f1xx_ll_rcc.o
                0x08001e20                RCC_GetPCLK2ClockFreq
 .text.RCC_PLL_GetFreqDomain_SYS
                0x08001e38       0x34 Drivers\STM32F1xx_HAL_Driver\Src\stm32f1xx_ll_rcc.o
                0x08001e38                RCC_PLL_GetFreqDomain_SYS
 .text.RCC_GetSystemClockFreq
                0x08001e6c       0x1c Drivers\STM32F1xx_HAL_Driver\Src\stm32f1xx_ll_rcc.o
                0x08001e6c                RCC_GetSystemClockFreq
 .text.LL_RCC_GetSystemClocksFreq
                0x08001e88       0x20 Drivers\STM32F1xx_HAL_Driver\Src\stm32f1xx_ll_rcc.o
                0x08001e88                LL_RCC_GetSystemClocksFreq
 .text.LL_TIM_Init
                0x08001ea8       0x70 Drivers\STM32F1xx_HAL_Driver\Src\stm32f1xx_ll_tim.o
                0x08001ea8                LL_TIM_Init
 .text.LL_TIM_OC_Init
                0x08001f18      0x190 Drivers\STM32F1xx_HAL_Driver\Src\stm32f1xx_ll_tim.o
                0x08001f18                LL_TIM_OC_Init
 .text.LL_TIM_BDTR_Init
                0x080020a8       0x34 Drivers\STM32F1xx_HAL_Driver\Src\stm32f1xx_ll_tim.o
                0x080020a8                LL_TIM_BDTR_Init
 .text.LL_USART_Init
                0x080020dc       0xa4 Drivers\STM32F1xx_HAL_Driver\Src\stm32f1xx_ll_usart.o
                0x080020dc                LL_USART_Init
 .text.MX_GPIO_Init
                0x08002180      0x134 Src\gpio.o
                0x08002180                MX_GPIO_Init
 .text.MX_I2C1_Init
                0x080022b4       0x40 Src\i2c.o
                0x080022b4                MX_I2C1_Init
 .text.HAL_I2C_MspInit
                0x080022f4       0x78 Src\i2c.o
                0x080022f4                HAL_I2C_MspInit
 .text.SystemClock_Config
                0x0800236c       0x54 Src\main.o
                0x0800236c                SystemClock_Config
 .text.startup.main
                0x080023c0      0x150 Src\main.o
                0x080023c0                main
 .text.Error_Handler
                0x08002510        0x2 Src\main.o
                0x08002510                Error_Handler
 *fill*         0x08002512        0x2 
 .text.HAL_MspInit
                0x08002514       0x44 Src\stm32f1xx_hal_msp.o
                0x08002514                HAL_MspInit
 .text.NMI_Handler
                0x08002558        0x2 Src\stm32f1xx_it.o
                0x08002558                NMI_Handler
 .text.HardFault_Handler
                0x0800255a        0x2 Src\stm32f1xx_it.o
                0x0800255a                HardFault_Handler
 .text.MemManage_Handler
                0x0800255c        0x2 Src\stm32f1xx_it.o
                0x0800255c                MemManage_Handler
 .text.BusFault_Handler
                0x0800255e        0x2 Src\stm32f1xx_it.o
                0x0800255e                BusFault_Handler
 .text.UsageFault_Handler
                0x08002560        0x2 Src\stm32f1xx_it.o
                0x08002560                UsageFault_Handler
 .text.SVC_Handler
                0x08002562        0x2 Src\stm32f1xx_it.o
                0x08002562                SVC_Handler
 .text.DebugMon_Handler
                0x08002564        0x2 Src\stm32f1xx_it.o
                0x08002564                DebugMon_Handler
 .text.PendSV_Handler
                0x08002566        0x2 Src\stm32f1xx_it.o
                0x08002566                PendSV_Handler
 .text.SysTick_Handler
                0x08002568        0x4 Src\stm32f1xx_it.o
                0x08002568                SysTick_Handler
 .text.EXTI0_IRQHandler
                0x0800256c       0x1c Src\stm32f1xx_it.o
                0x0800256c                EXTI0_IRQHandler
 .text.EXTI1_IRQHandler
                0x08002588       0x1c Src\stm32f1xx_it.o
                0x08002588                EXTI1_IRQHandler
 .text.EXTI3_IRQHandler
                0x080025a4       0x20 Src\stm32f1xx_it.o
                0x080025a4                EXTI3_IRQHandler
 .text.EXTI4_IRQHandler
                0x080025c4       0x20 Src\stm32f1xx_it.o
                0x080025c4                EXTI4_IRQHandler
 .text.TIM2_IRQHandler
                0x080025e4       0x1a Src\stm32f1xx_it.o
                0x080025e4                TIM2_IRQHandler
 *fill*         0x080025fe        0x2 
 .text.TIM3_IRQHandler
                0x08002600       0x2c Src\stm32f1xx_it.o
                0x08002600                TIM3_IRQHandler
 .text.USART1_IRQHandler
                0x0800262c       0x20 Src\stm32f1xx_it.o
                0x0800262c                USART1_IRQHandler
 .text.EXTI15_10_IRQHandler
                0x0800264c       0x30 Src\stm32f1xx_it.o
                0x0800264c                EXTI15_10_IRQHandler
 .text._sbrk    0x0800267c       0x34 Src\syscalls.o
                0x0800267c                _sbrk
 .text.SystemInit
                0x080026b0       0x4c Src\system_stm32f1xx.o
                0x080026b0                SystemInit
 .text.NVIC_EncodePriority.constprop.2
                0x080026fc        0x4 Src\tim.o
 .text.MX_TIM1_Init
                0x08002700       0xf4 Src\tim.o
                0x08002700                MX_TIM1_Init
 .text.MX_TIM2_Init
                0x080027f4       0x80 Src\tim.o
                0x080027f4                MX_TIM2_Init
 .text.MX_TIM3_Init
                0x08002874       0x80 Src\tim.o
                0x08002874                MX_TIM3_Init
 .text.MX_USART1_UART_Init
                0x080028f4       0xbc Src\usart.o
                0x080028f4                MX_USART1_UART_Init
 .text.coolant_get_state
                0x080029b0       0x18 grbl\coolant_control.o
                0x080029b0                coolant_get_state
 .text.coolant_stop
                0x080029c8       0x20 grbl\coolant_control.o
                0x080029c8                coolant_stop
 .text.coolant_init
                0x080029e8        0x4 grbl\coolant_control.o
                0x080029e8                coolant_init
 .text.coolant_set_state
                0x080029ec       0x3c grbl\coolant_control.o
                0x080029ec                coolant_set_state
 .text.coolant_sync
                0x08002a28       0x20 grbl\coolant_control.o
                0x08002a28                coolant_sync
 .text.eeprom_flush
                0x08002a48       0x84 grbl\eeprom.o
                0x08002a48                eeprom_flush
 .text.eeprom_init
                0x08002acc       0x40 grbl\eeprom.o
                0x08002acc                eeprom_init
 .text.eeprom_get_char
                0x08002b0c        0xc grbl\eeprom.o
                0x08002b0c                eeprom_get_char
 .text.eeprom_put_char
                0x08002b18        0xc grbl\eeprom.o
                0x08002b18                eeprom_put_char
 .text.memcpy_to_eeprom_with_checksum
                0x08002b24       0x34 grbl\eeprom.o
                0x08002b24                memcpy_to_eeprom_with_checksum
 .text.memcpy_from_eeprom_with_checksum
                0x08002b58       0x38 grbl\eeprom.o
                0x08002b58                memcpy_from_eeprom_with_checksum
 .text.gc_init  0x08002b90       0x2c grbl\gcode.o
                0x08002b90                gc_init
 .text.gc_sync_position
                0x08002bbc       0x10 grbl\gcode.o
                0x08002bbc                gc_sync_position
 *fill*         0x08002bcc        0x4 
 .text.gc_execute_line
                0x08002bd0      0xf98 grbl\gcode.o
                0x08002bd0                gc_execute_line
 .text.jog_execute
                0x08003b68       0x60 grbl\jog.o
                0x08003b68                jog_execute
 .text.limits_init
                0x08003bc8       0x20 grbl\limits.o
                0x08003bc8                limits_init
 .text.limits_disable
                0x08003be8       0x10 grbl\limits.o
                0x08003be8                limits_disable
 .text.limits_get_state
                0x08003bf8       0x4c grbl\limits.o
                0x08003bf8                limits_get_state
 .text.HandleLimitIT
                0x08003c44       0x30 grbl\limits.o
                0x08003c44                HandleLimitIT
 .text.limits_go_home
                0x08003c74      0x22c grbl\limits.o
                0x08003c74                limits_go_home
 .text.limits_soft_check
                0x08003ea0       0x40 grbl\limits.o
                0x08003ea0                limits_soft_check
 .text.mc_line  0x08003ee0       0x68 grbl\motion_control.o
                0x08003ee0                mc_line
 .text.mc_arc   0x08003f48      0x368 grbl\motion_control.o
                0x08003f48                mc_arc
 .text.mc_dwell
                0x080042b0       0x24 grbl\motion_control.o
                0x080042b0                mc_dwell
 .text.mc_homing_cycle
                0x080042d4       0x50 grbl\motion_control.o
                0x080042d4                mc_homing_cycle
 .text.mc_probe_cycle
                0x08004324       0xc8 grbl\motion_control.o
                0x08004324                mc_probe_cycle
 .text.mc_reset
                0x080043ec       0x54 grbl\motion_control.o
                0x080043ec                mc_reset
 .text.read_float
                0x08004440      0x10c grbl\nuts_bolts.o
                0x08004440                read_float
 .text._delay_ms
                0x0800454c       0x20 grbl\nuts_bolts.o
                0x0800454c                _delay_ms
 .text.delay_sec
                0x0800456c       0x48 grbl\nuts_bolts.o
                0x0800456c                delay_sec
 .text.delay_ms
                0x080045b4       0x14 grbl\nuts_bolts.o
                0x080045b4                delay_ms
 .text.hypot_f  0x080045c8       0x24 grbl\nuts_bolts.o
                0x080045c8                hypot_f
 .text.convert_delta_vector_to_unit_vector
                0x080045ec       0x6c grbl\nuts_bolts.o
                0x080045ec                convert_delta_vector_to_unit_vector
 .text.limit_value_by_axis_maximum
                0x08004658       0x48 grbl\nuts_bolts.o
                0x08004658                limit_value_by_axis_maximum
 .text.planner_recalculate
                0x080046a0      0x19c grbl\planner.o
 .text.plan_reset_buffer
                0x0800483c       0x28 grbl\planner.o
                0x0800483c                plan_reset_buffer
 .text.plan_reset
                0x08004864       0x18 grbl\planner.o
                0x08004864                plan_reset
 .text.plan_discard_current_block
                0x0800487c       0x34 grbl\planner.o
                0x0800487c                plan_discard_current_block
 .text.plan_get_system_motion_block
                0x080048b0       0x18 grbl\planner.o
                0x080048b0                plan_get_system_motion_block
 .text.plan_get_current_block
                0x080048c8       0x24 grbl\planner.o
                0x080048c8                plan_get_current_block
 .text.plan_get_exec_block_exit_speed_sqr
                0x080048ec       0x34 grbl\planner.o
                0x080048ec                plan_get_exec_block_exit_speed_sqr
 .text.plan_check_full_buffer
                0x08004920       0x18 grbl\planner.o
                0x08004920                plan_check_full_buffer
 .text.plan_compute_profile_nominal_speed
                0x08004938       0xa4 grbl\planner.o
                0x08004938                plan_compute_profile_nominal_speed
 .text.plan_update_velocity_profile_parameters
                0x080049dc       0x84 grbl\planner.o
                0x080049dc                plan_update_velocity_profile_parameters
 .text.plan_buffer_line
                0x08004a60      0x318 grbl\planner.o
                0x08004a60                plan_buffer_line
 .text.plan_sync_position
                0x08004d78       0x1c grbl\planner.o
                0x08004d78                plan_sync_position
 .text.plan_get_block_buffer_available
                0x08004d94       0x24 grbl\planner.o
                0x08004d94                plan_get_block_buffer_available
 .text.plan_cycle_reinitialize
                0x08004db8       0x20 grbl\planner.o
                0x08004db8                plan_cycle_reinitialize
 .text.printString
                0x08004dd8       0x12 grbl\print.o
                0x08004dd8                printString
 .text.print_uint8_base10
                0x08004dea       0x50 grbl\print.o
                0x08004dea                print_uint8_base10
 *fill*         0x08004e3a        0x2 
 .text.printFloat
                0x08004e3c       0xc8 grbl\print.o
                0x08004e3c                printFloat
 *fill*         0x08004f04        0x4 
 .text.printFloat_CoordValue
                0x08004f08       0x3c grbl\print.o
                0x08004f08                printFloat_CoordValue
 *fill*         0x08004f44        0x4 
 .text.printFloat_RateValue
                0x08004f48       0x3c grbl\print.o
                0x08004f48                printFloat_RateValue
 .text.probe_configure_invert_mask
                0x08004f84       0x2c grbl\probe.o
                0x08004f84                probe_configure_invert_mask
 .text.probe_init
                0x08004fb0        0x6 grbl\probe.o
                0x08004fb0                probe_init
 *fill*         0x08004fb6        0x2 
 .text.probe_get_state
                0x08004fb8       0x1c grbl\probe.o
                0x08004fb8                probe_get_state
 .text.probe_state_monitor
                0x08004fd4       0x34 grbl\probe.o
                0x08004fd4                probe_state_monitor
 .text.protocol_auto_cycle_start
                0x08005008       0x14 grbl\protocol.o
                0x08005008                protocol_auto_cycle_start
 .text.protocol_exec_rt_system
                0x0800501c      0x368 grbl\protocol.o
                0x0800501c                protocol_exec_rt_system
 .text.protocol_execute_realtime
                0x08005384      0x1ac grbl\protocol.o
                0x08005384                protocol_execute_realtime
 .text.protocol_main_loop
                0x08005530      0x124 grbl\protocol.o
                0x08005530                protocol_main_loop
 .text.protocol_buffer_synchronize
                0x08005654       0x24 grbl\protocol.o
                0x08005654                protocol_buffer_synchronize
 .text.report_util_line_feed
                0x08005678        0xc grbl\report.o
 .text.report_util_feedback_line_feed
                0x08005684       0x10 grbl\report.o
 .text.report_util_axis_values
                0x08005694       0x26 grbl\report.o
 .text.report_util_setting_prefix
                0x080056ba       0x1a grbl\report.o
                0x080056ba                report_util_setting_prefix
 .text.report_util_uint8_setting
                0x080056d4       0x16 grbl\report.o
 .text.report_util_float_setting
                0x080056ea       0x1a grbl\report.o
 .text.report_status_message
                0x08005704       0x2c grbl\report.o
                0x08005704                report_status_message
 .text.report_alarm_message
                0x08005730       0x24 grbl\report.o
                0x08005730                report_alarm_message
 .text.report_feedback_message
                0x08005754       0x88 grbl\report.o
                0x08005754                report_feedback_message
 .text.report_init_message
                0x080057dc        0xc grbl\report.o
                0x080057dc                report_init_message
 .text.report_grbl_help
                0x080057e8        0xc grbl\report.o
                0x080057e8                report_grbl_help
 .text.report_grbl_settings
                0x080057f4      0x178 grbl\report.o
                0x080057f4                report_grbl_settings
 .text.report_probe_parameters
                0x0800596c       0x3c grbl\report.o
                0x0800596c                report_probe_parameters
 .text.report_ngc_parameters
                0x080059a8       0xb4 grbl\report.o
                0x080059a8                report_ngc_parameters
 .text.report_gcode_modes
                0x08005a5c      0x138 grbl\report.o
                0x08005a5c                report_gcode_modes
 .text.report_startup_line
                0x08005b94       0x2c grbl\report.o
                0x08005b94                report_startup_line
 .text.report_execute_startup_message
                0x08005bc0       0x22 grbl\report.o
                0x08005bc0                report_execute_startup_message
 *fill*         0x08005be2        0x2 
 .text.report_build_info
                0x08005be4       0x54 grbl\report.o
                0x08005be4                report_build_info
 .text.report_realtime_status
                0x08005c38      0x2cc grbl\report.o
                0x08005c38                report_realtime_status
 .text.serial_get_rx_buffer_available
                0x08005f04       0x24 grbl\serial.o
                0x08005f04                serial_get_rx_buffer_available
 .text.serial_init
                0x08005f28        0x2 grbl\serial.o
                0x08005f28                serial_init
 .text.serial_write
                0x08005f2a        0x4 grbl\serial.o
                0x08005f2a                serial_write
 *fill*         0x08005f2e        0x2 
 .text.serial_read
                0x08005f30       0x30 grbl\serial.o
                0x08005f30                serial_read
 .text.HandleUartIT
                0x08005f60       0xe0 grbl\serial.o
                0x08005f60                HandleUartIT
 .text.serial_reset_read_buffer
                0x08006040       0x14 grbl\serial.o
                0x08006040                serial_reset_read_buffer
 .text.settings_store_startup_line
                0x08006054       0x20 grbl\settings.o
                0x08006054                settings_store_startup_line
 .text.settings_store_build_info
                0x08006074        0xc grbl\settings.o
                0x08006074                settings_store_build_info
 .text.settings_write_coord_data
                0x08006080       0x20 grbl\settings.o
                0x08006080                settings_write_coord_data
 .text.write_global_settings
                0x080060a0       0x1c grbl\settings.o
                0x080060a0                write_global_settings
 .text.settings_restore
                0x080060bc      0x104 grbl\settings.o
                0x080060bc                settings_restore
 .text.settings_read_startup_line
                0x080061c0       0x2c grbl\settings.o
                0x080061c0                settings_read_startup_line
 .text.settings_read_build_info
                0x080061ec       0x22 grbl\settings.o
                0x080061ec                settings_read_build_info
 .text.settings_read_coord_data
                0x0800620e       0x32 grbl\settings.o
                0x0800620e                settings_read_coord_data
 .text.read_global_settings
                0x08006240       0x28 grbl\settings.o
                0x08006240                read_global_settings
 .text.settings_store_global_setting
                0x08006268      0x21c grbl\settings.o
                0x08006268                settings_store_global_setting
 .text.acceleration_scaling
                0x08006484       0x74 grbl\settings.o
                0x08006484                acceleration_scaling
 .text.settings_init
                0x080064f8       0x3c grbl\settings.o
                0x080064f8                settings_init
 .text.spindle_get_state
                0x08006534        0xc grbl\spindle_control.o
                0x08006534                spindle_get_state
 .text.spindle_stop
                0x08006540       0x10 grbl\spindle_control.o
                0x08006540                spindle_stop
 .text.spindle_init
                0x08006550       0x4c grbl\spindle_control.o
                0x08006550                spindle_init
 .text.spindle_set_speed
                0x0800659c       0x1c grbl\spindle_control.o
                0x0800659c                spindle_set_speed
 .text.spindle_compute_pwm_value
                0x080065b8       0xbc grbl\spindle_control.o
                0x080065b8                spindle_compute_pwm_value
 .text.spindle_set_state
                0x08006674       0x58 grbl\spindle_control.o
                0x08006674                spindle_set_state
 .text.spindle_sync
                0x080066cc       0x24 grbl\spindle_control.o
                0x080066cc                spindle_sync
 .text.st_wake_up
                0x080066f0       0x88 grbl\stepper.o
                0x080066f0                st_wake_up
 .text.st_go_idle
                0x08006778       0x7c grbl\stepper.o
                0x08006778                st_go_idle
 .text.HandleStepSetIT
                0x080067f4      0x1e4 grbl\stepper.o
                0x080067f4                HandleStepSetIT
 .text.HandleStepResetIT
                0x080069d8       0x20 grbl\stepper.o
                0x080069d8                HandleStepResetIT
 .text.st_generate_step_dir_invert_masks
                0x080069f8       0x78 grbl\stepper.o
                0x080069f8                st_generate_step_dir_invert_masks
 .text.st_reset
                0x08006a70       0x8c grbl\stepper.o
                0x08006a70                st_reset
 .text.stepper_init
                0x08006afc       0x44 grbl\stepper.o
                0x08006afc                stepper_init
 .text.st_update_plan_block_parameters
                0x08006b40       0x2c grbl\stepper.o
                0x08006b40                st_update_plan_block_parameters
 *fill*         0x08006b6c        0x4 
 .text.st_prep_buffer
                0x08006b70      0x754 grbl\stepper.o
                0x08006b70                st_prep_buffer
 .text.st_get_realtime_rate
                0x080072c4       0x1c grbl\stepper.o
                0x080072c4                st_get_realtime_rate
 .text.system_init
                0x080072e0        0x2 grbl\system.o
                0x080072e0                system_init
 *fill*         0x080072e2        0x2 
 .text.system_control_get_state
                0x080072e4       0x30 grbl\system.o
                0x080072e4                system_control_get_state
 .text.HandleControlIT
                0x08007314       0x5c grbl\system.o
                0x08007314                HandleControlIT
 .text.system_check_safety_door_ajar
                0x08007370        0xc grbl\system.o
                0x08007370                system_check_safety_door_ajar
 .text.system_execute_startup
                0x0800737c       0x32 grbl\system.o
                0x0800737c                system_execute_startup
 *fill*         0x080073ae        0x2 
 .text.system_flag_wco_change
                0x080073b0       0x14 grbl\system.o
                0x080073b0                system_flag_wco_change
 .text.system_convert_axis_steps_to_mpos
                0x080073c4       0x1c grbl\system.o
                0x080073c4                system_convert_axis_steps_to_mpos
 .text.system_convert_array_steps_to_mpos
                0x080073e0       0x1c grbl\system.o
                0x080073e0                system_convert_array_steps_to_mpos
 .text.system_check_travel_limits
                0x080073fc       0x3c grbl\system.o
                0x080073fc                system_check_travel_limits
 .text.system_set_exec_state_flag
                0x08007438       0x14 grbl\system.o
                0x08007438                system_set_exec_state_flag
 .text.system_execute_line
                0x0800744c      0x2f0 grbl\system.o
                0x0800744c                system_execute_line
 .text.system_clear_exec_state_flag
                0x0800773c       0x14 grbl\system.o
                0x0800773c                system_clear_exec_state_flag
 .text.system_set_exec_alarm
                0x08007750       0x14 grbl\system.o
                0x08007750                system_set_exec_alarm
 .text.system_clear_exec_alarm
                0x08007764       0x10 grbl\system.o
                0x08007764                system_clear_exec_alarm
 .text.system_set_exec_motion_override_flag
                0x08007774       0x14 grbl\system.o
                0x08007774                system_set_exec_motion_override_flag
 .text.system_set_exec_accessory_override_flag
                0x08007788       0x14 grbl\system.o
                0x08007788                system_set_exec_accessory_override_flag
 .text.system_clear_exec_motion_overrides
                0x0800779c       0x10 grbl\system.o
                0x0800779c                system_clear_exec_motion_overrides
 .text.system_clear_exec_accessory_overrides
                0x080077ac       0x10 grbl\system.o
                0x080077ac                system_clear_exec_accessory_overrides
 .text.Reset_Handler
                0x080077bc       0x48 startup\startup_stm32f103xb.o
                0x080077bc                Reset_Handler
 .text.Default_Handler
                0x08007804        0x2 startup\startup_stm32f103xb.o
                0x08007804                RTC_Alarm_IRQHandler
                0x08007804                EXTI2_IRQHandler
                0x08007804                TIM1_CC_IRQHandler
                0x08007804                PVD_IRQHandler
                0x08007804                I2C2_EV_IRQHandler
                0x08007804                ADC1_2_IRQHandler
                0x08007804                SPI1_IRQHandler
                0x08007804                TAMPER_IRQHandler
                0x08007804                DMA1_Channel4_IRQHandler
                0x08007804                USART3_IRQHandler
                0x08007804                RTC_IRQHandler
                0x08007804                DMA1_Channel7_IRQHandler
                0x08007804                CAN1_RX1_IRQHandler
                0x08007804                TIM4_IRQHandler
                0x08007804                I2C1_EV_IRQHandler
                0x08007804                DMA1_Channel6_IRQHandler
                0x08007804                RCC_IRQHandler
                0x08007804                TIM1_TRG_COM_IRQHandler
                0x08007804                DMA1_Channel1_IRQHandler
                0x08007804                Default_Handler
                0x08007804                EXTI9_5_IRQHandler
                0x08007804                SPI2_IRQHandler
                0x08007804                DMA1_Channel5_IRQHandler
                0x08007804                USB_LP_CAN1_RX0_IRQHandler
                0x08007804                USB_HP_CAN1_TX_IRQHandler
                0x08007804                DMA1_Channel3_IRQHandler
                0x08007804                TIM1_UP_IRQHandler
                0x08007804                WWDG_IRQHandler
                0x08007804                TIM1_BRK_IRQHandler
                0x08007804                USART2_IRQHandler
                0x08007804                I2C2_ER_IRQHandler
                0x08007804                DMA1_Channel2_IRQHandler
                0x08007804                CAN1_SCE_IRQHandler
                0x08007804                FLASH_IRQHandler
                0x08007804                I2C1_ER_IRQHandler
                0x08007804                USBWakeUp_IRQHandler
 *fill*         0x08007806        0x2 
 .text.outputs_digital_reset
                0x08007808       0x30 stm32\inoutputs.o
                0x08007808                outputs_digital_reset
 .text.inoutputs_init
                0x08007838        0x4 stm32\inoutputs.o
                0x08007838                inoutputs_init
 .text.outputs_digital_set
                0x0800783c       0x30 stm32\inoutputs.o
                0x0800783c                outputs_digital_set
 .text.outputs_set_digital
                0x0800786c       0x28 stm32\inoutputs.o
                0x0800786c                outputs_set_digital
 .text.outputs_digital_action
                0x08007894       0x44 stm32\inoutputs.o
                0x08007894                outputs_digital_action
 .text.outputs_analog_init
                0x080078d8        0x2 stm32\inoutputs.o
                0x080078d8                outputs_analog_init
 .text.outputs_analog_action
                0x080078da        0x2 stm32\inoutputs.o
                0x080078da                outputs_analog_action
 .text.wait_on_input_action
                0x080078dc        0x2 stm32\inoutputs.o
                0x080078dc                wait_on_input_action
 *fill*         0x080078de        0x2 
 .text.timing_init
                0x080078e0       0x34 stm32\stm32utilities.o
                0x080078e0                timing_init
 .text.uart_sendch
                0x08007914       0x10 stm32\stm32utilities.o
                0x08007914                uart_sendch
 .text.uart_sendstr
                0x08007924       0x12 stm32\stm32utilities.o
                0x08007924                uart_sendstr
 *fill*         0x08007936        0x2 
 .text.uart_init
                0x08007938       0x40 stm32\stm32utilities.o
                0x08007938                uart_init
 .text.GPIO_ResetBits
                0x08007978        0x6 stm32\stm32utilities.o
                0x08007978                GPIO_ResetBits
 .text.GPIO_SetBits
                0x0800797e        0x6 stm32\stm32utilities.o
                0x0800797e                GPIO_SetBits
 .text.__errno  0x08007984        0xc c:/program files (x86)/atollic/truestudio for stm32 9.3.0/armtools/bin/../lib/gcc/arm-atollic-eabi/6.3.1/../../../../arm-atollic-eabi/lib/armv7-m\libc_nano.a(lib_a-errno.o)
                0x08007984                __errno
 .text.__libc_init_array
                0x08007990       0x48 c:/program files (x86)/atollic/truestudio for stm32 9.3.0/armtools/bin/../lib/gcc/arm-atollic-eabi/6.3.1/../../../../arm-atollic-eabi/lib/armv7-m\libc_nano.a(lib_a-init.o)
                0x08007990                __libc_init_array
 .text.memcmp   0x080079d8       0x1e c:/program files (x86)/atollic/truestudio for stm32 9.3.0/armtools/bin/../lib/gcc/arm-atollic-eabi/6.3.1/../../../../arm-atollic-eabi/lib/armv7-m\libc_nano.a(lib_a-memcmp.o)
                0x080079d8                memcmp
 .text.memset   0x080079f6       0x10 c:/program files (x86)/atollic/truestudio for stm32 9.3.0/armtools/bin/../lib/gcc/arm-atollic-eabi/6.3.1/../../../../arm-atollic-eabi/lib/armv7-m\libc_nano.a(lib_a-memset.o)
                0x080079f6                memset
 *fill*         0x08007a06        0x2 
 .text.sprintf  0x08007a08       0x48 c:/program files (x86)/atollic/truestudio for stm32 9.3.0/armtools/bin/../lib/gcc/arm-atollic-eabi/6.3.1/../../../../arm-atollic-eabi/lib/armv7-m\libc_nano.a(lib_a-sprintf.o)
                0x08007a08                siprintf
                0x08007a08                sprintf
 .text.__ssputs_r
                0x08007a50       0xb6 c:/program files (x86)/atollic/truestudio for stm32 9.3.0/armtools/bin/../lib/gcc/arm-atollic-eabi/6.3.1/../../../../arm-atollic-eabi/lib/armv7-m\libc_nano.a(lib_a-nano-svfprintf.o)
                0x08007a50                __ssputs_r
 *fill*         0x08007b06        0x2 
 .text._svfprintf_r
                0x08007b08      0x1e8 c:/program files (x86)/atollic/truestudio for stm32 9.3.0/armtools/bin/../lib/gcc/arm-atollic-eabi/6.3.1/../../../../arm-atollic-eabi/lib/armv7-m\libc_nano.a(lib_a-nano-svfprintf.o)
                0x08007b08                _svfiprintf_r
                0x08007b08                _svfprintf_r
 .text._printf_common
                0x08007cf0       0xee c:/program files (x86)/atollic/truestudio for stm32 9.3.0/armtools/bin/../lib/gcc/arm-atollic-eabi/6.3.1/../../../../arm-atollic-eabi/lib/armv7-m\libc_nano.a(lib_a-nano-vfprintf_i.o)
                0x08007cf0                _printf_common
 *fill*         0x08007dde        0x2 
 .text._printf_i
                0x08007de0      0x240 c:/program files (x86)/atollic/truestudio for stm32 9.3.0/armtools/bin/../lib/gcc/arm-atollic-eabi/6.3.1/../../../../arm-atollic-eabi/lib/armv7-m\libc_nano.a(lib_a-nano-vfprintf_i.o)
                0x08007de0                _printf_i
 .text.memchr   0x08008020       0x1c c:/program files (x86)/atollic/truestudio for stm32 9.3.0/armtools/bin/../lib/gcc/arm-atollic-eabi/6.3.1/../../../../arm-atollic-eabi/lib/armv7-m\libc_nano.a(lib_a-memchr-stub.o)
                0x08008020                memchr
 .text.memcpy   0x0800803c       0x16 c:/program files (x86)/atollic/truestudio for stm32 9.3.0/armtools/bin/../lib/gcc/arm-atollic-eabi/6.3.1/../../../../arm-atollic-eabi/lib/armv7-m\libc_nano.a(lib_a-memcpy-stub.o)
                0x0800803c                memcpy
 .text.memmove  0x08008052       0x34 c:/program files (x86)/atollic/truestudio for stm32 9.3.0/armtools/bin/../lib/gcc/arm-atollic-eabi/6.3.1/../../../../arm-atollic-eabi/lib/armv7-m\libc_nano.a(lib_a-memmove.o)
                0x08008052                memmove
 *fill*         0x08008086        0x2 
 .text._free_r  0x08008088       0x98 c:/program files (x86)/atollic/truestudio for stm32 9.3.0/armtools/bin/../lib/gcc/arm-atollic-eabi/6.3.1/../../../../arm-atollic-eabi/lib/armv7-m\libc_nano.a(lib_a-nano-freer.o)
                0x08008088                _free_r
 .text._malloc_r
                0x08008120       0xbc c:/program files (x86)/atollic/truestudio for stm32 9.3.0/armtools/bin/../lib/gcc/arm-atollic-eabi/6.3.1/../../../../arm-atollic-eabi/lib/armv7-m\libc_nano.a(lib_a-nano-mallocr.o)
                0x08008120                _malloc_r
 .text._realloc_r
                0x080081dc       0x4c c:/program files (x86)/atollic/truestudio for stm32 9.3.0/armtools/bin/../lib/gcc/arm-atollic-eabi/6.3.1/../../../../arm-atollic-eabi/lib/armv7-m\libc_nano.a(lib_a-nano-reallocr.o)
                0x080081dc                _realloc_r
 .text._sbrk_r  0x08008228       0x20 c:/program files (x86)/atollic/truestudio for stm32 9.3.0/armtools/bin/../lib/gcc/arm-atollic-eabi/6.3.1/../../../../arm-atollic-eabi/lib/armv7-m\libc_nano.a(lib_a-sbrkr.o)
                0x08008228                _sbrk_r
 .text.__malloc_lock
                0x08008248        0x2 c:/program files (x86)/atollic/truestudio for stm32 9.3.0/armtools/bin/../lib/gcc/arm-atollic-eabi/6.3.1/../../../../arm-atollic-eabi/lib/armv7-m\libc_nano.a(lib_a-mlock.o)
                0x08008248                __malloc_lock
 .text.__malloc_unlock
                0x0800824a        0x2 c:/program files (x86)/atollic/truestudio for stm32 9.3.0/armtools/bin/../lib/gcc/arm-atollic-eabi/6.3.1/../../../../arm-atollic-eabi/lib/armv7-m\libc_nano.a(lib_a-mlock.o)
                0x0800824a                __malloc_unlock
 .text._malloc_usable_size_r
                0x0800824c       0x12 c:/program files (x86)/atollic/truestudio for stm32 9.3.0/armtools/bin/../lib/gcc/arm-atollic-eabi/6.3.1/../../../../arm-atollic-eabi/lib/armv7-m\libc_nano.a(lib_a-nano-msizer.o)
                0x0800824c                _malloc_usable_size_r
 *fill*         0x0800825e        0x2 
 .text.ceil     0x08008260      0x108 c:/program files (x86)/atollic/truestudio for stm32 9.3.0/armtools/bin/../lib/gcc/arm-atollic-eabi/6.3.1/../../../../arm-atollic-eabi/lib/armv7-m\libm.a(lib_a-s_ceil.o)
                0x08008260                ceil
 .text.floor    0x08008368      0x108 c:/program files (x86)/atollic/truestudio for stm32 9.3.0/armtools/bin/../lib/gcc/arm-atollic-eabi/6.3.1/../../../../arm-atollic-eabi/lib/armv7-m\libm.a(lib_a-s_floor.o)
                0x08008368                floor
 .text.lround   0x08008470       0x84 c:/program files (x86)/atollic/truestudio for stm32 9.3.0/armtools/bin/../lib/gcc/arm-atollic-eabi/6.3.1/../../../../arm-atollic-eabi/lib/armv7-m\libm.a(lib_a-s_lround.o)
                0x08008470                lround
 .text.round    0x080084f4       0x8c c:/program files (x86)/atollic/truestudio for stm32 9.3.0/armtools/bin/../lib/gcc/arm-atollic-eabi/6.3.1/../../../../arm-atollic-eabi/lib/armv7-m\libm.a(lib_a-s_round.o)
                0x080084f4                round
 .text.trunc    0x08008580       0x64 c:/program files (x86)/atollic/truestudio for stm32 9.3.0/armtools/bin/../lib/gcc/arm-atollic-eabi/6.3.1/../../../../arm-atollic-eabi/lib/armv7-m\libm.a(lib_a-s_trunc.o)
                0x08008580                trunc
 .text.ceilf    0x080085e4       0x80 c:/program files (x86)/atollic/truestudio for stm32 9.3.0/armtools/bin/../lib/gcc/arm-atollic-eabi/6.3.1/../../../../arm-atollic-eabi/lib/armv7-m\libm.a(lib_a-sf_ceil.o)
                0x080085e4                ceilf
 .text.cosf     0x08008664       0x68 c:/program files (x86)/atollic/truestudio for stm32 9.3.0/armtools/bin/../lib/gcc/arm-atollic-eabi/6.3.1/../../../../arm-atollic-eabi/lib/armv7-m\libm.a(lib_a-sf_cos.o)
                0x08008664                cosf
 .text.sinf     0x080086cc       0x6c c:/program files (x86)/atollic/truestudio for stm32 9.3.0/armtools/bin/../lib/gcc/arm-atollic-eabi/6.3.1/../../../../arm-atollic-eabi/lib/armv7-m\libm.a(lib_a-sf_sin.o)
                0x080086cc                sinf
 .text.sqrt     0x08008738       0xa8 c:/program files (x86)/atollic/truestudio for stm32 9.3.0/armtools/bin/../lib/gcc/arm-atollic-eabi/6.3.1/../../../../arm-atollic-eabi/lib/armv7-m\libm.a(lib_a-w_sqrt.o)
                0x08008738                sqrt
 .text.atan2f   0x080087e0        0x4 c:/program files (x86)/atollic/truestudio for stm32 9.3.0/armtools/bin/../lib/gcc/arm-atollic-eabi/6.3.1/../../../../arm-atollic-eabi/lib/armv7-m\libm.a(lib_a-wf_atan2.o)
                0x080087e0                atan2f
 .text.sqrtf    0x080087e4       0x94 c:/program files (x86)/atollic/truestudio for stm32 9.3.0/armtools/bin/../lib/gcc/arm-atollic-eabi/6.3.1/../../../../arm-atollic-eabi/lib/armv7-m\libm.a(lib_a-wf_sqrt.o)
                0x080087e4                sqrtf
 .text.__ieee754_sqrt
                0x08008878      0x158 c:/program files (x86)/atollic/truestudio for stm32 9.3.0/armtools/bin/../lib/gcc/arm-atollic-eabi/6.3.1/../../../../arm-atollic-eabi/lib/armv7-m\libm.a(lib_a-e_sqrt.o)
                0x08008878                __ieee754_sqrt
 .text.__ieee754_atan2f
                0x080089d0      0x120 c:/program files (x86)/atollic/truestudio for stm32 9.3.0/armtools/bin/../lib/gcc/arm-atollic-eabi/6.3.1/../../../../arm-atollic-eabi/lib/armv7-m\libm.a(lib_a-ef_atan2.o)
                0x080089d0                __ieee754_atan2f
 .text.__ieee754_rem_pio2f
                0x08008af0      0x2b0 c:/program files (x86)/atollic/truestudio for stm32 9.3.0/armtools/bin/../lib/gcc/arm-atollic-eabi/6.3.1/../../../../arm-atollic-eabi/lib/armv7-m\libm.a(lib_a-ef_rem_pio2.o)
                0x08008af0                __ieee754_rem_pio2f
 .text.__ieee754_sqrtf
                0x08008da0       0xa4 c:/program files (x86)/atollic/truestudio for stm32 9.3.0/armtools/bin/../lib/gcc/arm-atollic-eabi/6.3.1/../../../../arm-atollic-eabi/lib/armv7-m\libm.a(lib_a-ef_sqrt.o)
                0x08008da0                __ieee754_sqrtf
 .text.__kernel_cosf
                0x08008e44      0x128 c:/program files (x86)/atollic/truestudio for stm32 9.3.0/armtools/bin/../lib/gcc/arm-atollic-eabi/6.3.1/../../../../arm-atollic-eabi/lib/armv7-m\libm.a(lib_a-kf_cos.o)
                0x08008e44                __kernel_cosf
 .text.__kernel_rem_pio2f
                0x08008f6c      0x51c c:/program files (x86)/atollic/truestudio for stm32 9.3.0/armtools/bin/../lib/gcc/arm-atollic-eabi/6.3.1/../../../../arm-atollic-eabi/lib/armv7-m\libm.a(lib_a-kf_rem_pio2.o)
                0x08008f6c                __kernel_rem_pio2f
 .text.__kernel_sinf
                0x08009488       0xec c:/program files (x86)/atollic/truestudio for stm32 9.3.0/armtools/bin/../lib/gcc/arm-atollic-eabi/6.3.1/../../../../arm-atollic-eabi/lib/armv7-m\libm.a(lib_a-kf_sin.o)
                0x08009488                __kernel_sinf
 .text.matherr  0x08009574        0x4 c:/program files (x86)/atollic/truestudio for stm32 9.3.0/armtools/bin/../lib/gcc/arm-atollic-eabi/6.3.1/../../../../arm-atollic-eabi/lib/armv7-m\libm.a(lib_a-s_matherr.o)
                0x08009574                matherr
 .text.atanf    0x08009578      0x220 c:/program files (x86)/atollic/truestudio for stm32 9.3.0/armtools/bin/../lib/gcc/arm-atollic-eabi/6.3.1/../../../../arm-atollic-eabi/lib/armv7-m\libm.a(lib_a-sf_atan.o)
                0x08009578                atanf
 .text.fabsf    0x08009798        0x6 c:/program files (x86)/atollic/truestudio for stm32 9.3.0/armtools/bin/../lib/gcc/arm-atollic-eabi/6.3.1/../../../../arm-atollic-eabi/lib/armv7-m\libm.a(lib_a-sf_fabs.o)
                0x08009798                fabsf
 *fill*         0x0800979e        0x2 
 .text.floorf   0x080097a0       0x80 c:/program files (x86)/atollic/truestudio for stm32 9.3.0/armtools/bin/../lib/gcc/arm-atollic-eabi/6.3.1/../../../../arm-atollic-eabi/lib/armv7-m\libm.a(lib_a-sf_floor.o)
                0x080097a0                floorf
 .text.scalbnf  0x08009820       0x98 c:/program files (x86)/atollic/truestudio for stm32 9.3.0/armtools/bin/../lib/gcc/arm-atollic-eabi/6.3.1/../../../../arm-atollic-eabi/lib/armv7-m\libm.a(lib_a-sf_scalbn.o)
                0x08009820                scalbnf
 .text.copysignf
                0x080098b8        0xc c:/program files (x86)/atollic/truestudio for stm32 9.3.0/armtools/bin/../lib/gcc/arm-atollic-eabi/6.3.1/../../../../arm-atollic-eabi/lib/armv7-m\libm.a(lib_a-sf_copysign.o)
                0x080098b8                copysignf
 *(.glue_7)
 .glue_7        0x080098c4        0x0 linker stubs
 *(.glue_7t)
 .glue_7t       0x080098c4        0x0 linker stubs
 *(.eh_frame)
 .eh_frame      0x080098c4        0x0 c:/program files (x86)/atollic/truestudio for stm32 9.3.0/armtools/bin/../lib/gcc/arm-atollic-eabi/6.3.1/armv7-m/crtbegin.o
 *(.init)
 .init          0x080098c4        0x4 c:/program files (x86)/atollic/truestudio for stm32 9.3.0/armtools/bin/../lib/gcc/arm-atollic-eabi/6.3.1/armv7-m/crti.o
                0x080098c4                _init
 .init          0x080098c8        0x8 c:/program files (x86)/atollic/truestudio for stm32 9.3.0/armtools/bin/../lib/gcc/arm-atollic-eabi/6.3.1/armv7-m/crtn.o
 *(.fini)
 .fini          0x080098d0        0x4 c:/program files (x86)/atollic/truestudio for stm32 9.3.0/armtools/bin/../lib/gcc/arm-atollic-eabi/6.3.1/armv7-m/crti.o
                0x080098d0                _fini
 .fini          0x080098d4        0x8 c:/program files (x86)/atollic/truestudio for stm32 9.3.0/armtools/bin/../lib/gcc/arm-atollic-eabi/6.3.1/armv7-m/crtn.o
                0x080098dc                . = ALIGN (0x4)
                0x080098dc                _etext = .

.vfp11_veneer   0x080098dc        0x0
 .vfp11_veneer  0x080098dc        0x0 linker stubs

.v4_bx          0x080098dc        0x0
 .v4_bx         0x080098dc        0x0 linker stubs

.iplt           0x080098dc        0x0
 .iplt          0x080098dc        0x0 c:/program files (x86)/atollic/truestudio for stm32 9.3.0/armtools/bin/../lib/gcc/arm-atollic-eabi/6.3.1/armv7-m/crtbegin.o

.rodata         0x080098dc      0x650
                0x080098dc                . = ALIGN (0x4)
 *(.rodata)
 .rodata        0x080098dc       0x10 Drivers\STM32F1xx_HAL_Driver\Src\stm32f1xx_hal_rcc.o
 *(.rodata*)
 .rodata.AHBPrescTable
                0x080098ec       0x10 Src\system_stm32f1xx.o
                0x080098ec                AHBPrescTable
 .rodata.APBPrescTable
                0x080098fc        0x8 Src\system_stm32f1xx.o
                0x080098fc                APBPrescTable
 .rodata.report_alarm_message.str1.1
                0x08009904        0x7 grbl\report.o
 .rodata.report_build_info.str1.1
                0x0800990b       0x1f grbl\report.o
 .rodata.report_feedback_message.str1.1
                0x0800992a       0x9d grbl\report.o
 .rodata.report_gcode_modes.str1.1
                0x080099c7       0x19 grbl\report.o
 .rodata.report_grbl_help.str1.1
                0x080099e0       0x4a grbl\report.o
 .rodata.report_init_message.str1.1
                0x08009a2a       0x22 grbl\report.o
 .rodata.report_ngc_parameters.str1.1
                0x08009a4c       0x15 grbl\report.o
 .rodata.report_probe_parameters.str1.1
                0x08009a61        0x6 grbl\report.o
 .rodata.report_realtime_status.str1.1
                0x08009a67       0x5c grbl\report.o
 .rodata.report_startup_line.str1.1
                0x08009ac3        0x3 grbl\report.o
 .rodata.report_status_message.str1.1
                0x08009ac6        0xc grbl\report.o
 .rodata.report_util_line_feed.str1.1
                0x08009ad2        0xc grbl\report.o
                                  0x3 (size before relaxing)
 .rodata.outputs_pin_mask
                0x08009ad2        0x8 stm32\inoutputs.o
                0x08009ad2                outputs_pin_mask
 .rodata.direction_pin_mask
                0x08009ada        0x6 stm32\stm32utilities.o
                0x08009ada                direction_pin_mask
 .rodata.limit_pin_mask
                0x08009ae0        0x6 stm32\stm32utilities.o
                0x08009ae0                limit_pin_mask
 .rodata.step_pin_mask
                0x08009ae6        0x6 stm32\stm32utilities.o
                0x08009ae6                step_pin_mask
 .rodata.uart_init.str1.1
                0x08009aec        0xf stm32\stm32utilities.o
 .rodata._svfprintf_r.str1.1
                0x08009afb       0x11 c:/program files (x86)/atollic/truestudio for stm32 9.3.0/armtools/bin/../lib/gcc/arm-atollic-eabi/6.3.1/../../../../arm-atollic-eabi/lib/armv7-m\libc_nano.a(lib_a-nano-svfprintf.o)
 .rodata._printf_i.str1.1
                0x08009b0c       0x22 c:/program files (x86)/atollic/truestudio for stm32 9.3.0/armtools/bin/../lib/gcc/arm-atollic-eabi/6.3.1/../../../../arm-atollic-eabi/lib/armv7-m\libc_nano.a(lib_a-nano-vfprintf_i.o)
 .rodata.sqrt.str1.1
                0x08009b2e        0x5 c:/program files (x86)/atollic/truestudio for stm32 9.3.0/armtools/bin/../lib/gcc/arm-atollic-eabi/6.3.1/../../../../arm-atollic-eabi/lib/armv7-m\libm.a(lib_a-w_sqrt.o)
 .rodata.sqrtf.str1.1
                0x08009b33        0x6 c:/program files (x86)/atollic/truestudio for stm32 9.3.0/armtools/bin/../lib/gcc/arm-atollic-eabi/6.3.1/../../../../arm-atollic-eabi/lib/armv7-m\libm.a(lib_a-wf_sqrt.o)
 *fill*         0x08009b39        0x3 
 .rodata.npio2_hw
                0x08009b3c       0x80 c:/program files (x86)/atollic/truestudio for stm32 9.3.0/armtools/bin/../lib/gcc/arm-atollic-eabi/6.3.1/../../../../arm-atollic-eabi/lib/armv7-m\libm.a(lib_a-ef_rem_pio2.o)
 .rodata.two_over_pi
                0x08009bbc      0x318 c:/program files (x86)/atollic/truestudio for stm32 9.3.0/armtools/bin/../lib/gcc/arm-atollic-eabi/6.3.1/../../../../arm-atollic-eabi/lib/armv7-m\libm.a(lib_a-ef_rem_pio2.o)
 .rodata.PIo2   0x08009ed4       0x2c c:/program files (x86)/atollic/truestudio for stm32 9.3.0/armtools/bin/../lib/gcc/arm-atollic-eabi/6.3.1/../../../../arm-atollic-eabi/lib/armv7-m\libm.a(lib_a-kf_rem_pio2.o)
 .rodata.init_jk
                0x08009f00        0xc c:/program files (x86)/atollic/truestudio for stm32 9.3.0/armtools/bin/../lib/gcc/arm-atollic-eabi/6.3.1/../../../../arm-atollic-eabi/lib/armv7-m\libm.a(lib_a-kf_rem_pio2.o)
 .rodata.atanhi
                0x08009f0c       0x10 c:/program files (x86)/atollic/truestudio for stm32 9.3.0/armtools/bin/../lib/gcc/arm-atollic-eabi/6.3.1/../../../../arm-atollic-eabi/lib/armv7-m\libm.a(lib_a-sf_atan.o)
 .rodata.atanlo
                0x08009f1c       0x10 c:/program files (x86)/atollic/truestudio for stm32 9.3.0/armtools/bin/../lib/gcc/arm-atollic-eabi/6.3.1/../../../../arm-atollic-eabi/lib/armv7-m\libm.a(lib_a-sf_atan.o)
                0x08009f2c                . = ALIGN (0x4)

.rel.dyn        0x08009f2c        0x0
 .rel.iplt      0x08009f2c        0x0 c:/program files (x86)/atollic/truestudio for stm32 9.3.0/armtools/bin/../lib/gcc/arm-atollic-eabi/6.3.1/armv7-m/crtbegin.o

.ARM.extab
 *(.ARM.extab* .gnu.linkonce.armextab.*)

.ARM            0x08009f2c        0x0
                0x08009f2c                __exidx_start = .
 *(.ARM.exidx*)
                0x08009f2c                __exidx_end = .

.preinit_array  0x08009f2c        0x0
                0x08009f2c                PROVIDE (__preinit_array_start, .)
 *(.preinit_array*)
                0x08009f2c                PROVIDE (__preinit_array_end, .)

.init_array     0x08009f2c        0x4
                0x08009f2c                PROVIDE (__init_array_start, .)
 *(SORT(.init_array.*))
 *(.init_array*)
 .init_array    0x08009f2c        0x4 c:/program files (x86)/atollic/truestudio for stm32 9.3.0/armtools/bin/../lib/gcc/arm-atollic-eabi/6.3.1/armv7-m/crtbegin.o
                0x08009f30                PROVIDE (__init_array_end, .)

.fini_array     0x08009f30        0x4
                [!provide]                PROVIDE (__fini_array_start, .)
 *(SORT(.fini_array.*))
 *(.fini_array*)
 .fini_array    0x08009f30        0x4 c:/program files (x86)/atollic/truestudio for stm32 9.3.0/armtools/bin/../lib/gcc/arm-atollic-eabi/6.3.1/armv7-m/crtbegin.o
                [!provide]                PROVIDE (__fini_array_end, .)
                0x08009f34                _sidata = LOADADDR (.data)

.data           0x20000000       0x74 load address 0x08009f34
                0x20000000                . = ALIGN (0x4)
                0x20000000                _sdata = .
 *(.data)
 *(.data*)
 .data.uwTickFreq
                0x20000000        0x1 Drivers\STM32F1xx_HAL_Driver\Src\stm32f1xx_hal.o
                0x20000000                uwTickFreq
 *fill*         0x20000001        0x3 
 .data.uwTickPrio
                0x20000004        0x4 Drivers\STM32F1xx_HAL_Driver\Src\stm32f1xx_hal.o
                0x20000004                uwTickPrio
 .data.SystemCoreClock
                0x20000008        0x4 Src\system_stm32f1xx.o
                0x20000008                SystemCoreClock
 .data._impure_ptr
                0x2000000c        0x4 c:/program files (x86)/atollic/truestudio for stm32 9.3.0/armtools/bin/../lib/gcc/arm-atollic-eabi/6.3.1/../../../../arm-atollic-eabi/lib/armv7-m\libc_nano.a(lib_a-impure.o)
                0x2000000c                _impure_ptr
 .data.impure_data
                0x20000010       0x60 c:/program files (x86)/atollic/truestudio for stm32 9.3.0/armtools/bin/../lib/gcc/arm-atollic-eabi/6.3.1/../../../../arm-atollic-eabi/lib/armv7-m\libc_nano.a(lib_a-impure.o)
 .data.__fdlib_version
                0x20000070        0x1 c:/program files (x86)/atollic/truestudio for stm32 9.3.0/armtools/bin/../lib/gcc/arm-atollic-eabi/6.3.1/../../../../arm-atollic-eabi/lib/armv7-m\libm.a(lib_a-s_lib_ver.o)
                0x20000070                __fdlib_version
                0x20000074                . = ALIGN (0x4)
 *fill*         0x20000071        0x3 
                0x20000074                _edata = .

.igot.plt       0x20000074        0x0 load address 0x08009fa8
 .igot.plt      0x20000074        0x0 c:/program files (x86)/atollic/truestudio for stm32 9.3.0/armtools/bin/../lib/gcc/arm-atollic-eabi/6.3.1/armv7-m/crtbegin.o
                0x20000074                . = ALIGN (0x4)

.bss            0x20000078     0x34f0 load address 0x08009fa8
                0x20000078                _sbss = .
                0x20000078                __bss_start__ = _sbss
 *(.bss)
 .bss           0x20000078       0x1c c:/program files (x86)/atollic/truestudio for stm32 9.3.0/armtools/bin/../lib/gcc/arm-atollic-eabi/6.3.1/armv7-m/crtbegin.o
 *(.bss*)
 .bss.heap_end.5887
                0x20000094        0x4 Src\syscalls.o
 .bss.block_buffer
                0x20000098     0x28a0 grbl\planner.o
 .bss.block_buffer_head
                0x20002938        0x1 grbl\planner.o
 .bss.block_buffer_planned
                0x20002939        0x1 grbl\planner.o
 .bss.block_buffer_tail
                0x2000293a        0x1 grbl\planner.o
 .bss.next_buffer_head
                0x2000293b        0x1 grbl\planner.o
 .bss.pl        0x2000293c       0x1c grbl\planner.o
 .bss.line      0x20002958       0x50 grbl\protocol.o
 .bss.serial_rx_buffer_head
                0x200029a8        0x1 grbl\serial.o
                0x200029a8                serial_rx_buffer_head
 .bss.serial_rx_buffer_tail
                0x200029a9        0x1 grbl\serial.o
                0x200029a9                serial_rx_buffer_tail
 *fill*         0x200029aa        0x2 
 .bss.pwm_gradient
                0x200029ac        0x4 grbl\spindle_control.o
 .bss.busy      0x200029b0        0x1 grbl\stepper.o
 *fill*         0x200029b1        0x1 
 .bss.dir_port_invert_mask
                0x200029b2        0x2 grbl\stepper.o
 .bss.pl_block  0x200029b4        0x4 grbl\stepper.o
 .bss.prep      0x200029b8       0x38 grbl\stepper.o
 .bss.segment_buffer
                0x200029f0      0x100 grbl\stepper.o
 .bss.segment_buffer_head
                0x20002af0        0x1 grbl\stepper.o
 .bss.segment_buffer_tail
                0x20002af1        0x1 grbl\stepper.o
 .bss.segment_next_head
                0x20002af2        0x1 grbl\stepper.o
 *fill*         0x20002af3        0x1 
 .bss.st        0x20002af4       0x38 grbl\stepper.o
 .bss.st_block_buffer
                0x20002b2c      0x26c grbl\stepper.o
 .bss.st_prep_block
                0x20002d98        0x4 grbl\stepper.o
 .bss.step_port_invert_mask
                0x20002d9c        0x2 grbl\stepper.o
 *fill*         0x20002d9e        0x2 
 .bss.fTICKS_PER_MINUTE
                0x20002da0        0x4 stm32\stm32utilities.o
                0x20002da0                fTICKS_PER_MINUTE
 .bss.uTICKS_PER_MICROSECOND
                0x20002da4        0x4 stm32\stm32utilities.o
                0x20002da4                uTICKS_PER_MICROSECOND
 .bss.__malloc_free_list
                0x20002da8        0x4 c:/program files (x86)/atollic/truestudio for stm32 9.3.0/armtools/bin/../lib/gcc/arm-atollic-eabi/6.3.1/../../../../arm-atollic-eabi/lib/armv7-m\libc_nano.a(lib_a-nano-mallocr.o)
                0x20002da8                __malloc_free_list
 .bss.__malloc_sbrk_start
                0x20002dac        0x4 c:/program files (x86)/atollic/truestudio for stm32 9.3.0/armtools/bin/../lib/gcc/arm-atollic-eabi/6.3.1/../../../../arm-atollic-eabi/lib/armv7-m\libc_nano.a(lib_a-nano-mallocr.o)
                0x20002dac                __malloc_sbrk_start
 *(COMMON)
 COMMON         0x20002db0        0x4 Drivers\STM32F1xx_HAL_Driver\Src\stm32f1xx_hal.o
                0x20002db0                uwTick
 *fill*         0x20002db4        0x4 
 COMMON         0x20002db8       0x20 Drivers\STM32F1xx_HAL_Driver\Src\stm32f1xx_hal_flash.o
                0x20002db8                pFlash
 COMMON         0x20002dd8       0x54 Src\i2c.o
                0x20002dd8                hi2c1
 COMMON         0x20002e2c       0x35 Src\main.o
                0x20002e2c                sys_rt_exec_motion_override
                0x20002e30                sys
                0x20002e44                sys_rt_exec_accessory_override
                0x20002e45                sys_rt_exec_state
                0x20002e46                sys_probe_state
                0x20002e48                sys_probe_position
                0x20002e54                sys_position
                0x20002e60                sys_rt_exec_alarm
 COMMON         0x20002e61      0x400 grbl\eeprom.o
                0x20002e61                EE_Buffer
 *fill*         0x20003261        0x3 
 COMMON         0x20003264       0x94 grbl\gcode.o
                0x20003264                gc_state
                0x200032ac                gc_block
 COMMON         0x200032f8        0x2 grbl\probe.o
                0x200032f8                probe_invert_mask
 COMMON         0x200032fa      0x17e grbl\serial.o
                0x200032fa                serial_tx_buffer
                0x2000337a                serial_rx_buffer
 COMMON         0x20003478       0x78 grbl\settings.o
                0x20003478                settings
                0x200034d8                adjustments
 COMMON         0x200034f0       0x73 stm32\stm32utilities.o
                0x200034f0                pDbgStr
                0x20003540                pDbgVal8a
                0x20003549                pDbgVal16
                0x2000355a                pDbgVal8b
 *fill*         0x20003563        0x1 
 COMMON         0x20003564        0x4 c:/program files (x86)/atollic/truestudio for stm32 9.3.0/armtools/bin/../lib/gcc/arm-atollic-eabi/6.3.1/../../../../arm-atollic-eabi/lib/armv7-m\libc_nano.a(lib_a-reent.o)
                0x20003564                errno
                0x20003568                . = ALIGN (0x4)
                0x20003568                _ebss = .
                0x20003568                __bss_end__ = _ebss

._user_heap_stack
                0x20003568      0x600 load address 0x08009fa8
                0x20003568                . = ALIGN (0x4)
                0x20003568                PROVIDE (end, .)
                [!provide]                PROVIDE (_end, .)
                0x20003768                . = (. + _Min_Heap_Size)
 *fill*         0x20003568      0x200 
                0x20003b68                . = (. + _Min_Stack_Size)
 *fill*         0x20003768      0x400 
                0x20003b68                . = ALIGN (0x4)

/DISCARD/
 libc.a(*)
 libm.a(*)
 libgcc.a(*)

.ARM.attributes
                0x00000000       0x29
 *(.ARM.attributes)
 .ARM.attributes
                0x00000000       0x1d c:/program files (x86)/atollic/truestudio for stm32 9.3.0/armtools/bin/../lib/gcc/arm-atollic-eabi/6.3.1/armv7-m/crti.o
 .ARM.attributes
                0x0000001d       0x2d c:/program files (x86)/atollic/truestudio for stm32 9.3.0/armtools/bin/../lib/gcc/arm-atollic-eabi/6.3.1/armv7-m/crtbegin.o
 .ARM.attributes
                0x0000004a       0x33 Drivers\STM32F1xx_HAL_Driver\Src\stm32f1xx_hal.o
 .ARM.attributes
                0x0000007d       0x33 Drivers\STM32F1xx_HAL_Driver\Src\stm32f1xx_hal_cortex.o
 .ARM.attributes
                0x000000b0       0x33 Drivers\STM32F1xx_HAL_Driver\Src\stm32f1xx_hal_flash.o
 .ARM.attributes
                0x000000e3       0x33 Drivers\STM32F1xx_HAL_Driver\Src\stm32f1xx_hal_flash_ex.o
 .ARM.attributes
                0x00000116       0x33 Drivers\STM32F1xx_HAL_Driver\Src\stm32f1xx_hal_gpio.o
 .ARM.attributes
                0x00000149       0x33 Drivers\STM32F1xx_HAL_Driver\Src\stm32f1xx_hal_i2c.o
 .ARM.attributes
                0x0000017c       0x33 Drivers\STM32F1xx_HAL_Driver\Src\stm32f1xx_hal_rcc.o
 .ARM.attributes
                0x000001af       0x33 Drivers\STM32F1xx_HAL_Driver\Src\stm32f1xx_ll_gpio.o
 .ARM.attributes
                0x000001e2       0x33 Drivers\STM32F1xx_HAL_Driver\Src\stm32f1xx_ll_rcc.o
 .ARM.attributes
                0x00000215       0x33 Drivers\STM32F1xx_HAL_Driver\Src\stm32f1xx_ll_tim.o
 .ARM.attributes
                0x00000248       0x33 Drivers\STM32F1xx_HAL_Driver\Src\stm32f1xx_ll_usart.o
 .ARM.attributes
                0x0000027b       0x33 Src\gpio.o
 .ARM.attributes
                0x000002ae       0x33 Src\i2c.o
 .ARM.attributes
                0x000002e1       0x33 Src\main.o
 .ARM.attributes
                0x00000314       0x33 Src\stm32f1xx_hal_msp.o
 .ARM.attributes
                0x00000347       0x33 Src\stm32f1xx_it.o
 .ARM.attributes
                0x0000037a       0x33 Src\syscalls.o
 .ARM.attributes
                0x000003ad       0x33 Src\system_stm32f1xx.o
 .ARM.attributes
                0x000003e0       0x33 Src\tim.o
 .ARM.attributes
                0x00000413       0x33 Src\usart.o
 .ARM.attributes
                0x00000446       0x33 grbl\coolant_control.o
 .ARM.attributes
                0x00000479       0x33 grbl\eeprom.o
 .ARM.attributes
                0x000004ac       0x33 grbl\gcode.o
 .ARM.attributes
                0x000004df       0x33 grbl\jog.o
 .ARM.attributes
                0x00000512       0x33 grbl\limits.o
 .ARM.attributes
                0x00000545       0x33 grbl\motion_control.o
 .ARM.attributes
                0x00000578       0x33 grbl\nuts_bolts.o
 .ARM.attributes
                0x000005ab       0x33 grbl\planner.o
 .ARM.attributes
                0x000005de       0x33 grbl\print.o
 .ARM.attributes
                0x00000611       0x33 grbl\probe.o
 .ARM.attributes
                0x00000644       0x33 grbl\protocol.o
 .ARM.attributes
                0x00000677       0x33 grbl\report.o
 .ARM.attributes
                0x000006aa       0x33 grbl\serial.o
 .ARM.attributes
                0x000006dd       0x33 grbl\settings.o
 .ARM.attributes
                0x00000710       0x33 grbl\spindle_control.o
 .ARM.attributes
                0x00000743       0x33 grbl\stepper.o
 .ARM.attributes
                0x00000776       0x33 grbl\system.o
 .ARM.attributes
                0x000007a9       0x21 startup\startup_stm32f103xb.o
 .ARM.attributes
                0x000007ca       0x33 stm32\inoutputs.o
 .ARM.attributes
                0x000007fd       0x33 stm32\stm32utilities.o
 .ARM.attributes
                0x00000830       0x2d c:/program files (x86)/atollic/truestudio for stm32 9.3.0/armtools/bin/../lib/gcc/arm-atollic-eabi/6.3.1/../../../../arm-atollic-eabi/lib/armv7-m\libc_nano.a(lib_a-errno.o)
 .ARM.attributes
                0x0000085d       0x2d c:/program files (x86)/atollic/truestudio for stm32 9.3.0/armtools/bin/../lib/gcc/arm-atollic-eabi/6.3.1/../../../../arm-atollic-eabi/lib/armv7-m\libc_nano.a(lib_a-impure.o)
 .ARM.attributes
                0x0000088a       0x2d c:/program files (x86)/atollic/truestudio for stm32 9.3.0/armtools/bin/../lib/gcc/arm-atollic-eabi/6.3.1/../../../../arm-atollic-eabi/lib/armv7-m\libc_nano.a(lib_a-init.o)
 .ARM.attributes
                0x000008b7       0x2d c:/program files (x86)/atollic/truestudio for stm32 9.3.0/armtools/bin/../lib/gcc/arm-atollic-eabi/6.3.1/../../../../arm-atollic-eabi/lib/armv7-m\libc_nano.a(lib_a-memcmp.o)
 .ARM.attributes
                0x000008e4       0x2d c:/program files (x86)/atollic/truestudio for stm32 9.3.0/armtools/bin/../lib/gcc/arm-atollic-eabi/6.3.1/../../../../arm-atollic-eabi/lib/armv7-m\libc_nano.a(lib_a-memset.o)
 .ARM.attributes
                0x00000911       0x2d c:/program files (x86)/atollic/truestudio for stm32 9.3.0/armtools/bin/../lib/gcc/arm-atollic-eabi/6.3.1/../../../../arm-atollic-eabi/lib/armv7-m\libc_nano.a(lib_a-sprintf.o)
 .ARM.attributes
                0x0000093e       0x2d c:/program files (x86)/atollic/truestudio for stm32 9.3.0/armtools/bin/../lib/gcc/arm-atollic-eabi/6.3.1/../../../../arm-atollic-eabi/lib/armv7-m\libc_nano.a(lib_a-nano-svfprintf.o)
 .ARM.attributes
                0x0000096b       0x2d c:/program files (x86)/atollic/truestudio for stm32 9.3.0/armtools/bin/../lib/gcc/arm-atollic-eabi/6.3.1/../../../../arm-atollic-eabi/lib/armv7-m\libc_nano.a(lib_a-nano-vfprintf_i.o)
 .ARM.attributes
                0x00000998       0x2d c:/program files (x86)/atollic/truestudio for stm32 9.3.0/armtools/bin/../lib/gcc/arm-atollic-eabi/6.3.1/../../../../arm-atollic-eabi/lib/armv7-m\libc_nano.a(lib_a-memchr-stub.o)
 .ARM.attributes
                0x000009c5       0x2d c:/program files (x86)/atollic/truestudio for stm32 9.3.0/armtools/bin/../lib/gcc/arm-atollic-eabi/6.3.1/../../../../arm-atollic-eabi/lib/armv7-m\libc_nano.a(lib_a-memcpy-stub.o)
 .ARM.attributes
                0x000009f2       0x2d c:/program files (x86)/atollic/truestudio for stm32 9.3.0/armtools/bin/../lib/gcc/arm-atollic-eabi/6.3.1/../../../../arm-atollic-eabi/lib/armv7-m\libc_nano.a(lib_a-memmove.o)
 .ARM.attributes
                0x00000a1f       0x2d c:/program files (x86)/atollic/truestudio for stm32 9.3.0/armtools/bin/../lib/gcc/arm-atollic-eabi/6.3.1/../../../../arm-atollic-eabi/lib/armv7-m\libc_nano.a(lib_a-nano-freer.o)
 .ARM.attributes
                0x00000a4c       0x2d c:/program files (x86)/atollic/truestudio for stm32 9.3.0/armtools/bin/../lib/gcc/arm-atollic-eabi/6.3.1/../../../../arm-atollic-eabi/lib/armv7-m\libc_nano.a(lib_a-nano-mallocr.o)
 .ARM.attributes
                0x00000a79       0x2d c:/program files (x86)/atollic/truestudio for stm32 9.3.0/armtools/bin/../lib/gcc/arm-atollic-eabi/6.3.1/../../../../arm-atollic-eabi/lib/armv7-m\libc_nano.a(lib_a-nano-reallocr.o)
 .ARM.attributes
                0x00000aa6       0x2d c:/program files (x86)/atollic/truestudio for stm32 9.3.0/armtools/bin/../lib/gcc/arm-atollic-eabi/6.3.1/../../../../arm-atollic-eabi/lib/armv7-m\libc_nano.a(lib_a-sbrkr.o)
 .ARM.attributes
                0x00000ad3       0x2d c:/program files (x86)/atollic/truestudio for stm32 9.3.0/armtools/bin/../lib/gcc/arm-atollic-eabi/6.3.1/../../../../arm-atollic-eabi/lib/armv7-m\libc_nano.a(lib_a-mlock.o)
 .ARM.attributes
                0x00000b00       0x2d c:/program files (x86)/atollic/truestudio for stm32 9.3.0/armtools/bin/../lib/gcc/arm-atollic-eabi/6.3.1/../../../../arm-atollic-eabi/lib/armv7-m\libc_nano.a(lib_a-nano-msizer.o)
 .ARM.attributes
                0x00000b2d       0x2d c:/program files (x86)/atollic/truestudio for stm32 9.3.0/armtools/bin/../lib/gcc/arm-atollic-eabi/6.3.1/../../../../arm-atollic-eabi/lib/armv7-m\libc_nano.a(lib_a-reent.o)
 .ARM.attributes
                0x00000b5a       0x2d c:/program files (x86)/atollic/truestudio for stm32 9.3.0/armtools/bin/../lib/gcc/arm-atollic-eabi/6.3.1/../../../../arm-atollic-eabi/lib/armv7-m\libm.a(lib_a-s_ceil.o)
 .ARM.attributes
                0x00000b87       0x2d c:/program files (x86)/atollic/truestudio for stm32 9.3.0/armtools/bin/../lib/gcc/arm-atollic-eabi/6.3.1/../../../../arm-atollic-eabi/lib/armv7-m\libm.a(lib_a-s_floor.o)
 .ARM.attributes
                0x00000bb4       0x2d c:/program files (x86)/atollic/truestudio for stm32 9.3.0/armtools/bin/../lib/gcc/arm-atollic-eabi/6.3.1/../../../../arm-atollic-eabi/lib/armv7-m\libm.a(lib_a-s_lround.o)
 .ARM.attributes
                0x00000be1       0x2d c:/program files (x86)/atollic/truestudio for stm32 9.3.0/armtools/bin/../lib/gcc/arm-atollic-eabi/6.3.1/../../../../arm-atollic-eabi/lib/armv7-m\libm.a(lib_a-s_round.o)
 .ARM.attributes
                0x00000c0e       0x2d c:/program files (x86)/atollic/truestudio for stm32 9.3.0/armtools/bin/../lib/gcc/arm-atollic-eabi/6.3.1/../../../../arm-atollic-eabi/lib/armv7-m\libm.a(lib_a-s_trunc.o)
 .ARM.attributes
                0x00000c3b       0x2d c:/program files (x86)/atollic/truestudio for stm32 9.3.0/armtools/bin/../lib/gcc/arm-atollic-eabi/6.3.1/../../../../arm-atollic-eabi/lib/armv7-m\libm.a(lib_a-sf_ceil.o)
 .ARM.attributes
                0x00000c68       0x2d c:/program files (x86)/atollic/truestudio for stm32 9.3.0/armtools/bin/../lib/gcc/arm-atollic-eabi/6.3.1/../../../../arm-atollic-eabi/lib/armv7-m\libm.a(lib_a-sf_cos.o)
 .ARM.attributes
                0x00000c95       0x2d c:/program files (x86)/atollic/truestudio for stm32 9.3.0/armtools/bin/../lib/gcc/arm-atollic-eabi/6.3.1/../../../../arm-atollic-eabi/lib/armv7-m\libm.a(lib_a-sf_sin.o)
 .ARM.attributes
                0x00000cc2       0x2d c:/program files (x86)/atollic/truestudio for stm32 9.3.0/armtools/bin/../lib/gcc/arm-atollic-eabi/6.3.1/../../../../arm-atollic-eabi/lib/armv7-m\libm.a(lib_a-w_sqrt.o)
 .ARM.attributes
                0x00000cef       0x2d c:/program files (x86)/atollic/truestudio for stm32 9.3.0/armtools/bin/../lib/gcc/arm-atollic-eabi/6.3.1/../../../../arm-atollic-eabi/lib/armv7-m\libm.a(lib_a-wf_atan2.o)
 .ARM.attributes
                0x00000d1c       0x2d c:/program files (x86)/atollic/truestudio for stm32 9.3.0/armtools/bin/../lib/gcc/arm-atollic-eabi/6.3.1/../../../../arm-atollic-eabi/lib/armv7-m\libm.a(lib_a-wf_sqrt.o)
 .ARM.attributes
                0x00000d49       0x2d c:/program files (x86)/atollic/truestudio for stm32 9.3.0/armtools/bin/../lib/gcc/arm-atollic-eabi/6.3.1/../../../../arm-atollic-eabi/lib/armv7-m\libm.a(lib_a-e_sqrt.o)
 .ARM.attributes
                0x00000d76       0x2d c:/program files (x86)/atollic/truestudio for stm32 9.3.0/armtools/bin/../lib/gcc/arm-atollic-eabi/6.3.1/../../../../arm-atollic-eabi/lib/armv7-m\libm.a(lib_a-ef_atan2.o)
 .ARM.attributes
                0x00000da3       0x2d c:/program files (x86)/atollic/truestudio for stm32 9.3.0/armtools/bin/../lib/gcc/arm-atollic-eabi/6.3.1/../../../../arm-atollic-eabi/lib/armv7-m\libm.a(lib_a-ef_rem_pio2.o)
 .ARM.attributes
                0x00000dd0       0x2d c:/program files (x86)/atollic/truestudio for stm32 9.3.0/armtools/bin/../lib/gcc/arm-atollic-eabi/6.3.1/../../../../arm-atollic-eabi/lib/armv7-m\libm.a(lib_a-ef_sqrt.o)
 .ARM.attributes
                0x00000dfd       0x2d c:/program files (x86)/atollic/truestudio for stm32 9.3.0/armtools/bin/../lib/gcc/arm-atollic-eabi/6.3.1/../../../../arm-atollic-eabi/lib/armv7-m\libm.a(lib_a-kf_cos.o)
 .ARM.attributes
                0x00000e2a       0x2d c:/program files (x86)/atollic/truestudio for stm32 9.3.0/armtools/bin/../lib/gcc/arm-atollic-eabi/6.3.1/../../../../arm-atollic-eabi/lib/armv7-m\libm.a(lib_a-kf_rem_pio2.o)
 .ARM.attributes
                0x00000e57       0x2d c:/program files (x86)/atollic/truestudio for stm32 9.3.0/armtools/bin/../lib/gcc/arm-atollic-eabi/6.3.1/../../../../arm-atollic-eabi/lib/armv7-m\libm.a(lib_a-kf_sin.o)
 .ARM.attributes
                0x00000e84       0x2d c:/program files (x86)/atollic/truestudio for stm32 9.3.0/armtools/bin/../lib/gcc/arm-atollic-eabi/6.3.1/../../../../arm-atollic-eabi/lib/armv7-m\libm.a(lib_a-s_lib_ver.o)
 .ARM.attributes
                0x00000eb1       0x2d c:/program files (x86)/atollic/truestudio for stm32 9.3.0/armtools/bin/../lib/gcc/arm-atollic-eabi/6.3.1/../../../../arm-atollic-eabi/lib/armv7-m\libm.a(lib_a-s_matherr.o)
 .ARM.attributes
                0x00000ede       0x2d c:/program files (x86)/atollic/truestudio for stm32 9.3.0/armtools/bin/../lib/gcc/arm-atollic-eabi/6.3.1/../../../../arm-atollic-eabi/lib/armv7-m\libm.a(lib_a-sf_atan.o)
 .ARM.attributes
                0x00000f0b       0x2d c:/program files (x86)/atollic/truestudio for stm32 9.3.0/armtools/bin/../lib/gcc/arm-atollic-eabi/6.3.1/../../../../arm-atollic-eabi/lib/armv7-m\libm.a(lib_a-sf_fabs.o)
 .ARM.attributes
                0x00000f38       0x2d c:/program files (x86)/atollic/truestudio for stm32 9.3.0/armtools/bin/../lib/gcc/arm-atollic-eabi/6.3.1/../../../../arm-atollic-eabi/lib/armv7-m\libm.a(lib_a-sf_floor.o)
 .ARM.attributes
                0x00000f65       0x2d c:/program files (x86)/atollic/truestudio for stm32 9.3.0/armtools/bin/../lib/gcc/arm-atollic-eabi/6.3.1/../../../../arm-atollic-eabi/lib/armv7-m\libm.a(lib_a-sf_scalbn.o)
 .ARM.attributes
                0x00000f92       0x2d c:/program files (x86)/atollic/truestudio for stm32 9.3.0/armtools/bin/../lib/gcc/arm-atollic-eabi/6.3.1/../../../../arm-atollic-eabi/lib/armv7-m\libm.a(lib_a-sf_copysign.o)
 .ARM.attributes
                0x00000fbf       0x1d c:/program files (x86)/atollic/truestudio for stm32 9.3.0/armtools/bin/../lib/gcc/arm-atollic-eabi/6.3.1/armv7-m\libgcc.a(_lshrdi3.o)
 .ARM.attributes
                0x00000fdc       0x1d c:/program files (x86)/atollic/truestudio for stm32 9.3.0/armtools/bin/../lib/gcc/arm-atollic-eabi/6.3.1/armv7-m\libgcc.a(_arm_addsubdf3.o)
 .ARM.attributes
                0x00000ff9       0x1d c:/program files (x86)/atollic/truestudio for stm32 9.3.0/armtools/bin/../lib/gcc/arm-atollic-eabi/6.3.1/armv7-m\libgcc.a(_arm_muldivdf3.o)
 .ARM.attributes
                0x00001016       0x1d c:/program files (x86)/atollic/truestudio for stm32 9.3.0/armtools/bin/../lib/gcc/arm-atollic-eabi/6.3.1/armv7-m\libgcc.a(_arm_cmpdf2.o)
 .ARM.attributes
                0x00001033       0x1d c:/program files (x86)/atollic/truestudio for stm32 9.3.0/armtools/bin/../lib/gcc/arm-atollic-eabi/6.3.1/armv7-m\libgcc.a(_arm_unorddf2.o)
 .ARM.attributes
                0x00001050       0x1d c:/program files (x86)/atollic/truestudio for stm32 9.3.0/armtools/bin/../lib/gcc/arm-atollic-eabi/6.3.1/armv7-m\libgcc.a(_arm_fixdfsi.o)
 .ARM.attributes
                0x0000106d       0x1d c:/program files (x86)/atollic/truestudio for stm32 9.3.0/armtools/bin/../lib/gcc/arm-atollic-eabi/6.3.1/armv7-m\libgcc.a(_arm_fixunsdfsi.o)
 .ARM.attributes
                0x0000108a       0x1d c:/program files (x86)/atollic/truestudio for stm32 9.3.0/armtools/bin/../lib/gcc/arm-atollic-eabi/6.3.1/armv7-m\libgcc.a(_arm_truncdfsf2.o)
 .ARM.attributes
                0x000010a7       0x1d c:/program files (x86)/atollic/truestudio for stm32 9.3.0/armtools/bin/../lib/gcc/arm-atollic-eabi/6.3.1/armv7-m\libgcc.a(_arm_addsubsf3.o)
 .ARM.attributes
                0x000010c4       0x1d c:/program files (x86)/atollic/truestudio for stm32 9.3.0/armtools/bin/../lib/gcc/arm-atollic-eabi/6.3.1/armv7-m\libgcc.a(_arm_muldivsf3.o)
 .ARM.attributes
                0x000010e1       0x1d c:/program files (x86)/atollic/truestudio for stm32 9.3.0/armtools/bin/../lib/gcc/arm-atollic-eabi/6.3.1/armv7-m\libgcc.a(_arm_cmpsf2.o)
 .ARM.attributes
                0x000010fe       0x1d c:/program files (x86)/atollic/truestudio for stm32 9.3.0/armtools/bin/../lib/gcc/arm-atollic-eabi/6.3.1/armv7-m\libgcc.a(_arm_unordsf2.o)
 .ARM.attributes
                0x0000111b       0x1d c:/program files (x86)/atollic/truestudio for stm32 9.3.0/armtools/bin/../lib/gcc/arm-atollic-eabi/6.3.1/armv7-m\libgcc.a(_arm_fixsfsi.o)
 .ARM.attributes
                0x00001138       0x1d c:/program files (x86)/atollic/truestudio for stm32 9.3.0/armtools/bin/../lib/gcc/arm-atollic-eabi/6.3.1/armv7-m\libgcc.a(_arm_fixunssfsi.o)
 .ARM.attributes
                0x00001155       0x1d c:/program files (x86)/atollic/truestudio for stm32 9.3.0/armtools/bin/../lib/gcc/arm-atollic-eabi/6.3.1/armv7-m/crtn.o
OUTPUT(F13.elf elf32-littlearm)

.debug_info     0x00000000    0x31a85
 .debug_info    0x00000000      0xfc8 Drivers\STM32F1xx_HAL_Driver\Src\stm32f1xx_hal.o
 .debug_info    0x00000fc8     0x14a9 Drivers\STM32F1xx_HAL_Driver\Src\stm32f1xx_hal_cortex.o
 .debug_info    0x00002471      0xeeb Drivers\STM32F1xx_HAL_Driver\Src\stm32f1xx_hal_flash.o
 .debug_info    0x0000335c     0x13ac Drivers\STM32F1xx_HAL_Driver\Src\stm32f1xx_hal_flash_ex.o
 .debug_info    0x00004708      0xec2 Drivers\STM32F1xx_HAL_Driver\Src\stm32f1xx_hal_gpio.o
 .debug_info    0x000055ca     0x38ea Drivers\STM32F1xx_HAL_Driver\Src\stm32f1xx_hal_i2c.o
 .debug_info    0x00008eb4     0x123d Drivers\STM32F1xx_HAL_Driver\Src\stm32f1xx_hal_rcc.o
 .debug_info    0x0000a0f1     0x105a Drivers\STM32F1xx_HAL_Driver\Src\stm32f1xx_ll_gpio.o
 .debug_info    0x0000b14b      0xf0d Drivers\STM32F1xx_HAL_Driver\Src\stm32f1xx_ll_rcc.o
 .debug_info    0x0000c058     0x1927 Drivers\STM32F1xx_HAL_Driver\Src\stm32f1xx_ll_tim.o
 .debug_info    0x0000d97f      0xf98 Drivers\STM32F1xx_HAL_Driver\Src\stm32f1xx_ll_usart.o
 .debug_info    0x0000e917      0xf1f Src\gpio.o
 .debug_info    0x0000f836     0x125a Src\i2c.o
 .debug_info    0x00010a90     0x1dfc Src\main.o
 .debug_info    0x0001288c      0xbc7 Src\stm32f1xx_hal_msp.o
 .debug_info    0x00013453     0x17f0 Src\stm32f1xx_it.o
 .debug_info    0x00014c43      0xfe1 Src\syscalls.o
 .debug_info    0x00015c24      0xc4d Src\system_stm32f1xx.o
 .debug_info    0x00016871     0x19d9 Src\tim.o
 .debug_info    0x0001824a      0xee3 Src\usart.o
 .debug_info    0x0001912d     0x10c6 grbl\coolant_control.o
 .debug_info    0x0001a1f3     0x1213 grbl\eeprom.o
 .debug_info    0x0001b406     0x16ee grbl\gcode.o
 .debug_info    0x0001caf4     0x1042 grbl\jog.o
 .debug_info    0x0001db36     0x160f grbl\limits.o
 .debug_info    0x0001f145     0x173c grbl\motion_control.o
 .debug_info    0x00020881     0x11fd grbl\nuts_bolts.o
 .debug_info    0x00021a7e     0x1668 grbl\planner.o
 .debug_info    0x000230e6     0x1148 grbl\print.o
 .debug_info    0x0002422e      0xfeb grbl\probe.o
 .debug_info    0x00025219     0x15f5 grbl\protocol.o
 .debug_info    0x0002680e     0x1fdd grbl\report.o
 .debug_info    0x000287eb     0x10a3 grbl\serial.o
 .debug_info    0x0002988e     0x14df grbl\settings.o
 .debug_info    0x0002ad6d     0x13fd grbl\spindle_control.o
 .debug_info    0x0002c16a     0x1fd9 grbl\stepper.o
 .debug_info    0x0002e143     0x16c4 grbl\system.o
 .debug_info    0x0002f807       0x75 startup\startup_stm32f103xb.o
 .debug_info    0x0002f87c     0x12f2 stm32\inoutputs.o
 .debug_info    0x00030b6e      0xf17 stm32\stm32utilities.o

.debug_abbrev   0x00000000     0x77b6
 .debug_abbrev  0x00000000      0x315 Drivers\STM32F1xx_HAL_Driver\Src\stm32f1xx_hal.o
 .debug_abbrev  0x00000315      0x399 Drivers\STM32F1xx_HAL_Driver\Src\stm32f1xx_hal_cortex.o
 .debug_abbrev  0x000006ae      0x373 Drivers\STM32F1xx_HAL_Driver\Src\stm32f1xx_hal_flash.o
 .debug_abbrev  0x00000a21      0x35a Drivers\STM32F1xx_HAL_Driver\Src\stm32f1xx_hal_flash_ex.o
 .debug_abbrev  0x00000d7b      0x268 Drivers\STM32F1xx_HAL_Driver\Src\stm32f1xx_hal_gpio.o
 .debug_abbrev  0x00000fe3      0x3c1 Drivers\STM32F1xx_HAL_Driver\Src\stm32f1xx_hal_i2c.o
 .debug_abbrev  0x000013a4      0x367 Drivers\STM32F1xx_HAL_Driver\Src\stm32f1xx_hal_rcc.o
 .debug_abbrev  0x0000170b      0x2c1 Drivers\STM32F1xx_HAL_Driver\Src\stm32f1xx_ll_gpio.o
 .debug_abbrev  0x000019cc      0x30e Drivers\STM32F1xx_HAL_Driver\Src\stm32f1xx_ll_rcc.o
 .debug_abbrev  0x00001cda      0x314 Drivers\STM32F1xx_HAL_Driver\Src\stm32f1xx_ll_tim.o
 .debug_abbrev  0x00001fee      0x2e4 Drivers\STM32F1xx_HAL_Driver\Src\stm32f1xx_ll_usart.o
 .debug_abbrev  0x000022d2      0x222 Src\gpio.o
 .debug_abbrev  0x000024f4      0x26b Src\i2c.o
 .debug_abbrev  0x0000275f      0x35b Src\main.o
 .debug_abbrev  0x00002aba      0x1cb Src\stm32f1xx_hal_msp.o
 .debug_abbrev  0x00002c85      0x348 Src\stm32f1xx_it.o
 .debug_abbrev  0x00002fcd      0x2d9 Src\syscalls.o
 .debug_abbrev  0x000032a6      0x1eb Src\system_stm32f1xx.o
 .debug_abbrev  0x00003491      0x32a Src\tim.o
 .debug_abbrev  0x000037bb      0x28c Src\usart.o
 .debug_abbrev  0x00003a47      0x310 grbl\coolant_control.o
 .debug_abbrev  0x00003d57      0x326 grbl\eeprom.o
 .debug_abbrev  0x0000407d      0x2e0 grbl\gcode.o
 .debug_abbrev  0x0000435d      0x22a grbl\jog.o