report.c:33:13:report_util_line_feed	0	static
report.c:34:13:report_util_feedback_line_feed	8	static
report.c:38:13:report_util_axis_values	16	static
report.c:32:6:report_util_setting_prefix	8	static
report.c:93:13:report_util_uint8_setting	8	static
report.c:98:13:report_util_float_setting	16	static
report.c:111:6:report_status_message	8	static
report.c:124:6:report_alarm_message	8	static
report.c:137:6:report_feedback_message	8	static
report.c:169:6:report_init_message	0	static
report.c:175:6:report_grbl_help	0	static
report.c:182:6:report_grbl_settings	32	static
report.c:236:6:report_probe_parameters	32	static
report.c:250:6:report_ngc_parameters	48	static
report.c:280:6:report_gcode_modes	8	static
report.c:357:6:report_startup_line	16	static
report.c:366:6:report_execute_startup_message	16	static
report.c:375:6:report_build_info	8	static
report.c:454:6:report_echo_line_received	8	static
report.c:466:6:report_realtime_status	112	static
