settings.c:32:6:settings_store_startup_line	16	static
settings.c:44:6:settings_store_build_info	0	static
settings.c:52:6:settings_write_coord_data	16	static
settings.c:64:6:write_global_settings	8	static
settings.c:72:6:settings_restore	40	static
settings.c:178:9:settings_read_startup_line	16	static
settings.c:192:9:settings_read_build_info	16	static
settings.c:205:9:settings_read_coord_data	16	static
settings.c:234:9:read_global_settings	8	static
settings.c:250:9:settings_store_global_setting	16	static
settings.c:370:6:acceleration_scaling	24	static
settings.c:399:6:settings_init	8	static
