system.c:23:6:system_init	0	static
system.c:41:9:system_control_get_state	0	static
system.c:70:8:HandleControlIT	8	static
system.c:116:9:system_check_safety_door_ajar	8	static
system.c:127:6:system_execute_startup	16	static
system.c:312:6:system_flag_wco_change	8	static
system.c:324:7:system_convert_axis_steps_to_mpos	8	static
system.c:342:6:system_convert_array_steps_to_mpos	16	static
system.c:366:9:system_check_travel_limits	24	static
system.c:387:6:system_set_exec_state_flag	0	static
system.c:152:9:system_execute_line	32	static
system.c:401:6:system_clear_exec_state_flag	0	static
system.c:415:6:system_set_exec_alarm	0	static
system.c:429:6:system_clear_exec_alarm	0	static
system.c:443:6:system_set_exec_motion_override_flag	0	static
system.c:457:6:system_set_exec_accessory_override_flag	0	static
system.c:471:6:system_clear_exec_motion_overrides	0	static
system.c:485:6:system_clear_exec_accessory_overrides	0	static
