inoutputs.c:70:6:outputs_digital_reset	16	static
inoutputs.c:77:6:outputs_digital_set	16	static
inoutputs.c:85:9:outputs_get_digital_state	16	static
inoutputs.c:99:6:outputs_set_digital	0	static
inoutputs.c:110:6:outputs_digital_action	16	static
inoutputs.c:154:6:outputs_analog_init	8	static
inoutputs.c:170:6:outputs_set_analog	0	static
inoutputs.c:160:6:outputs_analog_set	16	static
inoutputs.c:59:6:inoutputs_init	8	static
inoutputs.c:203:10:outputs_compute_pwm_value	8	static
inoutputs.c:210:6:outputs_analog_action	16	static
inoutputs.c:228:6:inputs_digital_init	0	static
inoutputs.c:232:6:wait_on_input_action	32	static
