Archive member included to satisfy reference by file (symbol)

c:/program files (x86)/atollic/truestudio for stm32 9.3.0/armtools/bin/../lib/gcc/arm-atollic-eabi/6.3.1/../../../../arm-atollic-eabi/lib/armv7-m\libc_nano.a(lib_a-errno.o)
                              Src\syscalls.o (__errno)
c:/program files (x86)/atollic/truestudio for stm32 9.3.0/armtools/bin/../lib/gcc/arm-atollic-eabi/6.3.1/../../../../arm-atollic-eabi/lib/armv7-m\libc_nano.a(lib_a-impure.o)
                              c:/program files (x86)/atollic/truestudio for stm32 9.3.0/armtools/bin/../lib/gcc/arm-atollic-eabi/6.3.1/../../../../arm-atollic-eabi/lib/armv7-m\libc_nano.a(lib_a-errno.o) (_impure_ptr)
c:/program files (x86)/atollic/truestudio for stm32 9.3.0/armtools/bin/../lib/gcc/arm-atollic-eabi/6.3.1/../../../../arm-atollic-eabi/lib/armv7-m\libc_nano.a(lib_a-init.o)
                              startup\startup_stm32f103xb.o (__libc_init_array)
c:/program files (x86)/atollic/truestudio for stm32 9.3.0/armtools/bin/../lib/gcc/arm-atollic-eabi/6.3.1/../../../../arm-atollic-eabi/lib/armv7-m\libc_nano.a(lib_a-memcmp.o)
                              grbl\gcode.o (memcmp)
c:/program files (x86)/atollic/truestudio for stm32 9.3.0/armtools/bin/../lib/gcc/arm-atollic-eabi/6.3.1/../../../../arm-atollic-eabi/lib/armv7-m\libc_nano.a(lib_a-memset.o)
                              Drivers\STM32F1xx_HAL_Driver\Src\stm32f1xx_hal_rcc.o (memset)
c:/program files (x86)/atollic/truestudio for stm32 9.3.0/armtools/bin/../lib/gcc/arm-atollic-eabi/6.3.1/../../../../arm-atollic-eabi/lib/armv7-m\libc_nano.a(lib_a-sprintf.o)
                              stm32\stm32utilities.o (sprintf)
c:/program files (x86)/atollic/truestudio for stm32 9.3.0/armtools/bin/../lib/gcc/arm-atollic-eabi/6.3.1/../../../../arm-atollic-eabi/lib/armv7-m\libc_nano.a(lib_a-nano-svfprintf.o)
                              c:/program files (x86)/atollic/truestudio for stm32 9.3.0/armtools/bin/../lib/gcc/arm-atollic-eabi/6.3.1/../../../../arm-atollic-eabi/lib/armv7-m\libc_nano.a(lib_a-sprintf.o) (_svfprintf_r)
c:/program files (x86)/atollic/truestudio for stm32 9.3.0/armtools/bin/../lib/gcc/arm-atollic-eabi/6.3.1/../../../../arm-atollic-eabi/lib/armv7-m\libc_nano.a(lib_a-nano-vfprintf_i.o)
                              c:/program files (x86)/atollic/truestudio for stm32 9.3.0/armtools/bin/../lib/gcc/arm-atollic-eabi/6.3.1/../../../../arm-atollic-eabi/lib/armv7-m\libc_nano.a(lib_a-nano-svfprintf.o) (_printf_i)
c:/program files (x86)/atollic/truestudio for stm32 9.3.0/armtools/bin/../lib/gcc/arm-atollic-eabi/6.3.1/../../../../arm-atollic-eabi/lib/armv7-m\libc_nano.a(lib_a-memchr-stub.o)
                              c:/program files (x86)/atollic/truestudio for stm32 9.3.0/armtools/bin/../lib/gcc/arm-atollic-eabi/6.3.1/../../../../arm-atollic-eabi/lib/armv7-m\libc_nano.a(lib_a-nano-svfprintf.o) (memchr)
c:/program files (x86)/atollic/truestudio for stm32 9.3.0/armtools/bin/../lib/gcc/arm-atollic-eabi/6.3.1/../../../../arm-atollic-eabi/lib/armv7-m\libc_nano.a(lib_a-memcpy-stub.o)
                              c:/program files (x86)/atollic/truestudio for stm32 9.3.0/armtools/bin/../lib/gcc/arm-atollic-eabi/6.3.1/../../../../arm-atollic-eabi/lib/armv7-m\libc_nano.a(lib_a-nano-svfprintf.o) (memcpy)
c:/program files (x86)/atollic/truestudio for stm32 9.3.0/armtools/bin/../lib/gcc/arm-atollic-eabi/6.3.1/../../../../arm-atollic-eabi/lib/armv7-m\libc_nano.a(lib_a-memmove.o)
                              c:/program files (x86)/atollic/truestudio for stm32 9.3.0/armtools/bin/../lib/gcc/arm-atollic-eabi/6.3.1/../../../../arm-atollic-eabi/lib/armv7-m\libc_nano.a(lib_a-nano-svfprintf.o) (memmove)
c:/program files (x86)/atollic/truestudio for stm32 9.3.0/armtools/bin/../lib/gcc/arm-atollic-eabi/6.3.1/../../../../arm-atollic-eabi/lib/armv7-m\libc_nano.a(lib_a-nano-freer.o)
                              c:/program files (x86)/atollic/truestudio for stm32 9.3.0/armtools/bin/../lib/gcc/arm-atollic-eabi/6.3.1/../../../../arm-atollic-eabi/lib/armv7-m\libc_nano.a(lib_a-nano-svfprintf.o) (_free_r)
c:/program files (x86)/atollic/truestudio for stm32 9.3.0/armtools/bin/../lib/gcc/arm-atollic-eabi/6.3.1/../../../../arm-atollic-eabi/lib/armv7-m\libc_nano.a(lib_a-nano-mallocr.o)
                              c:/program files (x86)/atollic/truestudio for stm32 9.3.0/armtools/bin/../lib/gcc/arm-atollic-eabi/6.3.1/../../../../arm-atollic-eabi/lib/armv7-m\libc_nano.a(lib_a-nano-svfprintf.o) (_malloc_r)
c:/program files (x86)/atollic/truestudio for stm32 9.3.0/armtools/bin/../lib/gcc/arm-atollic-eabi/6.3.1/../../../../arm-atollic-eabi/lib/armv7-m\libc_nano.a(lib_a-nano-reallocr.o)
                              c:/program files (x86)/atollic/truestudio for stm32 9.3.0/armtools/bin/../lib/gcc/arm-atollic-eabi/6.3.1/../../../../arm-atollic-eabi/lib/armv7-m\libc_nano.a(lib_a-nano-svfprintf.o) (_realloc_r)
[...]
Memory Configuration

Name             Origin             Length             Attributes
RAM              0x20000000         0x00005000         xrw
FLASH            0x08000000         0x00010000         xr
*default*        0x00000000         0xffffffff

Linker script and memory map

LOAD c:/program files (x86)/atollic/truestudio for stm32 9.3.0/armtools/bin/../lib/gcc/arm-atollic-eabi/6.3.1/armv7-m/crti.o
LOAD c:/program files (x86)/atollic/truestudio for stm32 9.3.0/armtools/bin/../lib/gcc/arm-atollic-eabi/6.3.1/armv7-m/crtbegin.o
LOAD Drivers\STM32F1xx_HAL_Driver\Src\stm32f1xx_hal.o
LOAD Drivers\STM32F1xx_HAL_Driver\Src\stm32f1xx_hal_cortex.o
LOAD Drivers\STM32F1xx_HAL_Driver\Src\stm32f1xx_hal_dma.o
LOAD Drivers\STM32F1xx_HAL_Driver\Src\stm32f1xx_hal_flash.o
LOAD Drivers\STM32F1xx_HAL_Driver\Src\stm32f1xx_hal_flash_ex.o
LOAD Drivers\STM32F1xx_HAL_Driver\Src\stm32f1xx_hal_gpio.o
LOAD Drivers\STM32F1xx_HAL_Driver\Src\stm32f1xx_hal_gpio_ex.o
LOAD Drivers\STM32F1xx_HAL_Driver\Src\stm32f1xx_hal_pwr.o
LOAD Drivers\STM32F1xx_HAL_Driver\Src\stm32f1xx_hal_rcc.o
LOAD Drivers\STM32F1xx_HAL_Driver\Src\stm32f1xx_hal_rcc_ex.o
LOAD Drivers\STM32F1xx_HAL_Driver\Src\stm32f1xx_hal_tim.o
LOAD Drivers\STM32F1xx_HAL_Driver\Src\stm32f1xx_hal_tim_ex.o
LOAD Drivers\STM32F1xx_HAL_Driver\Src\stm32f1xx_ll_dma.o
LOAD Drivers\STM32F1xx_HAL_Driver\Src\stm32f1xx_ll_exti.o
LOAD Drivers\STM32F1xx_HAL_Driver\Src\stm32f1xx_ll_gpio.o
LOAD Drivers\STM32F1xx_HAL_Driver\Src\stm32f1xx_ll_rcc.o
LOAD Drivers\STM32F1xx_HAL_Driver\Src\stm32f1xx_ll_tim.o
LOAD Drivers\STM32F1xx_HAL_Driver\Src\stm32f1xx_ll_usart.o
LOAD Drivers\STM32F1xx_HAL_Driver\Src\stm32f1xx_ll_utils.o
LOAD Src\gpio.o
LOAD Src\main.o
LOAD Src\stm32f1xx_hal_msp.o
LOAD Src\stm32f1xx_it.o
LOAD Src\syscalls.o
LOAD Src\system_stm32f1xx.o
LOAD Src\tim.o
LOAD Src\usart.o
LOAD grbl\coolant_control.o
LOAD grbl\eeprom.o
LOAD grbl\gcode.o
LOAD grbl\jog.o
LOAD grbl\limits.o
LOAD grbl\motion_control.o
LOAD grbl\nuts_bolts.o
LOAD grbl\planner.o
LOAD grbl\print.o
LOAD grbl\probe.o
LOAD grbl\protocol.o
LOAD grbl\report.o
LOAD grbl\serial.o
LOAD grbl\settings.o
LOAD grbl\spindle_control.o
LOAD grbl\stepper.o
LOAD grbl\system.o
LOAD startup\startup_stm32f103xb.o
LOAD stm32\inoutputs.o
LOAD stm32\lcd-i2c.o
LOAD stm32\stm32utilities.o
                0x00000080                malloc_getpagesize_P = 0x80
START GROUP
LOAD c:/program files (x86)/atollic/truestudio for stm32 9.3.0/armtools/bin/../lib/gcc/arm-atollic-eabi/6.3.1/../../../../arm-atollic-eabi/lib/armv7-m\libc_nano.a
LOAD c:/program files (x86)/atollic/truestudio for stm32 9.3.0/armtools/bin/../lib/gcc/arm-atollic-eabi/6.3.1/../../../../arm-atollic-eabi/lib/armv7-m\libm.a
END GROUP
START GROUP
LOAD c:/program files (x86)/atollic/truestudio for stm32 9.3.0/armtools/bin/../lib/gcc/arm-atollic-eabi/6.3.1/armv7-m\libgcc.a
LOAD c:/program files (x86)/atollic/truestudio for stm32 9.3.0/armtools/bin/../lib/gcc/arm-atollic-eabi/6.3.1/../../../../arm-atollic-eabi/lib/armv7-m\libc_nano.a
END GROUP
START GROUP
LOAD c:/program files (x86)/atollic/truestudio for stm32 9.3.0/armtools/bin/../lib/gcc/arm-atollic-eabi/6.3.1/armv7-m\libgcc.a
LOAD c:/program files (x86)/atollic/truestudio for stm32 9.3.0/armtools/bin/../lib/gcc/arm-atollic-eabi/6.3.1/../../../../arm-atollic-eabi/lib/armv7-m\libc_nano.a
LOAD c:/program files (x86)/atollic/truestudio for stm32 9.3.0/armtools/bin/../lib/gcc/arm-atollic-eabi/6.3.1/../../../../arm-atollic-eabi/lib/armv7-m\libnosys.a
END GROUP
START GROUP
LOAD c:/program files (x86)/atollic/truestudio for stm32 9.3.0/armtools/bin/../lib/gcc/arm-atollic-eabi/6.3.1/armv7-m\libgcc.a
LOAD c:/program files (x86)/atollic/truestudio for stm32 9.3.0/armtools/bin/../lib/gcc/arm-atollic-eabi/6.3.1/../../../../arm-atollic-eabi/lib/armv7-m\libc_nano.a
LOAD c:/program files (x86)/atollic/truestudio for stm32 9.3.0/armtools/bin/../lib/gcc/arm-atollic-eabi/6.3.1/../../../../arm-atollic-eabi/lib/armv7-m\libnosys.a
END GROUP
LOAD c:/program files (x86)/atollic/truestudio for stm32 9.3.0/armtools/bin/../lib/gcc/arm-atollic-eabi/6.3.1/armv7-m/crtend.o
LOAD c:/program files (x86)/atollic/truestudio for stm32 9.3.0/armtools/bin/../lib/gcc/arm-atollic-eabi/6.3.1/armv7-m/crtn.o
                0x20005000                _estack = 0x20005000
                0x00000200                _Min_Heap_Size = 0x200
                0x00000400                _Min_Stack_Size = 0x400

.isr_vector     0x08000000      0x10c
                0x08000000                . = ALIGN (0x4)
 *(.isr_vector)
 .isr_vector    0x08000000      0x10c startup\startup_stm32f103xb.o
                0x08000000                g_pfnVectors
                0x0800010c                . = ALIGN (0x4)

.text           0x08000110     0x96ec
                0x08000110                . = ALIGN (0x4)
 *(.text)
 .text          0x08000110       0x40 c:/program files (x86)/atollic/truestudio for stm32 9.3.0/armtools/bin/../lib/gcc/arm-atollic-eabi/6.3.1/armv7-m/crtbegin.o
 .text          0x08000150       0x18 c:/program files (x86)/atollic/truestudio for stm32 9.3.0/armtools/bin/../lib/gcc/arm-atollic-eabi/6.3.1/armv7-m\libgcc.a(_lshrdi3.o)
                0x08000150                __lshrdi3
                0x08000150                __aeabi_llsr
 .text          0x08000168      0x370 c:/program files (x86)/atollic/truestudio for stm32 9.3.0/armtools/bin/../lib/gcc/arm-atollic-eabi/6.3.1/armv7-m\libgcc.a(_arm_addsubdf3.o)
                0x08000168                __aeabi_drsub
                0x08000170                __aeabi_dsub
                0x08000170                __subdf3
                0x08000174                __aeabi_dadd
                0x08000174                __adddf3
                0x080003ec                __floatunsidf
                0x080003ec                __aeabi_ui2d
                0x0800040c                __floatsidf
                0x0800040c                __aeabi_i2d
                0x08000430                __aeabi_f2d
                0x08000430                __extendsfdf2
                0x0800046c                __floatundidf
                0x0800046c                __aeabi_ul2d
                0x0800047c                __floatdidf
                0x0800047c                __aeabi_l2d
 .text          0x080004d8      0x424 c:/program files (x86)/atollic/truestudio for stm32 9.3.0/armtools/bin/../lib/gcc/arm-atollic-eabi/6.3.1/armv7-m\libgcc.a(_arm_muldivdf3.o)
                0x080004d8                __aeabi_dmul
                0x080004d8                __muldf3
                0x0800072c                __divdf3
                0x0800072c                __aeabi_ddiv
 .text          0x080008fc      0x110 c:/program files (x86)/atollic/truestudio for stm32 9.3.0/armtools/bin/../lib/gcc/arm-atollic-eabi/6.3.1/armv7-m\libgcc.a(_arm_cmpdf2.o)
                0x080008fc                __gtdf2
                0x080008fc                __gedf2
                0x08000904                __ltdf2
                0x08000904                __ledf2
                0x0800090c                __nedf2
                0x0800090c                __eqdf2
                0x0800090c                __cmpdf2
                0x08000988                __aeabi_cdrcmple
                0x08000998                __aeabi_cdcmpeq
                0x08000998                __aeabi_cdcmple
                0x080009a8                __aeabi_dcmpeq
                0x080009bc                __aeabi_dcmplt
                0x080009d0                __aeabi_dcmple
                0x080009e4                __aeabi_dcmpge
                0x080009f8                __aeabi_dcmpgt
 .text          0x08000a0c       0x2c c:/program files (x86)/atollic/truestudio for stm32 9.3.0/armtools/bin/../lib/gcc/arm-atollic-eabi/6.3.1/armv7-m\libgcc.a(_arm_unorddf2.o)
                0x08000a0c                __unorddf2
                0x08000a0c                __aeabi_dcmpun
 .text          0x08000a38       0x50 c:/program files (x86)/atollic/truestudio for stm32 9.3.0/armtools/bin/../lib/gcc/arm-atollic-eabi/6.3.1/armv7-m\libgcc.a(_arm_fixdfsi.o)
                0x08000a38                __aeabi_d2iz
                0x08000a38                __fixdfsi
 .text          0x08000a88       0x40 c:/program files (x86)/atollic/truestudio for stm32 9.3.0/armtools/bin/../lib/gcc/arm-atollic-eabi/6.3.1/armv7-m\libgcc.a(_arm_fixunsdfsi.o)
                0x08000a88                __aeabi_d2uiz
                0x08000a88                __fixunsdfsi
 .text          0x08000ac8       0xa0 c:/program files (x86)/atollic/truestudio for stm32 9.3.0/armtools/bin/../lib/gcc/arm-atollic-eabi/6.3.1/armv7-m\libgcc.a(_arm_truncdfsf2.o)
                0x08000ac8                __truncdfsf2
                0x08000ac8                __aeabi_d2f
 .text          0x08000b68      0x21c c:/program files (x86)/atollic/truestudio for stm32 9.3.0/armtools/bin/../lib/gcc/arm-atollic-eabi/6.3.1/armv7-m\libgcc.a(_arm_addsubsf3.o)
                0x08000b68                __aeabi_frsub
                0x08000b70                __subsf3
                0x08000b70                __aeabi_fsub
                0x08000b74                __aeabi_fadd
                0x08000b74                __addsf3
                0x08000cd4                __aeabi_ui2f
                0x08000cd4                __floatunsisf
                0x08000cdc                __aeabi_i2f
                0x08000cdc                __floatsisf
                0x08000cf8                __aeabi_ul2f
                0x08000cf8                __floatundisf
                0x08000d08                __aeabi_l2f
                0x08000d08                __floatdisf
 .text          0x08000d84      0x2a0 c:/program files (x86)/atollic/truestudio for stm32 9.3.0/armtools/bin/../lib/gcc/arm-atollic-eabi/6.3.1/armv7-m\libgcc.a(_arm_muldivsf3.o)
                0x08000d84                __mulsf3
                0x08000d84                __aeabi_fmul
                0x08000eec                __aeabi_fdiv
                0x08000eec                __divsf3
 .text          0x08001024       0xec c:/program files (x86)/atollic/truestudio for stm32 9.3.0/armtools/bin/../lib/gcc/arm-atollic-eabi/6.3.1/armv7-m\libgcc.a(_arm_cmpsf2.o)
                0x08001024                __gesf2
                0x08001024                __gtsf2
                0x0800102c                __lesf2
                0x0800102c                __ltsf2
                0x08001034                __nesf2
                0x08001034                __eqsf2
                0x08001034                __cmpsf2
                0x08001094                __aeabi_cfrcmple
                0x0800109c                __aeabi_cfcmpeq
                0x0800109c                __aeabi_cfcmple
                0x080010ac                __aeabi_fcmpeq
                0x080010c0                __aeabi_fcmplt
                0x080010d4                __aeabi_fcmple
                0x080010e8                __aeabi_fcmpge
                0x080010fc                __aeabi_fcmpgt
 .text          0x08001110       0x2c c:/program files (x86)/atollic/truestudio for stm32 9.3.0/armtools/bin/../lib/gcc/arm-atollic-eabi/6.3.1/armv7-m\libgcc.a(_arm_unordsf2.o)
                0x08001110                __unordsf2
                0x08001110                __aeabi_fcmpun
 .text          0x0800113c       0x4c c:/program files (x86)/atollic/truestudio for stm32 9.3.0/armtools/bin/../lib/gcc/arm-atollic-eabi/6.3.1/armv7-m\libgcc.a(_arm_fixsfsi.o)
                0x0800113c                __aeabi_f2iz
                0x0800113c                __fixsfsi
 .text          0x08001188       0x40 c:/program files (x86)/atollic/truestudio for stm32 9.3.0/armtools/bin/../lib/gcc/arm-atollic-eabi/6.3.1/armv7-m\libgcc.a(_arm_fixunssfsi.o)
                0x08001188                __fixunssfsi
                0x08001188                __aeabi_f2uiz
 *(.text*)
 .text.HAL_InitTick
                0x080011c8       0x48 Drivers\STM32F1xx_HAL_Driver\Src\stm32f1xx_hal.o
                0x080011c8                HAL_InitTick
 .text.HAL_Init
                0x08001210       0x24 Drivers\STM32F1xx_HAL_Driver\Src\stm32f1xx_hal.o
                0x08001210                HAL_Init
 .text.HAL_IncTick
                0x08001234       0x18 Drivers\STM32F1xx_HAL_Driver\Src\stm32f1xx_hal.o
                0x08001234                HAL_IncTick
 .text.HAL_GetTick
                0x0800124c        0xc Drivers\STM32F1xx_HAL_Driver\Src\stm32f1xx_hal.o
                0x0800124c                HAL_GetTick
 .text.HAL_NVIC_SetPriorityGrouping
                0x08001258       0x24 Drivers\STM32F1xx_HAL_Driver\Src\stm32f1xx_hal_cortex.o
                0x08001258                HAL_NVIC_SetPriorityGrouping
 .text.HAL_NVIC_SetPriority
                0x0800127c       0x68 Drivers\STM32F1xx_HAL_Driver\Src\stm32f1xx_hal_cortex.o
                0x0800127c                HAL_NVIC_SetPriority
 .text.HAL_NVIC_EnableIRQ
                0x080012e4       0x18 Drivers\STM32F1xx_HAL_Driver\Src\stm32f1xx_hal_cortex.o
                0x080012e4                HAL_NVIC_EnableIRQ
 .text.HAL_SYSTICK_Config
                0x080012fc       0x2c Drivers\STM32F1xx_HAL_Driver\Src\stm32f1xx_hal_cortex.o
                0x080012fc                HAL_SYSTICK_Config
 .text.HAL_NVIC_ClearPendingIRQ
                0x08001328       0x1c Drivers\STM32F1xx_HAL_Driver\Src\stm32f1xx_hal_cortex.o
                0x08001328                HAL_NVIC_ClearPendingIRQ
 .text.FLASH_SetErrorCode
                0x08001344       0x50 Drivers\STM32F1xx_HAL_Driver\Src\stm32f1xx_hal_flash.o
 .text.HAL_FLASH_Unlock
                0x08001394       0x24 Drivers\STM32F1xx_HAL_Driver\Src\stm32f1xx_hal_flash.o
                0x08001394                HAL_FLASH_Unlock
 .text.HAL_FLASH_Lock
                0x080013b8       0x14 Drivers\STM32F1xx_HAL_Driver\Src\stm32f1xx_hal_flash.o
                0x080013b8                HAL_FLASH_Lock
 .text.FLASH_WaitForLastOperation
                0x080013cc       0x54 Drivers\STM32F1xx_HAL_Driver\Src\stm32f1xx_hal_flash.o
                0x080013cc                FLASH_WaitForLastOperation
 .text.HAL_FLASH_Program
                0x08001420       0x8c Drivers\STM32F1xx_HAL_Driver\Src\stm32f1xx_hal_flash.o
                0x08001420                HAL_FLASH_Program
 .text.FLASH_PageErase
                0x080014ac       0x24 Drivers\STM32F1xx_HAL_Driver\Src\stm32f1xx_hal_flash_ex.o
                0x080014ac                FLASH_PageErase
 .text.HAL_GPIO_Init
                0x080014d0      0x1c0 Drivers\STM32F1xx_HAL_Driver\Src\stm32f1xx_hal_gpio.o
                0x080014d0                HAL_GPIO_Init
 .text.HAL_GPIO_WritePin
                0x08001690        0xa Drivers\STM32F1xx_HAL_Driver\Src\stm32f1xx_hal_gpio.o
                0x08001690                HAL_GPIO_WritePin
 .text.HAL_GPIO_EXTI_Callback
                0x0800169a        0x2 Drivers\STM32F1xx_HAL_Driver\Src\stm32f1xx_hal_gpio.o
                0x0800169a                HAL_GPIO_EXTI_Callback
 .text.HAL_GPIO_EXTI_IRQHandler
                0x0800169c       0x18 Drivers\STM32F1xx_HAL_Driver\Src\stm32f1xx_hal_gpio.o
                0x0800169c                HAL_GPIO_EXTI_IRQHandler
 .text.HAL_RCC_OscConfig
                0x080016b4      0x318 Drivers\STM32F1xx_HAL_Driver\Src\stm32f1xx_hal_rcc.o
                0x080016b4                HAL_RCC_OscConfig
 .text.HAL_RCC_GetSysClockFreq
                0x080019cc       0x78 Drivers\STM32F1xx_HAL_Driver\Src\stm32f1xx_hal_rcc.o
                0x080019cc                HAL_RCC_GetSysClockFreq
 .text.HAL_RCC_ClockConfig
                0x08001a44      0x164 Drivers\STM32F1xx_HAL_Driver\Src\stm32f1xx_hal_rcc.o
                0x08001a44                HAL_RCC_ClockConfig
 .text.LL_GPIO_Init
                0x08001ba8      0x102 Drivers\STM32F1xx_HAL_Driver\Src\stm32f1xx_ll_gpio.o
                0x08001ba8                LL_GPIO_Init
 *fill*         0x08001caa        0x2 
 .text.RCC_GetHCLKClockFreq
                0x08001cac       0x18 Drivers\STM32F1xx_HAL_Driver\Src\stm32f1xx_ll_rcc.o
                0x08001cac                RCC_GetHCLKClockFreq
 .text.RCC_GetPCLK1ClockFreq
                0x08001cc4       0x18 Drivers\STM32F1xx_HAL_Driver\Src\stm32f1xx_ll_rcc.o
                0x08001cc4                RCC_GetPCLK1ClockFreq
 .text.RCC_GetPCLK2ClockFreq
                0x08001cdc       0x18 Drivers\STM32F1xx_HAL_Driver\Src\stm32f1xx_ll_rcc.o
                0x08001cdc                RCC_GetPCLK2ClockFreq
 .text.RCC_PLL_GetFreqDomain_SYS
                0x08001cf4       0x34 Drivers\STM32F1xx_HAL_Driver\Src\stm32f1xx_ll_rcc.o
                0x08001cf4                RCC_PLL_GetFreqDomain_SYS
 .text.RCC_GetSystemClockFreq
                0x08001d28       0x1c Drivers\STM32F1xx_HAL_Driver\Src\stm32f1xx_ll_rcc.o
                0x08001d28                RCC_GetSystemClockFreq
 .text.LL_RCC_GetSystemClocksFreq
                0x08001d44       0x20 Drivers\STM32F1xx_HAL_Driver\Src\stm32f1xx_ll_rcc.o
                0x08001d44                LL_RCC_GetSystemClocksFreq
 .text.LL_TIM_Init
                0x08001d64       0x70 Drivers\STM32F1xx_HAL_Driver\Src\stm32f1xx_ll_tim.o
                0x08001d64                LL_TIM_Init
 .text.LL_TIM_OC_Init
                0x08001dd4      0x190 Drivers\STM32F1xx_HAL_Driver\Src\stm32f1xx_ll_tim.o
                0x08001dd4                LL_TIM_OC_Init
 .text.LL_TIM_BDTR_Init
                0x08001f64       0x34 Drivers\STM32F1xx_HAL_Driver\Src\stm32f1xx_ll_tim.o
                0x08001f64                LL_TIM_BDTR_Init
 .text.LL_USART_Init
                0x08001f98       0xa4 Drivers\STM32F1xx_HAL_Driver\Src\stm32f1xx_ll_usart.o
                0x08001f98                LL_USART_Init
 .text.MX_GPIO_Init
                0x0800203c      0x138 Src\gpio.o
                0x0800203c                MX_GPIO_Init
 .text.SystemClock_Config
                0x08002174       0x54 Src\main.o
                0x08002174                SystemClock_Config
 .text.startup.main
                0x080021c8      0x150 Src\main.o
                0x080021c8                main
 .text.HAL_MspInit
                0x08002318       0x44 Src\stm32f1xx_hal_msp.o
                0x08002318                HAL_MspInit
 .text.NMI_Handler
                0x0800235c        0x2 Src\stm32f1xx_it.o
                0x0800235c                NMI_Handler
 .text.HardFault_Handler
                0x0800235e        0x2 Src\stm32f1xx_it.o
                0x0800235e                HardFault_Handler
 .text.MemManage_Handler
                0x08002360        0x2 Src\stm32f1xx_it.o
                0x08002360                MemManage_Handler
 .text.BusFault_Handler
                0x08002362        0x2 Src\stm32f1xx_it.o
                0x08002362                BusFault_Handler
 .text.UsageFault_Handler
                0x08002364        0x2 Src\stm32f1xx_it.o
                0x08002364                UsageFault_Handler
 .text.SVC_Handler
                0x08002366        0x2 Src\stm32f1xx_it.o
                0x08002366                SVC_Handler
 .text.DebugMon_Handler
                0x08002368        0x2 Src\stm32f1xx_it.o
                0x08002368                DebugMon_Handler
 .text.PendSV_Handler
                0x0800236a        0x2 Src\stm32f1xx_it.o
                0x0800236a                PendSV_Handler
 .text.SysTick_Handler
                0x0800236c        0x4 Src\stm32f1xx_it.o
                0x0800236c                SysTick_Handler
 .text.EXTI0_IRQHandler
                0x08002370       0x1c Src\stm32f1xx_it.o
                0x08002370                EXTI0_IRQHandler
 .text.EXTI1_IRQHandler
                0x0800238c       0x1c Src\stm32f1xx_it.o
                0x0800238c                EXTI1_IRQHandler
 .text.EXTI3_IRQHandler
                0x080023a8       0x20 Src\stm32f1xx_it.o
                0x080023a8                EXTI3_IRQHandler
 .text.EXTI4_IRQHandler
                0x080023c8       0x20 Src\stm32f1xx_it.o
                0x080023c8                EXTI4_IRQHandler
 .text.TIM2_IRQHandler
                0x080023e8       0x1c Src\stm32f1xx_it.o
                0x080023e8                TIM2_IRQHandler
 .text.TIM3_IRQHandler
                0x08002404       0x2c Src\stm32f1xx_it.o
                0x08002404                TIM3_IRQHandler
 .text.USART1_IRQHandler
                0x08002430       0x20 Src\stm32f1xx_it.o
                0x08002430                USART1_IRQHandler
 .text.EXTI15_10_IRQHandler
                0x08002450       0x48 Src\stm32f1xx_it.o
                0x08002450                EXTI15_10_IRQHandler
 .text._sbrk    0x08002498       0x34 Src\syscalls.o
                0x08002498                _sbrk
 .text.SystemInit
                0x080024cc       0x4c Src\system_stm32f1xx.o
                0x080024cc                SystemInit
 .text.NVIC_EncodePriority.constprop.2
                0x08002518        0x4 Src\tim.o
 .text.MX_TIM1_Init
                0x0800251c       0xf4 Src\tim.o
                0x0800251c                MX_TIM1_Init
 .text.MX_TIM2_Init
                0x08002610       0x80 Src\tim.o
                0x08002610                MX_TIM2_Init
 .text.MX_TIM3_Init
                0x08002690       0x80 Src\tim.o
                0x08002690                MX_TIM3_Init
 .text.MX_USART1_UART_Init
                0x08002710       0xbc Src\usart.o
                0x08002710                MX_USART1_UART_Init
 .text.coolant_get_state
                0x080027cc       0x18 grbl\coolant_control.o
                0x080027cc                coolant_get_state
 .text.coolant_stop
                0x080027e4       0x20 grbl\coolant_control.o
                0x080027e4                coolant_stop
 .text.coolant_init
                0x08002804        0x4 grbl\coolant_control.o
                0x08002804                coolant_init
 .text.coolant_set_state
                0x08002808       0x3c grbl\coolant_control.o
                0x08002808                coolant_set_state
 .text.coolant_sync
                0x08002844       0x20 grbl\coolant_control.o
                0x08002844                coolant_sync
 .text.eeprom_flush
                0x08002864       0x84 grbl\eeprom.o
                0x08002864                eeprom_flush
 .text.eeprom_init
                0x080028e8       0x40 grbl\eeprom.o
                0x080028e8                eeprom_init
 .text.eeprom_get_char
                0x08002928        0xc grbl\eeprom.o
                0x08002928                eeprom_get_char
 .text.eeprom_put_char
                0x08002934        0xc grbl\eeprom.o
                0x08002934                eeprom_put_char
 .text.memcpy_to_eeprom_with_checksum
                0x08002940       0x34 grbl\eeprom.o
                0x08002940                memcpy_to_eeprom_with_checksum
 .text.memcpy_from_eeprom_with_checksum
                0x08002974       0x38 grbl\eeprom.o
                0x08002974                memcpy_from_eeprom_with_checksum
 .text.gc_init  0x080029ac       0x2c grbl\gcode.o
                0x080029ac                gc_init
 .text.gc_sync_position
                0x080029d8       0x10 grbl\gcode.o
                0x080029d8                gc_sync_position
 .text.gc_execute_line
                0x080029e8     0x1008 grbl\gcode.o
                0x080029e8                gc_execute_line
 .text.jog_execute
                0x080039f0       0x60 grbl\jog.o
                0x080039f0                jog_execute
 .text.limits_init
                0x08003a50       0x20 grbl\limits.o
                0x08003a50                limits_init
 .text.limits_disable
                0x08003a70       0x10 grbl\limits.o
                0x08003a70                limits_disable
 .text.limits_get_state
                0x08003a80       0x4c grbl\limits.o
                0x08003a80                limits_get_state
 .text.HandleLimitIT
                0x08003acc       0x30 grbl\limits.o
                0x08003acc                HandleLimitIT
 .text.limits_go_home
                0x08003afc      0x23c grbl\limits.o
                0x08003afc                limits_go_home
 .text.limits_soft_check
                0x08003d38       0x40 grbl\limits.o
                0x08003d38                limits_soft_check
 .text.mc_line  0x08003d78       0x68 grbl\motion_control.o
                0x08003d78                mc_line
 .text.mc_arc   0x08003de0      0x368 grbl\motion_control.o
                0x08003de0                mc_arc
 .text.mc_dwell
                0x08004148       0x24 grbl\motion_control.o
                0x08004148                mc_dwell
 .text.mc_homing_cycle
                0x0800416c       0x50 grbl\motion_control.o
                0x0800416c                mc_homing_cycle
 .text.mc_probe_cycle
                0x080041bc       0xd0 grbl\motion_control.o
                0x080041bc                mc_probe_cycle
 .text.mc_reset
                0x0800428c       0x54 grbl\motion_control.o
                0x0800428c                mc_reset
 .text.read_float
                0x080042e0      0x10c grbl\nuts_bolts.o
                0x080042e0                read_float
 .text._delay_ms
                0x080043ec       0x20 grbl\nuts_bolts.o
                0x080043ec                _delay_ms
 .text.delay_sec
                0x0800440c       0x48 grbl\nuts_bolts.o
                0x0800440c                delay_sec
 .text.delay_ms
                0x08004454       0x14 grbl\nuts_bolts.o
                0x08004454                delay_ms
 .text.hypot_f  0x08004468       0x24 grbl\nuts_bolts.o
                0x08004468                hypot_f
 .text.convert_delta_vector_to_unit_vector
                0x0800448c       0x5e grbl\nuts_bolts.o
                0x0800448c                convert_delta_vector_to_unit_vector
 *fill*         0x080044ea        0x2 
 .text.limit_value_by_axis_maximum
                0x080044ec       0x48 grbl\nuts_bolts.o
                0x080044ec                limit_value_by_axis_maximum
 .text.planner_recalculate
                0x08004534      0x188 grbl\planner.o
 .text.plan_reset_buffer
                0x080046bc       0x28 grbl\planner.o
                0x080046bc                plan_reset_buffer
 .text.plan_reset
                0x080046e4       0x18 grbl\planner.o
                0x080046e4                plan_reset
 .text.plan_discard_current_block
                0x080046fc       0x34 grbl\planner.o
                0x080046fc                plan_discard_current_block
 .text.plan_get_system_motion_block
                0x08004730       0x14 grbl\planner.o
                0x08004730                plan_get_system_motion_block
 .text.plan_get_current_block
                0x08004744       0x24 grbl\planner.o
                0x08004744                plan_get_current_block
 .text.plan_get_exec_block_exit_speed_sqr
                0x08004768       0x30 grbl\planner.o
                0x08004768                plan_get_exec_block_exit_speed_sqr
 .text.plan_check_full_buffer
                0x08004798       0x18 grbl\planner.o
                0x08004798                plan_check_full_buffer
 .text.plan_compute_profile_nominal_speed
                0x080047b0       0xa4 grbl\planner.o
                0x080047b0                plan_compute_profile_nominal_speed
 .text.plan_update_velocity_profile_parameters
                0x08004854       0x7c grbl\planner.o
                0x08004854                plan_update_velocity_profile_parameters
 .text.plan_buffer_line
                0x080048d0      0x308 grbl\planner.o
                0x080048d0                plan_buffer_line
 .text.plan_sync_position
                0x08004bd8       0x20 grbl\planner.o
                0x08004bd8                plan_sync_position
 .text.plan_get_block_buffer_available
                0x08004bf8       0x24 grbl\planner.o
                0x08004bf8                plan_get_block_buffer_available
 .text.plan_cycle_reinitialize
                0x08004c1c       0x20 grbl\planner.o
                0x08004c1c                plan_cycle_reinitialize
 .text.printString
                0x08004c3c       0x12 grbl\print.o
                0x08004c3c                printString
 .text.print_uint8_base10
                0x08004c4e       0x50 grbl\print.o
                0x08004c4e                print_uint8_base10
 *fill*         0x08004c9e        0x2 
 .text.printFloat
                0x08004ca0       0xc8 grbl\print.o
                0x08004ca0                printFloat
 .text.printFloat_CoordValue
                0x08004d68       0x3c grbl\print.o
                0x08004d68                printFloat_CoordValue
 *fill*         0x08004da4        0x4 
 .text.printFloat_RateValue
                0x08004da8       0x3c grbl\print.o
                0x08004da8                printFloat_RateValue
 .text.probe_init
                0x08004de4        0xc grbl\probe.o
                0x08004de4                probe_init
 .text.probe_configure_invert_mask
                0x08004df0        0xc grbl\probe.o
                0x08004df0                probe_configure_invert_mask
 .text.probe_get_state
                0x08004dfc       0x1c grbl\probe.o
                0x08004dfc                probe_get_state
 .text.probe_state_monitor
                0x08004e18       0x3c grbl\probe.o
                0x08004e18                probe_state_monitor
 .text.protocol_auto_cycle_start
                0x08004e54       0x14 grbl\protocol.o
                0x08004e54                protocol_auto_cycle_start
 .text.protocol_exec_rt_system
                0x08004e68      0x368 grbl\protocol.o
                0x08004e68                protocol_exec_rt_system
 .text.protocol_execute_realtime
                0x080051d0      0x1ac grbl\protocol.o
                0x080051d0                protocol_execute_realtime
 .text.protocol_main_loop
                0x0800537c      0x124 grbl\protocol.o
                0x0800537c                protocol_main_loop
 .text.protocol_buffer_synchronize
                0x080054a0       0x24 grbl\protocol.o
                0x080054a0                protocol_buffer_synchronize
 .text.report_util_line_feed
                0x080054c4        0xc grbl\report.o
 .text.report_util_feedback_line_feed
                0x080054d0       0x10 grbl\report.o
 .text.report_util_axis_values
                0x080054e0       0x20 grbl\report.o
 .text.report_util_setting_prefix
                0x08005500       0x1a grbl\report.o
                0x08005500                report_util_setting_prefix
 .text.report_util_uint8_setting
                0x0800551a       0x16 grbl\report.o
 .text.report_util_float_setting
                0x08005530       0x1a grbl\report.o
 *fill*         0x0800554a        0x2 
 .text.report_status_message
                0x0800554c       0x2c grbl\report.o
                0x0800554c                report_status_message
 .text.report_alarm_message
                0x08005578       0x24 grbl\report.o
                0x08005578                report_alarm_message
 .text.report_feedback_message
                0x0800559c       0x88 grbl\report.o
                0x0800559c                report_feedback_message
 .text.report_init_message
                0x08005624        0xc grbl\report.o
                0x08005624                report_init_message
 .text.report_grbl_help
                0x08005630        0xc grbl\report.o
                0x08005630                report_grbl_help
 .text.report_grbl_settings
                0x0800563c      0x180 grbl\report.o
                0x0800563c                report_grbl_settings
 .text.report_probe_parameters
                0x080057bc       0x3c grbl\report.o
                0x080057bc                report_probe_parameters
 .text.report_ngc_parameters
                0x080057f8       0xb4 grbl\report.o
                0x080057f8                report_ngc_parameters
 .text.report_gcode_modes
                0x080058ac      0x138 grbl\report.o
                0x080058ac                report_gcode_modes
 .text.report_startup_line
                0x080059e4       0x2c grbl\report.o
                0x080059e4                report_startup_line
 .text.report_execute_startup_message
                0x08005a10       0x22 grbl\report.o
                0x08005a10                report_execute_startup_message
 *fill*         0x08005a32        0x2 
 .text.report_build_info
                0x08005a34       0x54 grbl\report.o
                0x08005a34                report_build_info
 .text.report_realtime_status
                0x08005a88      0x2f0 grbl\report.o
                0x08005a88                report_realtime_status
 .text.serial_get_rx_buffer_available
                0x08005d78       0x24 grbl\serial.o
                0x08005d78                serial_get_rx_buffer_available
 .text.serial_init
                0x08005d9c        0x2 grbl\serial.o
                0x08005d9c                serial_init
 .text.serial_write
                0x08005d9e        0x4 grbl\serial.o
                0x08005d9e                serial_write
 *fill*         0x08005da2        0x2 
 .text.serial_read
                0x08005da4       0x30 grbl\serial.o
                0x08005da4                serial_read
 .text.HandleUartIT
                0x08005dd4       0xe0 grbl\serial.o
                0x08005dd4                HandleUartIT
 .text.serial_reset_read_buffer
                0x08005eb4       0x14 grbl\serial.o
                0x08005eb4                serial_reset_read_buffer
 .text.settings_store_startup_line
                0x08005ec8       0x20 grbl\settings.o
                0x08005ec8                settings_store_startup_line
 .text.settings_store_build_info
                0x08005ee8        0xc grbl\settings.o
                0x08005ee8                settings_store_build_info
 .text.settings_write_coord_data
                0x08005ef4       0x20 grbl\settings.o
                0x08005ef4                settings_write_coord_data
 .text.write_global_settings
                0x08005f14       0x1c grbl\settings.o
                0x08005f14                write_global_settings
 .text.settings_restore
                0x08005f30      0x128 grbl\settings.o
                0x08005f30                settings_restore
 .text.settings_read_startup_line
                0x08006058       0x2c grbl\settings.o
                0x08006058                settings_read_startup_line
 .text.settings_read_build_info
                0x08006084       0x22 grbl\settings.o
                0x08006084                settings_read_build_info
 .text.settings_read_coord_data
                0x080060a6       0x38 grbl\settings.o
                0x080060a6                settings_read_coord_data
 *fill*         0x080060de        0x2 
 .text.read_global_settings
                0x080060e0       0x28 grbl\settings.o
                0x080060e0                read_global_settings
 .text.settings_store_global_setting
                0x08006108      0x21c grbl\settings.o
                0x08006108                settings_store_global_setting
 .text.acceleration_scaling
                0x08006324       0x74 grbl\settings.o
                0x08006324                acceleration_scaling
 .text.settings_init
                0x08006398       0x3c grbl\settings.o
                0x08006398                settings_init
 .text.spindle_get_state
                0x080063d4        0xc grbl\spindle_control.o
                0x080063d4                spindle_get_state
 .text.spindle_stop
                0x080063e0       0x10 grbl\spindle_control.o
                0x080063e0                spindle_stop
 .text.spindle_init
                0x080063f0       0x4c grbl\spindle_control.o
                0x080063f0                spindle_init
 .text.spindle_set_speed
                0x0800643c       0x1c grbl\spindle_control.o
                0x0800643c                spindle_set_speed
 .text.spindle_compute_pwm_value
                0x08006458       0xbc grbl\spindle_control.o
                0x08006458                spindle_compute_pwm_value
 .text.spindle_set_state
                0x08006514       0x58 grbl\spindle_control.o
                0x08006514                spindle_set_state
 .text.spindle_sync
                0x0800656c       0x24 grbl\spindle_control.o
                0x0800656c                spindle_sync
 .text.st_wake_up
                0x08006590       0x88 grbl\stepper.o
                0x08006590                st_wake_up
 .text.st_go_idle
                0x08006618       0x7c grbl\stepper.o
                0x08006618                st_go_idle
 .text.HandleStepSetIT
                0x08006694      0x280 grbl\stepper.o
                0x08006694                HandleStepSetIT
 .text.HandleStepResetIT
                0x08006914       0x2c grbl\stepper.o
                0x08006914                HandleStepResetIT
 .text.st_generate_step_dir_invert_masks
                0x08006940       0x78 grbl\stepper.o
                0x08006940                st_generate_step_dir_invert_masks
 .text.st_reset
                0x080069b8       0x98 grbl\stepper.o
                0x080069b8                st_reset
 .text.stepper_init
                0x08006a50       0x44 grbl\stepper.o
                0x08006a50                stepper_init
 .text.st_update_plan_block_parameters
                0x08006a94       0x2c grbl\stepper.o
                0x08006a94                st_update_plan_block_parameters
 .text.st_prep_buffer
                0x08006ac0      0x74c grbl\stepper.o
                0x08006ac0                st_prep_buffer
 .text.st_get_realtime_rate
                0x0800720c       0x1c grbl\stepper.o
                0x0800720c                st_get_realtime_rate
 .text.system_init
                0x08007228        0x2 grbl\system.o
                0x08007228                system_init
 *fill*         0x0800722a        0x2 
 .text.system_control_get_state
                0x0800722c       0x30 grbl\system.o
                0x0800722c                system_control_get_state
 .text.HandleControlIT
                0x0800725c       0x5c grbl\system.o
                0x0800725c                HandleControlIT
 .text.system_check_safety_door_ajar
                0x080072b8        0xc grbl\system.o
                0x080072b8                system_check_safety_door_ajar
 .text.system_execute_startup
                0x080072c4       0x32 grbl\system.o
                0x080072c4                system_execute_startup
 *fill*         0x080072f6        0x2 
 .text.system_flag_wco_change
                0x080072f8       0x14 grbl\system.o
                0x080072f8                system_flag_wco_change
 .text.system_convert_axis_steps_to_mpos
                0x0800730c       0x1c grbl\system.o
                0x0800730c                system_convert_axis_steps_to_mpos
 .text.system_convert_array_steps_to_mpos
                0x08007328       0x1c grbl\system.o
                0x08007328                system_convert_array_steps_to_mpos
 .text.system_check_travel_limits
                0x08007344       0x3c grbl\system.o
                0x08007344                system_check_travel_limits
 .text.system_set_exec_state_flag
                0x08007380       0x14 grbl\system.o
                0x08007380                system_set_exec_state_flag
 .text.system_execute_line
                0x08007394      0x30c grbl\system.o
                0x08007394                system_execute_line
 .text.system_clear_exec_state_flag
                0x080076a0       0x14 grbl\system.o
                0x080076a0                system_clear_exec_state_flag
 .text.system_set_exec_alarm
                0x080076b4       0x14 grbl\system.o
                0x080076b4                system_set_exec_alarm
 .text.system_clear_exec_alarm
                0x080076c8       0x10 grbl\system.o
                0x080076c8                system_clear_exec_alarm
 .text.system_set_exec_motion_override_flag
                0x080076d8       0x14 grbl\system.o
                0x080076d8                system_set_exec_motion_override_flag
 .text.system_set_exec_accessory_override_flag
                0x080076ec       0x14 grbl\system.o
                0x080076ec                system_set_exec_accessory_override_flag
 .text.system_clear_exec_motion_overrides
                0x08007700       0x10 grbl\system.o
                0x08007700                system_clear_exec_motion_overrides
 .text.system_clear_exec_accessory_overrides
                0x08007710       0x10 grbl\system.o
                0x08007710                system_clear_exec_accessory_overrides
 .text.Reset_Handler
                0x08007720       0x48 startup\startup_stm32f103xb.o
                0x08007720                Reset_Handler
 .text.Default_Handler
                0x08007768        0x2 startup\startup_stm32f103xb.o
                0x08007768                RTC_Alarm_IRQHandler
                0x08007768                EXTI2_IRQHandler
                0x08007768                TIM1_CC_IRQHandler
                0x08007768                PVD_IRQHandler
                0x08007768                I2C2_EV_IRQHandler
                0x08007768                ADC1_2_IRQHandler
                0x08007768                SPI1_IRQHandler
                0x08007768                TAMPER_IRQHandler
                0x08007768                DMA1_Channel4_IRQHandler
                0x08007768                USART3_IRQHandler
                0x08007768                RTC_IRQHandler
                0x08007768                DMA1_Channel7_IRQHandler
                0x08007768                CAN1_RX1_IRQHandler
                0x08007768                TIM4_IRQHandler
                0x08007768                I2C1_EV_IRQHandler
                0x08007768                DMA1_Channel6_IRQHandler
                0x08007768                RCC_IRQHandler
                0x08007768                TIM1_TRG_COM_IRQHandler
                0x08007768                DMA1_Channel1_IRQHandler
                0x08007768                Default_Handler
                0x08007768                EXTI9_5_IRQHandler
                0x08007768                SPI2_IRQHandler
                0x08007768                DMA1_Channel5_IRQHandler
                0x08007768                USB_LP_CAN1_RX0_IRQHandler
                0x08007768                USB_HP_CAN1_TX_IRQHandler
                0x08007768                DMA1_Channel3_IRQHandler
                0x08007768                TIM1_UP_IRQHandler
                0x08007768                WWDG_IRQHandler
                0x08007768                TIM1_BRK_IRQHandler
                0x08007768                USART2_IRQHandler
                0x08007768                I2C2_ER_IRQHandler
                0x08007768                DMA1_Channel2_IRQHandler
                0x08007768                CAN1_SCE_IRQHandler
                0x08007768                FLASH_IRQHandler
                0x08007768                I2C1_ER_IRQHandler
                0x08007768                USBWakeUp_IRQHandler
 *fill*         0x0800776a        0x2 
 .text.outputs_digital_reset
                0x0800776c        0xc stm32\inoutputs.o
                0x0800776c                outputs_digital_reset
 .text.inoutputs_init
                0x08007778        0x4 stm32\inoutputs.o
                0x08007778                inoutputs_init
 .text.outputs_digital_set
                0x0800777c        0xc stm32\inoutputs.o
                0x0800777c                outputs_digital_set
 .text.outputs_set_digital
                0x08007788       0x1c stm32\inoutputs.o
                0x08007788                outputs_set_digital
 .text.outputs_digital_action
                0x080077a4       0x50 stm32\inoutputs.o
                0x080077a4                outputs_digital_action
 .text.outputs_analog_init
                0x080077f4        0x2 stm32\inoutputs.o
                0x080077f4                outputs_analog_init
 .text.outputs_analog_action
                0x080077f6        0x2 stm32\inoutputs.o
                0x080077f6                outputs_analog_action
 .text.wait_on_input_action
                0x080077f8        0x2 stm32\inoutputs.o
                0x080077f8                wait_on_input_action
 *fill*         0x080077fa        0x2 
 .text.timing_init
                0x080077fc       0x34 stm32\stm32utilities.o
                0x080077fc                timing_init
 .text.uart_sendch
                0x08007830       0x10 stm32\stm32utilities.o
                0x08007830                uart_sendch
 .text.uart_sendstr
                0x08007840       0x12 stm32\stm32utilities.o
                0x08007840                uart_sendstr
 *fill*         0x08007852        0x2 
 .text.uart_init
                0x08007854       0x40 stm32\stm32utilities.o
                0x08007854                uart_init
 .text.GPIO_ResetBits
                0x08007894        0x6 stm32\stm32utilities.o
                0x08007894                GPIO_ResetBits
 .text.GPIO_SetBits
                0x0800789a        0x6 stm32\stm32utilities.o
                0x0800789a                GPIO_SetBits
 .text.__errno  0x080078a0        0xc c:/program files (x86)/atollic/truestudio for stm32 9.3.0/armtools/bin/../lib/gcc/arm-atollic-eabi/6.3.1/../../../../arm-atollic-eabi/lib/armv7-m\libc_nano.a(lib_a-errno.o)
                0x080078a0                __errno
 .text.__libc_init_array
                0x080078ac       0x48 c:/program files (x86)/atollic/truestudio for stm32 9.3.0/armtools/bin/../lib/gcc/arm-atollic-eabi/6.3.1/../../../../arm-atollic-eabi/lib/armv7-m\libc_nano.a(lib_a-init.o)
                0x080078ac                __libc_init_array
 .text.memcmp   0x080078f4       0x1e c:/program files (x86)/atollic/truestudio for stm32 9.3.0/armtools/bin/../lib/gcc/arm-atollic-eabi/6.3.1/../../../../arm-atollic-eabi/lib/armv7-m\libc_nano.a(lib_a-memcmp.o)
                0x080078f4                memcmp
 .text.memset   0x08007912       0x10 c:/program files (x86)/atollic/truestudio for stm32 9.3.0/armtools/bin/../lib/gcc/arm-atollic-eabi/6.3.1/../../../../arm-atollic-eabi/lib/armv7-m\libc_nano.a(lib_a-memset.o)
                0x08007912                memset
 *fill*         0x08007922        0x2 
 .text.sprintf  0x08007924       0x48 c:/program files (x86)/atollic/truestudio for stm32 9.3.0/armtools/bin/../lib/gcc/arm-atollic-eabi/6.3.1/../../../../arm-atollic-eabi/lib/armv7-m\libc_nano.a(lib_a-sprintf.o)
                0x08007924                siprintf
                0x08007924                sprintf
 .text.__ssputs_r
                0x0800796c       0xb6 c:/program files (x86)/atollic/truestudio for stm32 9.3.0/armtools/bin/../lib/gcc/arm-atollic-eabi/6.3.1/../../../../arm-atollic-eabi/lib/armv7-m\libc_nano.a(lib_a-nano-svfprintf.o)
                0x0800796c                __ssputs_r
 *fill*         0x08007a22        0x2 
 .text._svfprintf_r
                0x08007a24      0x1e8 c:/program files (x86)/atollic/truestudio for stm32 9.3.0/armtools/bin/../lib/gcc/arm-atollic-eabi/6.3.1/../../../../arm-atollic-eabi/lib/armv7-m\libc_nano.a(lib_a-nano-svfprintf.o)
                0x08007a24                _svfiprintf_r
                0x08007a24                _svfprintf_r
 .text._printf_common
                0x08007c0c       0xee c:/program files (x86)/atollic/truestudio for stm32 9.3.0/armtools/bin/../lib/gcc/arm-atollic-eabi/6.3.1/../../../../arm-atollic-eabi/lib/armv7-m\libc_nano.a(lib_a-nano-vfprintf_i.o)
                0x08007c0c                _printf_common
 *fill*         0x08007cfa        0x2 
 .text._printf_i
                0x08007cfc      0x240 c:/program files (x86)/atollic/truestudio for stm32 9.3.0/armtools/bin/../lib/gcc/arm-atollic-eabi/6.3.1/../../../../arm-atollic-eabi/lib/armv7-m\libc_nano.a(lib_a-nano-vfprintf_i.o)
                0x08007cfc                _printf_i
 .text.memchr   0x08007f3c       0x1c c:/program files (x86)/atollic/truestudio for stm32 9.3.0/armtools/bin/../lib/gcc/arm-atollic-eabi/6.3.1/../../../../arm-atollic-eabi/lib/armv7-m\libc_nano.a(lib_a-memchr-stub.o)
                0x08007f3c                memchr
 .text.memcpy   0x08007f58       0x16 c:/program files (x86)/atollic/truestudio for stm32 9.3.0/armtools/bin/../lib/gcc/arm-atollic-eabi/6.3.1/../../../../arm-atollic-eabi/lib/armv7-m\libc_nano.a(lib_a-memcpy-stub.o)
                0x08007f58                memcpy
 .text.memmove  0x08007f6e       0x34 c:/program files (x86)/atollic/truestudio for stm32 9.3.0/armtools/bin/../lib/gcc/arm-atollic-eabi/6.3.1/../../../../arm-atollic-eabi/lib/armv7-m\libc_nano.a(lib_a-memmove.o)
                0x08007f6e                memmove
 *fill*         0x08007fa2        0x2 
 .text._free_r  0x08007fa4       0x98 c:/program files (x86)/atollic/truestudio for stm32 9.3.0/armtools/bin/../lib/gcc/arm-atollic-eabi/6.3.1/../../../../arm-atollic-eabi/lib/armv7-m\libc_nano.a(lib_a-nano-freer.o)
                0x08007fa4                _free_r
 .text._malloc_r
                0x0800803c       0xbc c:/program files (x86)/atollic/truestudio for stm32 9.3.0/armtools/bin/../lib/gcc/arm-atollic-eabi/6.3.1/../../../../arm-atollic-eabi/lib/armv7-m\libc_nano.a(lib_a-nano-mallocr.o)
                0x0800803c                _malloc_r
 .text._realloc_r
                0x080080f8       0x4c c:/program files (x86)/atollic/truestudio for stm32 9.3.0/armtools/bin/../lib/gcc/arm-atollic-eabi/6.3.1/../../../../arm-atollic-eabi/lib/armv7-m\libc_nano.a(lib_a-nano-reallocr.o)
                0x080080f8                _realloc_r
 .text._sbrk_r  0x08008144       0x20 c:/program files (x86)/atollic/truestudio for stm32 9.3.0/armtools/bin/../lib/gcc/arm-atollic-eabi/6.3.1/../../../../arm-atollic-eabi/lib/armv7-m\libc_nano.a(lib_a-sbrkr.o)
                0x08008144                _sbrk_r
 .text.__malloc_lock
                0x08008164        0x2 c:/program files (x86)/atollic/truestudio for stm32 9.3.0/armtools/bin/../lib/gcc/arm-atollic-eabi/6.3.1/../../../../arm-atollic-eabi/lib/armv7-m\libc_nano.a(lib_a-mlock.o)
                0x08008164                __malloc_lock
 .text.__malloc_unlock
                0x08008166        0x2 c:/program files (x86)/atollic/truestudio for stm32 9.3.0/armtools/bin/../lib/gcc/arm-atollic-eabi/6.3.1/../../../../arm-atollic-eabi/lib/armv7-m\libc_nano.a(lib_a-mlock.o)
                0x08008166                __malloc_unlock
 .text._malloc_usable_size_r
                0x08008168       0x12 c:/program files (x86)/atollic/truestudio for stm32 9.3.0/armtools/bin/../lib/gcc/arm-atollic-eabi/6.3.1/../../../../arm-atollic-eabi/lib/armv7-m\libc_nano.a(lib_a-nano-msizer.o)
                0x08008168                _malloc_usable_size_r
 *fill*         0x0800817a        0x6 
 .text.ceil     0x08008180      0x108 c:/program files (x86)/atollic/truestudio for stm32 9.3.0/armtools/bin/../lib/gcc/arm-atollic-eabi/6.3.1/../../../../arm-atollic-eabi/lib/armv7-m\libm.a(lib_a-s_ceil.o)
                0x08008180                ceil
 .text.floor    0x08008288      0x108 c:/program files (x86)/atollic/truestudio for stm32 9.3.0/armtools/bin/../lib/gcc/arm-atollic-eabi/6.3.1/../../../../arm-atollic-eabi/lib/armv7-m\libm.a(lib_a-s_floor.o)
                0x08008288                floor
 .text.lround   0x08008390       0x84 c:/program files (x86)/atollic/truestudio for stm32 9.3.0/armtools/bin/../lib/gcc/arm-atollic-eabi/6.3.1/../../../../arm-atollic-eabi/lib/armv7-m\libm.a(lib_a-s_lround.o)
                0x08008390                lround
 .text.round    0x08008414       0x8c c:/program files (x86)/atollic/truestudio for stm32 9.3.0/armtools/bin/../lib/gcc/arm-atollic-eabi/6.3.1/../../../../arm-atollic-eabi/lib/armv7-m\libm.a(lib_a-s_round.o)
                0x08008414                round
 .text.trunc    0x080084a0       0x64 c:/program files (x86)/atollic/truestudio for stm32 9.3.0/armtools/bin/../lib/gcc/arm-atollic-eabi/6.3.1/../../../../arm-atollic-eabi/lib/armv7-m\libm.a(lib_a-s_trunc.o)
                0x080084a0                trunc
 .text.ceilf    0x08008504       0x80 c:/program files (x86)/atollic/truestudio for stm32 9.3.0/armtools/bin/../lib/gcc/arm-atollic-eabi/6.3.1/../../../../arm-atollic-eabi/lib/armv7-m\libm.a(lib_a-sf_ceil.o)
                0x08008504                ceilf
 .text.cosf     0x08008584       0x68 c:/program files (x86)/atollic/truestudio for stm32 9.3.0/armtools/bin/../lib/gcc/arm-atollic-eabi/6.3.1/../../../../arm-atollic-eabi/lib/armv7-m\libm.a(lib_a-sf_cos.o)
                0x08008584                cosf
 .text.sinf     0x080085ec       0x6c c:/program files (x86)/atollic/truestudio for stm32 9.3.0/armtools/bin/../lib/gcc/arm-atollic-eabi/6.3.1/../../../../arm-atollic-eabi/lib/armv7-m\libm.a(lib_a-sf_sin.o)
                0x080085ec                sinf
 .text.sqrt     0x08008658       0xa8 c:/program files (x86)/atollic/truestudio for stm32 9.3.0/armtools/bin/../lib/gcc/arm-atollic-eabi/6.3.1/../../../../arm-atollic-eabi/lib/armv7-m\libm.a(lib_a-w_sqrt.o)
                0x08008658                sqrt
 .text.atan2f   0x08008700        0x4 c:/program files (x86)/atollic/truestudio for stm32 9.3.0/armtools/bin/../lib/gcc/arm-atollic-eabi/6.3.1/../../../../arm-atollic-eabi/lib/armv7-m\libm.a(lib_a-wf_atan2.o)
                0x08008700                atan2f
 .text.sqrtf    0x08008704       0x94 c:/program files (x86)/atollic/truestudio for stm32 9.3.0/armtools/bin/../lib/gcc/arm-atollic-eabi/6.3.1/../../../../arm-atollic-eabi/lib/armv7-m\libm.a(lib_a-wf_sqrt.o)
                0x08008704                sqrtf
 .text.__ieee754_sqrt
                0x08008798      0x158 c:/program files (x86)/atollic/truestudio for stm32 9.3.0/armtools/bin/../lib/gcc/arm-atollic-eabi/6.3.1/../../../../arm-atollic-eabi/lib/armv7-m\libm.a(lib_a-e_sqrt.o)
                0x08008798                __ieee754_sqrt
 .text.__ieee754_atan2f
                0x080088f0      0x120 c:/program files (x86)/atollic/truestudio for stm32 9.3.0/armtools/bin/../lib/gcc/arm-atollic-eabi/6.3.1/../../../../arm-atollic-eabi/lib/armv7-m\libm.a(lib_a-ef_atan2.o)
                0x080088f0                __ieee754_atan2f
 .text.__ieee754_rem_pio2f
                0x08008a10      0x2b0 c:/program files (x86)/atollic/truestudio for stm32 9.3.0/armtools/bin/../lib/gcc/arm-atollic-eabi/6.3.1/../../../../arm-atollic-eabi/lib/armv7-m\libm.a(lib_a-ef_rem_pio2.o)
                0x08008a10                __ieee754_rem_pio2f
 .text.__ieee754_sqrtf
                0x08008cc0       0xa4 c:/program files (x86)/atollic/truestudio for stm32 9.3.0/armtools/bin/../lib/gcc/arm-atollic-eabi/6.3.1/../../../../arm-atollic-eabi/lib/armv7-m\libm.a(lib_a-ef_sqrt.o)
                0x08008cc0                __ieee754_sqrtf
 .text.__kernel_cosf
                0x08008d64      0x128 c:/program files (x86)/atollic/truestudio for stm32 9.3.0/armtools/bin/../lib/gcc/arm-atollic-eabi/6.3.1/../../../../arm-atollic-eabi/lib/armv7-m\libm.a(lib_a-kf_cos.o)
                0x08008d64                __kernel_cosf
 .text.__kernel_rem_pio2f
                0x08008e8c      0x51c c:/program files (x86)/atollic/truestudio for stm32 9.3.0/armtools/bin/../lib/gcc/arm-atollic-eabi/6.3.1/../../../../arm-atollic-eabi/lib/armv7-m\libm.a(lib_a-kf_rem_pio2.o)
                0x08008e8c                __kernel_rem_pio2f
 .text.__kernel_sinf
                0x080093a8       0xec c:/program files (x86)/atollic/truestudio for stm32 9.3.0/armtools/bin/../lib/gcc/arm-atollic-eabi/6.3.1/../../../../arm-atollic-eabi/lib/armv7-m\libm.a(lib_a-kf_sin.o)
                0x080093a8                __kernel_sinf
 .text.matherr  0x08009494        0x4 c:/program files (x86)/atollic/truestudio for stm32 9.3.0/armtools/bin/../lib/gcc/arm-atollic-eabi/6.3.1/../../../../arm-atollic-eabi/lib/armv7-m\libm.a(lib_a-s_matherr.o)
                0x08009494                matherr
 .text.atanf    0x08009498      0x220 c:/program files (x86)/atollic/truestudio for stm32 9.3.0/armtools/bin/../lib/gcc/arm-atollic-eabi/6.3.1/../../../../arm-atollic-eabi/lib/armv7-m\libm.a(lib_a-sf_atan.o)
                0x08009498                atanf
 .text.fabsf    0x080096b8        0x6 c:/program files (x86)/atollic/truestudio for stm32 9.3.0/armtools/bin/../lib/gcc/arm-atollic-eabi/6.3.1/../../../../arm-atollic-eabi/lib/armv7-m\libm.a(lib_a-sf_fabs.o)
                0x080096b8                fabsf
 *fill*         0x080096be        0x2 
 .text.floorf   0x080096c0       0x80 c:/program files (x86)/atollic/truestudio for stm32 9.3.0/armtools/bin/../lib/gcc/arm-atollic-eabi/6.3.1/../../../../arm-atollic-eabi/lib/armv7-m\libm.a(lib_a-sf_floor.o)
                0x080096c0                floorf
 .text.scalbnf  0x08009740       0x98 c:/program files (x86)/atollic/truestudio for stm32 9.3.0/armtools/bin/../lib/gcc/arm-atollic-eabi/6.3.1/../../../../arm-atollic-eabi/lib/armv7-m\libm.a(lib_a-sf_scalbn.o)
                0x08009740                scalbnf
 .text.copysignf
                0x080097d8        0xc c:/program files (x86)/atollic/truestudio for stm32 9.3.0/armtools/bin/../lib/gcc/arm-atollic-eabi/6.3.1/../../../../arm-atollic-eabi/lib/armv7-m\libm.a(lib_a-sf_copysign.o)
                0x080097d8                copysignf
 *(.glue_7)
 .glue_7        0x080097e4        0x0 linker stubs
 *(.glue_7t)
 .glue_7t       0x080097e4        0x0 linker stubs
 *(.eh_frame)
 .eh_frame      0x080097e4        0x0 c:/program files (x86)/atollic/truestudio for stm32 9.3.0/armtools/bin/../lib/gcc/arm-atollic-eabi/6.3.1/armv7-m/crtbegin.o
 *(.init)
 .init          0x080097e4        0x4 c:/program files (x86)/atollic/truestudio for stm32 9.3.0/armtools/bin/../lib/gcc/arm-atollic-eabi/6.3.1/armv7-m/crti.o
                0x080097e4                _init
 .init          0x080097e8        0x8 c:/program files (x86)/atollic/truestudio for stm32 9.3.0/armtools/bin/../lib/gcc/arm-atollic-eabi/6.3.1/armv7-m/crtn.o
 *(.fini)
 .fini          0x080097f0        0x4 c:/program files (x86)/atollic/truestudio for stm32 9.3.0/armtools/bin/../lib/gcc/arm-atollic-eabi/6.3.1/armv7-m/crti.o
                0x080097f0                _fini
 .fini          0x080097f4        0x8 c:/program files (x86)/atollic/truestudio for stm32 9.3.0/armtools/bin/../lib/gcc/arm-atollic-eabi/6.3.1/armv7-m/crtn.o
                0x080097fc                . = ALIGN (0x4)
                0x080097fc                _etext = .

.vfp11_veneer   0x080097fc        0x0
 .vfp11_veneer  0x080097fc        0x0 linker stubs

.v4_bx          0x080097fc        0x0
 .v4_bx         0x080097fc        0x0 linker stubs

.iplt           0x080097fc        0x0
 .iplt          0x080097fc        0x0 c:/program files (x86)/atollic/truestudio for stm32 9.3.0/armtools/bin/../lib/gcc/arm-atollic-eabi/6.3.1/armv7-m/crtbegin.o

.rodata         0x080097fc      0x658
                0x080097fc                . = ALIGN (0x4)
 *(.rodata)
 .rodata        0x080097fc       0x10 Drivers\STM32F1xx_HAL_Driver\Src\stm32f1xx_hal_rcc.o
 *(.rodata*)
 .rodata.AHBPrescTable
                0x0800980c       0x10 Src\system_stm32f1xx.o
                0x0800980c                AHBPrescTable
 .rodata.APBPrescTable
                0x0800981c        0x8 Src\system_stm32f1xx.o
                0x0800981c                APBPrescTable
 .rodata.report_alarm_message.str1.1
                0x08009824        0x7 grbl\report.o
 .rodata.report_build_info.str1.1
                0x0800982b       0x1f grbl\report.o
 .rodata.report_feedback_message.str1.1
                0x0800984a       0x9d grbl\report.o
 .rodata.report_gcode_modes.str1.1
                0x080098e7       0x19 grbl\report.o
 .rodata.report_grbl_help.str1.1
                0x08009900       0x4a grbl\report.o
 .rodata.report_init_message.str1.1
                0x0800994a       0x22 grbl\report.o
 .rodata.report_ngc_parameters.str1.1
                0x0800996c       0x15 grbl\report.o
 .rodata.report_probe_parameters.str1.1
                0x08009981        0x6 grbl\report.o
 .rodata.report_realtime_status.str1.1
                0x08009987       0x5c grbl\report.o
 .rodata.report_startup_line.str1.1
                0x080099e3        0x3 grbl\report.o
 .rodata.report_status_message.str1.1
                0x080099e6        0xc grbl\report.o
 .rodata.report_util_line_feed.str1.1
                0x080099f2        0xc grbl\report.o
                                  0x3 (size before relaxing)
 .rodata.direction_pin_mask
                0x080099f2        0xc stm32\stm32utilities.o
                0x080099f2                direction_pin_mask
 .rodata.limit_pin_mask
                0x080099fe        0xc stm32\stm32utilities.o
                0x080099fe                limit_pin_mask
 .rodata.step_pin_mask
                0x08009a0a        0xc stm32\stm32utilities.o
                0x08009a0a                step_pin_mask
 .rodata.uart_init.str1.1
                0x08009a16        0xf stm32\stm32utilities.o
 .rodata._svfprintf_r.str1.1
                0x08009a25       0x11 c:/program files (x86)/atollic/truestudio for stm32 9.3.0/armtools/bin/../lib/gcc/arm-atollic-eabi/6.3.1/../../../../arm-atollic-eabi/lib/armv7-m\libc_nano.a(lib_a-nano-svfprintf.o)
 .rodata._printf_i.str1.1
                0x08009a36       0x22 c:/program files (x86)/atollic/truestudio for stm32 9.3.0/armtools/bin/../lib/gcc/arm-atollic-eabi/6.3.1/../../../../arm-atollic-eabi/lib/armv7-m\libc_nano.a(lib_a-nano-vfprintf_i.o)
 .rodata.sqrt.str1.1
                0x08009a58        0x5 c:/program files (x86)/atollic/truestudio for stm32 9.3.0/armtools/bin/../lib/gcc/arm-atollic-eabi/6.3.1/../../../../arm-atollic-eabi/lib/armv7-m\libm.a(lib_a-w_sqrt.o)
 .rodata.sqrtf.str1.1
                0x08009a5d        0x6 c:/program files (x86)/atollic/truestudio for stm32 9.3.0/armtools/bin/../lib/gcc/arm-atollic-eabi/6.3.1/../../../../arm-atollic-eabi/lib/armv7-m\libm.a(lib_a-wf_sqrt.o)
 *fill*         0x08009a63        0x1 
 .rodata.npio2_hw
                0x08009a64       0x80 c:/program files (x86)/atollic/truestudio for stm32 9.3.0/armtools/bin/../lib/gcc/arm-atollic-eabi/6.3.1/../../../../arm-atollic-eabi/lib/armv7-m\libm.a(lib_a-ef_rem_pio2.o)
 .rodata.two_over_pi
                0x08009ae4      0x318 c:/program files (x86)/atollic/truestudio for stm32 9.3.0/armtools/bin/../lib/gcc/arm-atollic-eabi/6.3.1/../../../../arm-atollic-eabi/lib/armv7-m\libm.a(lib_a-ef_rem_pio2.o)
 .rodata.PIo2   0x08009dfc       0x2c c:/program files (x86)/atollic/truestudio for stm32 9.3.0/armtools/bin/../lib/gcc/arm-atollic-eabi/6.3.1/../../../../arm-atollic-eabi/lib/armv7-m\libm.a(lib_a-kf_rem_pio2.o)
 .rodata.init_jk
                0x08009e28        0xc c:/program files (x86)/atollic/truestudio for stm32 9.3.0/armtools/bin/../lib/gcc/arm-atollic-eabi/6.3.1/../../../../arm-atollic-eabi/lib/armv7-m\libm.a(lib_a-kf_rem_pio2.o)
 .rodata.atanhi
                0x08009e34       0x10 c:/program files (x86)/atollic/truestudio for stm32 9.3.0/armtools/bin/../lib/gcc/arm-atollic-eabi/6.3.1/../../../../arm-atollic-eabi/lib/armv7-m\libm.a(lib_a-sf_atan.o)
 .rodata.atanlo
                0x08009e44       0x10 c:/program files (x86)/atollic/truestudio for stm32 9.3.0/armtools/bin/../lib/gcc/arm-atollic-eabi/6.3.1/../../../../arm-atollic-eabi/lib/armv7-m\libm.a(lib_a-sf_atan.o)
                0x08009e54                . = ALIGN (0x4)

.rel.dyn        0x08009e54        0x0
 .rel.iplt      0x08009e54        0x0 c:/program files (x86)/atollic/truestudio for stm32 9.3.0/armtools/bin/../lib/gcc/arm-atollic-eabi/6.3.1/armv7-m/crtbegin.o

.ARM.extab
 *(.ARM.extab* .gnu.linkonce.armextab.*)

.ARM            0x08009e54        0x0
                0x08009e54                __exidx_start = .
 *(.ARM.exidx*)
                0x08009e54                __exidx_end = .

.preinit_array  0x08009e54        0x0
                0x08009e54                PROVIDE (__preinit_array_start, .)
 *(.preinit_array*)
                0x08009e54                PROVIDE (__preinit_array_end, .)

.init_array     0x08009e54        0x4
                0x08009e54                PROVIDE (__init_array_start, .)
 *(SORT(.init_array.*))
 *(.init_array*)
 .init_array    0x08009e54        0x4 c:/program files (x86)/atollic/truestudio for stm32 9.3.0/armtools/bin/../lib/gcc/arm-atollic-eabi/6.3.1/armv7-m/crtbegin.o
                0x08009e58                PROVIDE (__init_array_end, .)

.fini_array     0x08009e58        0x4
                [!provide]                PROVIDE (__fini_array_start, .)
 *(SORT(.fini_array.*))
 *(.fini_array*)
 .fini_array    0x08009e58        0x4 c:/program files (x86)/atollic/truestudio for stm32 9.3.0/armtools/bin/../lib/gcc/arm-atollic-eabi/6.3.1/armv7-m/crtbegin.o
                [!provide]                PROVIDE (__fini_array_end, .)
                0x08009e5c                _sidata = LOADADDR (.data)

.data           0x20000000       0x74 load address 0x08009e5c
                0x20000000                . = ALIGN (0x4)
                0x20000000                _sdata = .
 *(.data)
 *(.data*)
 .data.uwTickFreq
                0x20000000        0x1 Drivers\STM32F1xx_HAL_Driver\Src\stm32f1xx_hal.o
                0x20000000                uwTickFreq
 *fill*         0x20000001        0x3 
 .data.uwTickPrio
                0x20000004        0x4 Drivers\STM32F1xx_HAL_Driver\Src\stm32f1xx_hal.o
                0x20000004                uwTickPrio
 .data.SystemCoreClock
                0x20000008        0x4 Src\system_stm32f1xx.o
                0x20000008                SystemCoreClock
 .data._impure_ptr
                0x2000000c        0x4 c:/program files (x86)/atollic/truestudio for stm32 9.3.0/armtools/bin/../lib/gcc/arm-atollic-eabi/6.3.1/../../../../arm-atollic-eabi/lib/armv7-m\libc_nano.a(lib_a-impure.o)
                0x2000000c                _impure_ptr
 .data.impure_data
                0x20000010       0x60 c:/program files (x86)/atollic/truestudio for stm32 9.3.0/armtools/bin/../lib/gcc/arm-atollic-eabi/6.3.1/../../../../arm-atollic-eabi/lib/armv7-m\libc_nano.a(lib_a-impure.o)
 .data.__fdlib_version
                0x20000070        0x1 c:/program files (x86)/atollic/truestudio for stm32 9.3.0/armtools/bin/../lib/gcc/arm-atollic-eabi/6.3.1/../../../../arm-atollic-eabi/lib/armv7-m\libm.a(lib_a-s_lib_ver.o)
                0x20000070                __fdlib_version
                0x20000074                . = ALIGN (0x4)
 *fill*         0x20000071        0x3 
                0x20000074                _edata = .

.igot.plt       0x20000074        0x0 load address 0x08009ed0
 .igot.plt      0x20000074        0x0 c:/program files (x86)/atollic/truestudio for stm32 9.3.0/armtools/bin/../lib/gcc/arm-atollic-eabi/6.3.1/armv7-m/crtbegin.o
                0x20000074                . = ALIGN (0x4)

.bss            0x20000078     0x4030 load address 0x08009ed0
                0x20000078                _sbss = .
                0x20000078                __bss_start__ = _sbss
 *(.bss)
 .bss           0x20000078       0x1c c:/program files (x86)/atollic/truestudio for stm32 9.3.0/armtools/bin/../lib/gcc/arm-atollic-eabi/6.3.1/armv7-m/crtbegin.o
 *(.bss*)
 .bss.heap_end.5887
                0x20000094        0x4 Src\syscalls.o
 .bss.block_buffer
                0x20000098     0x3200 grbl\planner.o
 .bss.block_buffer_head
                0x20003298        0x1 grbl\planner.o
 .bss.block_buffer_planned
                0x20003299        0x1 grbl\planner.o
 .bss.block_buffer_tail
                0x2000329a        0x1 grbl\planner.o
 .bss.next_buffer_head
                0x2000329b        0x1 grbl\planner.o
 .bss.pl        0x2000329c       0x34 grbl\planner.o
 .bss.line      0x200032d0       0x50 grbl\protocol.o
 .bss.serial_rx_buffer_head
                0x20003320        0x1 grbl\serial.o
                0x20003320                serial_rx_buffer_head
 .bss.serial_rx_buffer_tail
                0x20003321        0x1 grbl\serial.o
                0x20003321                serial_rx_buffer_tail
 *fill*         0x20003322        0x2 
 .bss.pwm_gradient
                0x20003324        0x4 grbl\spindle_control.o
 .bss.busy      0x20003328        0x1 grbl\stepper.o
 *fill*         0x20003329        0x1 
 .bss.dir_port_invert_mask
                0x2000332a        0x2 grbl\stepper.o
 .bss.pl_block  0x2000332c        0x4 grbl\stepper.o
 .bss.prep      0x20003330       0x38 grbl\stepper.o
 .bss.segment_buffer
                0x20003368      0x100 grbl\stepper.o
 .bss.segment_buffer_head
                0x20003468        0x1 grbl\stepper.o
 .bss.segment_buffer_tail
                0x20003469        0x1 grbl\stepper.o
 .bss.segment_next_head
                0x2000346a        0x1 grbl\stepper.o
 *fill*         0x2000346b        0x1 
 .bss.st        0x2000346c       0x44 grbl\stepper.o
 .bss.st_block_buffer
                0x200034b0      0x3e0 grbl\stepper.o
 .bss.st_prep_block
                0x20003890        0x4 grbl\stepper.o
 .bss.step_port_invert_mask
                0x20003894        0x2 grbl\stepper.o
 *fill*         0x20003896        0x2 
 .bss.fTICKS_PER_MINUTE
                0x20003898        0x4 stm32\stm32utilities.o
                0x20003898                fTICKS_PER_MINUTE
 .bss.uTICKS_PER_MICROSECOND
                0x2000389c        0x4 stm32\stm32utilities.o
                0x2000389c                uTICKS_PER_MICROSECOND
 .bss.__malloc_free_list
                0x200038a0        0x4 c:/program files (x86)/atollic/truestudio for stm32 9.3.0/armtools/bin/../lib/gcc/arm-atollic-eabi/6.3.1/../../../../arm-atollic-eabi/lib/armv7-m\libc_nano.a(lib_a-nano-mallocr.o)
                0x200038a0                __malloc_free_list
 .bss.__malloc_sbrk_start
                0x200038a4        0x4 c:/program files (x86)/atollic/truestudio for stm32 9.3.0/armtools/bin/../lib/gcc/arm-atollic-eabi/6.3.1/../../../../arm-atollic-eabi/lib/armv7-m\libc_nano.a(lib_a-nano-mallocr.o)
                0x200038a4                __malloc_sbrk_start
 *(COMMON)
 COMMON         0x200038a8        0x4 Drivers\STM32F1xx_HAL_Driver\Src\stm32f1xx_hal.o
                0x200038a8                uwTick
 *fill*         0x200038ac        0x4 
 COMMON         0x200038b0       0x20 Drivers\STM32F1xx_HAL_Driver\Src\stm32f1xx_hal_flash.o
                0x200038b0                pFlash
 COMMON         0x200038d0       0x4d Src\main.o
                0x200038d0                sys_rt_exec_motion_override
                0x200038d4                sys
                0x200038e8                sys_rt_exec_accessory_override
                0x200038e9                sys_rt_exec_state
                0x200038ea                sys_probe_state
                0x200038ec                sys_probe_position
                0x20003904                sys_position
                0x2000391c                sys_rt_exec_alarm
 COMMON         0x2000391d      0x400 grbl\eeprom.o
                0x2000391d                EE_Buffer
 *fill*         0x20003d1d        0x3 
 COMMON         0x20003d20       0xd0 grbl\gcode.o
                0x20003d20                gc_state
                0x20003d8c                gc_block
 COMMON         0x20003df0        0x1 grbl\probe.o
                0x20003df0                probe_invert_mask
 COMMON         0x20003df1      0x17e grbl\serial.o
                0x20003df1                serial_tx_buffer
                0x20003e71                serial_rx_buffer
 *fill*         0x20003f6f        0x1 
 COMMON         0x20003f70       0xc0 grbl\settings.o
                0x20003f70                settings
                0x20004000                adjustments
 COMMON         0x20004030       0x73 stm32\stm32utilities.o
                0x20004030                pDbgStr
                0x20004080                pDbgVal8a
                0x20004089                pDbgVal16
                0x2000409a                pDbgVal8b
 *fill*         0x200040a3        0x1 
 COMMON         0x200040a4        0x4 c:/program files (x86)/atollic/truestudio for stm32 9.3.0/armtools/bin/../lib/gcc/arm-atollic-eabi/6.3.1/../../../../arm-atollic-eabi/lib/armv7-m\libc_nano.a(lib_a-reent.o)
                0x200040a4                errno
                0x200040a8                . = ALIGN (0x4)
                0x200040a8                _ebss = .
                0x200040a8                __bss_end__ = _ebss

._user_heap_stack
                0x200040a8      0x600 load address 0x08009ed0
                0x200040a8                . = ALIGN (0x4)
                0x200040a8                PROVIDE (end, .)
                [!provide]                PROVIDE (_end, .)
                0x200042a8                . = (. + _Min_Heap_Size)
 *fill*         0x200040a8      0x200 
                0x200046a8                . = (. + _Min_Stack_Size)
 *fill*         0x200042a8      0x400 
                0x200046a8                . = ALIGN (0x4)

/DISCARD/
 libc.a(*)
 libm.a(*)
 libgcc.a(*)

.ARM.attributes
                0x00000000       0x29
 *(.ARM.attributes)
 .ARM.attributes
                0x00000000       0x1d c:/program files (x86)/atollic/truestudio for stm32 9.3.0/armtools/bin/../lib/gcc/arm-atollic-eabi/6.3.1/armv7-m/crti.o
 .ARM.attributes
                0x0000001d       0x2d c:/program files (x86)/atollic/truestudio for stm32 9.3.0/armtools/bin/../lib/gcc/arm-atollic-eabi/6.3.1/armv7-m/crtbegin.o
 .ARM.attributes
                0x0000004a       0x33 Drivers\STM32F1xx_HAL_Driver\Src\stm32f1xx_hal.o
 .ARM.attributes
                0x0000007d       0x33 Drivers\STM32F1xx_HAL_Driver\Src\stm32f1xx_hal_cortex.o
 .ARM.attributes
                0x000000b0       0x33 Drivers\STM32F1xx_HAL_Driver\Src\stm32f1xx_hal_flash.o
 .ARM.attributes
                0x000000e3       0x33 Drivers\STM32F1xx_HAL_Driver\Src\stm32f1xx_hal_flash_ex.o
 .ARM.attributes
                0x00000116       0x33 Drivers\STM32F1xx_HAL_Driver\Src\stm32f1xx_hal_gpio.o
 .ARM.attributes
                0x00000149       0x33 Drivers\STM32F1xx_HAL_Driver\Src\stm32f1xx_hal_rcc.o
 .ARM.attributes
                0x0000017c       0x33 Drivers\STM32F1xx_HAL_Driver\Src\stm32f1xx_ll_gpio.o
 .ARM.attributes
                0x000001af       0x33 Drivers\STM32F1xx_HAL_Driver\Src\stm32f1xx_ll_rcc.o
 .ARM.attributes
                0x000001e2       0x33 Drivers\STM32F1xx_HAL_Driver\Src\stm32f1xx_ll_tim.o
 .ARM.attributes
                0x00000215       0x33 Drivers\STM32F1xx_HAL_Driver\Src\stm32f1xx_ll_usart.o
 .ARM.attributes
                0x00000248       0x33 Src\gpio.o
 .ARM.attributes
                0x0000027b       0x33 Src\main.o
 .ARM.attributes
                0x000002ae       0x33 Src\stm32f1xx_hal_msp.o
 .ARM.attributes
                0x000002e1       0x33 Src\stm32f1xx_it.o
 .ARM.attributes
                0x00000314       0x33 Src\syscalls.o
 .ARM.attributes
                0x00000347       0x33 Src\system_stm32f1xx.o
 .ARM.attributes
                0x0000037a       0x33 Src\tim.o
 .ARM.attributes
                0x000003ad       0x33 Src\usart.o
 .ARM.attributes
                0x000003e0       0x33 grbl\coolant_control.o
 .ARM.attributes
                0x00000413       0x33 grbl\eeprom.o
 .ARM.attributes
                0x00000446       0x33 grbl\gcode.o
 .ARM.attributes
                0x00000479       0x33 grbl\jog.o
 .ARM.attributes
                0x000004ac       0x33 grbl\limits.o
 .ARM.attributes
                0x000004df       0x33 grbl\motion_control.o
 .ARM.attributes
                0x00000512       0x33 grbl\nuts_bolts.o
 .ARM.attributes
                0x00000545       0x33 grbl\planner.o
 .ARM.attributes
                0x00000578       0x33 grbl\print.o
 .ARM.attributes
                0x000005ab       0x33 grbl\probe.o
 .ARM.attributes
                0x000005de       0x33 grbl\protocol.o
 .ARM.attributes
                0x00000611       0x33 grbl\report.o
 .ARM.attributes
                0x00000644       0x33 grbl\serial.o
 .ARM.attributes
                0x00000677       0x33 grbl\settings.o
 .ARM.attributes
                0x000006aa       0x33 grbl\spindle_control.o
 .ARM.attributes
                0x000006dd       0x33 grbl\stepper.o
 .ARM.attributes
                0x00000710       0x33 grbl\system.o
 .ARM.attributes
                0x00000743       0x21 startup\startup_stm32f103xb.o
 .ARM.attributes
                0x00000764       0x33 stm32\inoutputs.o
 .ARM.attributes
                0x00000797       0x33 stm32\stm32utilities.o
 .ARM.attributes
                0x000007ca       0x2d c:/program files (x86)/atollic/truestudio for stm32 9.3.0/armtools/bin/../lib/gcc/arm-atollic-eabi/6.3.1/../../../../arm-atollic-eabi/lib/armv7-m\libc_nano.a(lib_a-errno.o)
 .ARM.attributes
                0x000007f7       0x2d c:/program files (x86)/atollic/truestudio for stm32 9.3.0/armtools/bin/../lib/gcc/arm-atollic-eabi/6.3.1/../../../../arm-atollic-eabi/lib/armv7-m\libc_nano.a(lib_a-impure.o)
 .ARM.attributes
                0x00000824       0x2d c:/program files (x86)/atollic/truestudio for stm32 9.3.0/armtools/bin/../lib/gcc/arm-atollic-eabi/6.3.1/../../../../arm-atollic-eabi/lib/armv7-m\libc_nano.a(lib_a-init.o)
 .ARM.attributes
                0x00000851       0x2d c:/program files (x86)/atollic/truestudio for stm32 9.3.0/armtools/bin/../lib/gcc/arm-atollic-eabi/6.3.1/../../../../arm-atollic-eabi/lib/armv7-m\libc_nano.a(lib_a-memcmp.o)
 .ARM.attributes
                0x0000087e       0x2d c:/program files (x86)/atollic/truestudio for stm32 9.3.0/armtools/bin/../lib/gcc/arm-atollic-eabi/6.3.1/../../../../arm-atollic-eabi/lib/armv7-m\libc_nano.a(lib_a-memset.o)
 .ARM.attributes
                0x000008ab       0x2d c:/program files (x86)/atollic/truestudio for stm32 9.3.0/armtools/bin/../lib/gcc/arm-atollic-eabi/6.3.1/../../../../arm-atollic-eabi/lib/armv7-m\libc_nano.a(lib_a-sprintf.o)
 .ARM.attributes
                0x000008d8       0x2d c:/program files (x86)/atollic/truestudio for stm32 9.3.0/armtools/bin/../lib/gcc/arm-atollic-eabi/6.3.1/../../../../arm-atollic-eabi/lib/armv7-m\libc_nano.a(lib_a-nano-svfprintf.o)
 .ARM.attributes
                0x00000905       0x2d c:/program files (x86)/atollic/truestudio for stm32 9.3.0/armtools/bin/../lib/gcc/arm-atollic-eabi/6.3.1/../../../../arm-atollic-eabi/lib/armv7-m\libc_nano.a(lib_a-nano-vfprintf_i.o)
 .ARM.attributes
                0x00000932       0x2d c:/program files (x86)/atollic/truestudio for stm32 9.3.0/armtools/bin/../lib/gcc/arm-atollic-eabi/6.3.1/../../../../arm-atollic-eabi/lib/armv7-m\libc_nano.a(lib_a-memchr-stub.o)
 .ARM.attributes
                0x0000095f       0x2d c:/program files (x86)/atollic/truestudio for stm32 9.3.0/armtools/bin/../lib/gcc/arm-atollic-eabi/6.3.1/../../../../arm-atollic-eabi/lib/armv7-m\libc_nano.a(lib_a-memcpy-stub.o)
 .ARM.attributes
                0x0000098c       0x2d c:/program files (x86)/atollic/truestudio for stm32 9.3.0/armtools/bin/../lib/gcc/arm-atollic-eabi/6.3.1/../../../../arm-atollic-eabi/lib/armv7-m\libc_nano.a(lib_a-memmove.o)
 .ARM.attributes
                0x000009b9       0x2d c:/program files (x86)/atollic/truestudio for stm32 9.3.0/armtools/bin/../lib/gcc/arm-atollic-eabi/6.3.1/../../../../arm-atollic-eabi/lib/armv7-m\libc_nano.a(lib_a-nano-freer.o)
 .ARM.attributes
                0x000009e6       0x2d c:/program files (x86)/atollic/truestudio for stm32 9.3.0/armtools/bin/../lib/gcc/arm-atollic-eabi/6.3.1/../../../../arm-atollic-eabi/lib/armv7-m\libc_nano.a(lib_a-nano-mallocr.o)
 .ARM.attributes
                0x00000a13       0x2d c:/program files (x86)/atollic/truestudio for stm32 9.3.0/armtools/bin/../lib/gcc/arm-atollic-eabi/6.3.1/../../../../arm-atollic-eabi/lib/armv7-m\libc_nano.a(lib_a-nano-reallocr.o)
 .ARM.attributes
                0x00000a40       0x2d c:/program files (x86)/atollic/truestudio for stm32 9.3.0/armtools/bin/../lib/gcc/arm-atollic-eabi/6.3.1/../../../../arm-atollic-eabi/lib/armv7-m\libc_nano.a(lib_a-sbrkr.o)
 .ARM.attributes
                0x00000a6d       0x2d c:/program files (x86)/atollic/truestudio for stm32 9.3.0/armtools/bin/../lib/gcc/arm-atollic-eabi/6.3.1/../../../../arm-atollic-eabi/lib/armv7-m\libc_nano.a(lib_a-mlock.o)
 .ARM.attributes
                0x00000a9a       0x2d c:/program files (x86)/atollic/truestudio for stm32 9.3.0/armtools/bin/../lib/gcc/arm-atollic-eabi/6.3.1/../../../../arm-atollic-eabi/lib/armv7-m\libc_nano.a(lib_a-nano-msizer.o)
 .ARM.attributes
                0x00000ac7       0x2d c:/program files (x86)/atollic/truestudio for stm32 9.3.0/armtools/bin/../lib/gcc/arm-atollic-eabi/6.3.1/../../../../arm-atollic-eabi/lib/armv7-m\libc_nano.a(lib_a-reent.o)
 .ARM.attributes
                0x00000af4       0x2d c:/program files (x86)/atollic/truestudio for stm32 9.3.0/armtools/bin/../lib/gcc/arm-atollic-eabi/6.3.1/../../../../arm-atollic-eabi/lib/armv7-m\libm.a(lib_a-s_ceil.o)
 .ARM.attributes
                0x00000b21       0x2d c:/program files (x86)/atollic/truestudio for stm32 9.3.0/armtools/bin/../lib/gcc/arm-atollic-eabi/6.3.1/../../../../arm-atollic-eabi/lib/armv7-m\libm.a(lib_a-s_floor.o)
 .ARM.attributes
                0x00000b4e       0x2d c:/program files (x86)/atollic/truestudio for stm32 9.3.0/armtools/bin/../lib/gcc/arm-atollic-eabi/6.3.1/../../../../arm-atollic-eabi/lib/armv7-m\libm.a(lib_a-s_lround.o)
 .ARM.attributes
                0x00000b7b       0x2d c:/program files (x86)/atollic/truestudio for stm32 9.3.0/armtools/bin/../lib/gcc/arm-atollic-eabi/6.3.1/../../../../arm-atollic-eabi/lib/armv7-m\libm.a(lib_a-s_round.o)
 .ARM.attributes
                0x00000ba8       0x2d c:/program files (x86)/atollic/truestudio for stm32 9.3.0/armtools/bin/../lib/gcc/arm-atollic-eabi/6.3.1/../../../../arm-atollic-eabi/lib/armv7-m\libm.a(lib_a-s_trunc.o)
 .ARM.attributes
                0x00000bd5       0x2d c:/program files (x86)/atollic/truestudio for stm32 9.3.0/armtools/bin/../lib/gcc/arm-atollic-eabi/6.3.1/../../../../arm-atollic-eabi/lib/armv7-m\libm.a(lib_a-sf_ceil.o)
 .ARM.attributes
                0x00000c02       0x2d c:/program files (x86)/atollic/truestudio for stm32 9.3.0/armtools/bin/../lib/gcc/arm-atollic-eabi/6.3.1/../../../../arm-atollic-eabi/lib/armv7-m\libm.a(lib_a-sf_cos.o)
 .ARM.attributes
                0x00000c2f       0x2d c:/program files (x86)/atollic/truestudio for stm32 9.3.0/armtools/bin/../lib/gcc/arm-atollic-eabi/6.3.1/../../../../arm-atollic-eabi/lib/armv7-m\libm.a(lib_a-sf_sin.o)
 .ARM.attributes
                0x00000c5c       0x2d c:/program files (x86)/atollic/truestudio for stm32 9.3.0/armtools/bin/../lib/gcc/arm-atollic-eabi/6.3.1/../../../../arm-atollic-eabi/lib/armv7-m\libm.a(lib_a-w_sqrt.o)
 .ARM.attributes
                0x00000c89       0x2d c:/program files (x86)/atollic/truestudio for stm32 9.3.0/armtools/bin/../lib/gcc/arm-atollic-eabi/6.3.1/../../../../arm-atollic-eabi/lib/armv7-m\libm.a(lib_a-wf_atan2.o)
 .ARM.attributes
                0x00000cb6       0x2d c:/program files (x86)/atollic/truestudio for stm32 9.3.0/armtools/bin/../lib/gcc/arm-atollic-eabi/6.3.1/../../../../arm-atollic-eabi/lib/armv7-m\libm.a(lib_a-wf_sqrt.o)
 .ARM.attributes
                0x00000ce3       0x2d c:/program files (x86)/atollic/truestudio for stm32 9.3.0/armtools/bin/../lib/gcc/arm-atollic-eabi/6.3.1/../../../../arm-atollic-eabi/lib/armv7-m\libm.a(lib_a-e_sqrt.o)
 .ARM.attributes
                0x00000d10       0x2d c:/program files (x86)/atollic/truestudio for stm32 9.3.0/armtools/bin/../lib/gcc/arm-atollic-eabi/6.3.1/../../../../arm-atollic-eabi/lib/armv7-m\libm.a(lib_a-ef_atan2.o)
 .ARM.attributes
                0x00000d3d       0x2d c:/program files (x86)/atollic/truestudio for stm32 9.3.0/armtools/bin/../lib/gcc/arm-atollic-eabi/6.3.1/../../../../arm-atollic-eabi/lib/armv7-m\libm.a(lib_a-ef_rem_pio2.o)
 .ARM.attributes
                0x00000d6a       0x2d c:/program files (x86)/atollic/truestudio for stm32 9.3.0/armtools/bin/../lib/gcc/arm-atollic-eabi/6.3.1/../../../../arm-atollic-eabi/lib/armv7-m\libm.a(lib_a-ef_sqrt.o)
 .ARM.attributes
                0x00000d97       0x2d c:/program files (x86)/atollic/truestudio for stm32 9.3.0/armtools/bin/../lib/gcc/arm-atollic-eabi/6.3.1/../../../../arm-atollic-eabi/lib/armv7-m\libm.a(lib_a-kf_cos.o)
 .ARM.attributes
                0x00000dc4       0x2d c:/program files (x86)/atollic/truestudio for stm32 9.3.0/armtools/bin/../lib/gcc/arm-atollic-eabi/6.3.1/../../../../arm-atollic-eabi/lib/armv7-m\libm.a(lib_a-kf_rem_pio2.o)
 .ARM.attributes
                0x00000df1       0x2d c:/program files (x86)/atollic/truestudio for stm32 9.3.0/armtools/bin/../lib/gcc/arm-atollic-eabi/6.3.1/../../../../arm-atollic-eabi/lib/armv7-m\libm.a(lib_a-kf_sin.o)
 .ARM.attributes
                0x00000e1e       0x2d c:/program files (x86)/atollic/truestudio for stm32 9.3.0/armtools/bin/../lib/gcc/arm-atollic-eabi/6.3.1/../../../../arm-atollic-eabi/lib/armv7-m\libm.a(lib_a-s_lib_ver.o)
 .ARM.attributes
                0x00000e4b       0x2d c:/program files (x86)/atollic/truestudio for stm32 9.3.0/armtools/bin/../lib/gcc/arm-atollic-eabi/6.3.1/../../../../arm-atollic-eabi/lib/armv7-m\libm.a(lib_a-s_matherr.o)
 .ARM.attributes
                0x00000e78       0x2d c:/program files (x86)/atollic/truestudio for stm32 9.3.0/armtools/bin/../lib/gcc/arm-atollic-eabi/6.3.1/../../../../arm-atollic-eabi/lib/armv7-m\libm.a(lib_a-sf_atan.o)
 .ARM.attributes
                0x00000ea5       0x2d c:/program files (x86)/atollic/truestudio for stm32 9.3.0/armtools/bin/../lib/gcc/arm-atollic-eabi/6.3.1/../../../../arm-atollic-eabi/lib/armv7-m\libm.a(lib_a-sf_fabs.o)
 .ARM.attributes
                0x00000ed2       0x2d c:/program files (x86)/atollic/truestudio for stm32 9.3.0/armtools/bin/../lib/gcc/arm-atollic-eabi/6.3.1/../../../../arm-atollic-eabi/lib/armv7-m\libm.a(lib_a-sf_floor.o)
 .ARM.attributes
                0x00000eff       0x2d c:/program files (x86)/atollic/truestudio for stm32 9.3.0/armtools/bin/../lib/gcc/arm-atollic-eabi/6.3.1/../../../../arm-atollic-eabi/lib/armv7-m\libm.a(lib_a-sf_scalbn.o)
 .ARM.attributes
                0x00000f2c       0x2d c:/program files (x86)/atollic/truestudio for stm32 9.3.0/armtools/bin/../lib/gcc/arm-atollic-eabi/6.3.1/../../../../arm-atollic-eabi/lib/armv7-m\libm.a(lib_a-sf_copysign.o)
 .ARM.attributes
                0x00000f59       0x1d c:/program files (x86)/atollic/truestudio for stm32 9.3.0/armtools/bin/../lib/gcc/arm-atollic-eabi/6.3.1/armv7-m\libgcc.a(_lshrdi3.o)
 .ARM.attributes
                0x00000f76       0x1d c:/program files (x86)/atollic/truestudio for stm32 9.3.0/armtools/bin/../lib/gcc/arm-atollic-eabi/6.3.1/armv7-m\libgcc.a(_arm_addsubdf3.o)
 .ARM.attributes
                0x00000f93       0x1d c:/program files (x86)/atollic/truestudio for stm32 9.3.0/armtools/bin/../lib/gcc/arm-atollic-eabi/6.3.1/armv7-m\libgcc.a(_arm_muldivdf3.o)
 .ARM.attributes
                0x00000fb0       0x1d c:/program files (x86)/atollic/truestudio for stm32 9.3.0/armtools/bin/../lib/gcc/arm-atollic-eabi/6.3.1/armv7-m\libgcc.a(_arm_cmpdf2.o)
 .ARM.attributes
                0x00000fcd       0x1d c:/program files (x86)/atollic/truestudio for stm32 9.3.0/armtools/bin/../lib/gcc/arm-atollic-eabi/6.3.1/armv7-m\libgcc.a(_arm_unorddf2.o)
 .ARM.attributes
                0x00000fea       0x1d c:/program files (x86)/atollic/truestudio for stm32 9.3.0/armtools/bin/../lib/gcc/arm-atollic-eabi/6.3.1/armv7-m\libgcc.a(_arm_fixdfsi.o)
 .ARM.attributes
                0x00001007       0x1d c:/program files (x86)/atollic/truestudio for stm32 9.3.0/armtools/bin/../lib/gcc/arm-atollic-eabi/6.3.1/armv7-m\libgcc.a(_arm_fixunsdfsi.o)
 .ARM.attributes
                0x00001024       0x1d c:/program files (x86)/atollic/truestudio for stm32 9.3.0/armtools/bin/../lib/gcc/arm-atollic-eabi/6.3.1/armv7-m\libgcc.a(_arm_truncdfsf2.o)
 .ARM.attributes
                0x00001041       0x1d c:/program files (x86)/atollic/truestudio for stm32 9.3.0/armtools/bin/../lib/gcc/arm-atollic-eabi/6.3.1/armv7-m\libgcc.a(_arm_addsubsf3.o)
 .ARM.attributes
                0x0000105e       0x1d c:/program files (x86)/atollic/truestudio for stm32 9.3.0/armtools/bin/../lib/gcc/arm-atollic-eabi/6.3.1/armv7-m\libgcc.a(_arm_muldivsf3.o)
 .ARM.attributes
                0x0000107b       0x1d c:/program files (x86)/atollic/truestudio for stm32 9.3.0/armtools/bin/../lib/gcc/arm-atollic-eabi/6.3.1/armv7-m\libgcc.a(_arm_cmpsf2.o)
 .ARM.attributes
                0x00001098       0x1d c:/program files (x86)/atollic/truestudio for stm32 9.3.0/armtools/bin/../lib/gcc/arm-atollic-eabi/6.3.1/armv7-m\libgcc.a(_arm_unordsf2.o)
 .ARM.attributes
                0x000010b5       0x1d c:/program files (x86)/atollic/truestudio for stm32 9.3.0/armtools/bin/../lib/gcc/arm-atollic-eabi/6.3.1/armv7-m\libgcc.a(_arm_fixsfsi.o)
 .ARM.attributes
                0x000010d2       0x1d c:/program files (x86)/atollic/truestudio for stm32 9.3.0/armtools/bin/../lib/gcc/arm-atollic-eabi/6.3.1/armv7-m\libgcc.a(_arm_fixunssfsi.o)
 .ARM.attributes
                0x000010ef       0x1d c:/program files (x86)/atollic/truestudio for stm32 9.3.0/armtools/bin/../lib/gcc/arm-atollic-eabi/6.3.1/armv7-m/crtn.o
OUTPUT(F16.elf elf32-littlearm)

.debug_info     0x00000000    0x2ca01
 .debug_info    0x00000000      0xfc8 Drivers\STM32F1xx_HAL_Driver\Src\stm32f1xx_hal.o
 .debug_info    0x00000fc8     0x14a9 Drivers\STM32F1xx_HAL_Driver\Src\stm32f1xx_hal_cortex.o
 .debug_info    0x00002471      0xeeb Drivers\STM32F1xx_HAL_Driver\Src\stm32f1xx_hal_flash.o
 .debug_info    0x0000335c     0x13ac Drivers\STM32F1xx_HAL_Driver\Src\stm32f1xx_hal_flash_ex.o
 .debug_info    0x00004708      0xec2 Drivers\STM32F1xx_HAL_Driver\Src\stm32f1xx_hal_gpio.o
 .debug_info    0x000055ca     0x123d Drivers\STM32F1xx_HAL_Driver\Src\stm32f1xx_hal_rcc.o
 .debug_info    0x00006807     0x105a Drivers\STM32F1xx_HAL_Driver\Src\stm32f1xx_ll_gpio.o
 .debug_info    0x00007861      0xf0d Drivers\STM32F1xx_HAL_Driver\Src\stm32f1xx_ll_rcc.o
 .debug_info    0x0000876e     0x1927 Drivers\STM32F1xx_HAL_Driver\Src\stm32f1xx_ll_tim.o
 .debug_info    0x0000a095      0xf98 Drivers\STM32F1xx_HAL_Driver\Src\stm32f1xx_ll_usart.o
 .debug_info    0x0000b02d      0xf20 Src\gpio.o
 .debug_info    0x0000bf4d     0x1994 Src\main.o
 .debug_info    0x0000d8e1      0xbc7 Src\stm32f1xx_hal_msp.o
 .debug_info    0x0000e4a8     0x1707 Src\stm32f1xx_it.o
 .debug_info    0x0000fbaf      0xfe1 Src\syscalls.o
 .debug_info    0x00010b90      0xc4d Src\system_stm32f1xx.o
 .debug_info    0x000117dd     0x19d9 Src\tim.o
 .debug_info    0x000131b6      0xee3 Src\usart.o
 .debug_info    0x00014099     0x10c6 grbl\coolant_control.o
 .debug_info    0x0001515f     0x1213 grbl\eeprom.o
 .debug_info    0x00016372     0x1728 grbl\gcode.o
 .debug_info    0x00017a9a     0x1042 grbl\jog.o
 .debug_info    0x00018adc     0x160d grbl\limits.o
 .debug_info    0x0001a0e9     0x173c grbl\motion_control.o
 .debug_info    0x0001b825     0x11ef grbl\nuts_bolts.o
 .debug_info    0x0001ca14     0x166a grbl\planner.o
 .debug_info    0x0001e07e     0x1148 grbl\print.o
 .debug_info    0x0001f1c6      0xfe1 grbl\probe.o
 .debug_info    0x000201a7     0x15f5 grbl\protocol.o
 .debug_info    0x0002179c     0x1fed grbl\report.o
 .debug_info    0x00023789     0x10a3 grbl\serial.o
 .debug_info    0x0002482c     0x1502 grbl\settings.o
 .debug_info    0x00025d2e     0x13fd grbl\spindle_control.o
 .debug_info    0x0002712b     0x1fd9 grbl\stepper.o
 .debug_info    0x00029104     0x16c4 grbl\system.o
 .debug_info    0x0002a7c8       0x75 startup\startup_stm32f103xb.o
 .debug_info    0x0002a83d     0x12af stm32\inoutputs.o
 .debug_info    0x0002baec      0xf15 stm32\stm32utilities.o

.debug_abbrev   0x00000000     0x719f
 .debug_abbrev  0x00000000      0x315 Drivers\STM32F1xx_HAL_Driver\Src\stm32f1xx_hal.o
 .debug_abbrev  0x00000315      0x399 Drivers\STM32F1xx_HAL_Driver\Src\stm32f1xx_hal_cortex.o
 .debug_abbrev  0x000006ae      0x373 Drivers\STM32F1xx_HAL_Driver\Src\stm32f1xx_hal_flash.o
 .debug_abbrev  0x00000a21      0x35a Drivers\STM32F1xx_HAL_Driver\Src\stm32f1xx_hal_flash_ex.o
 .debug_abbrev  0x00000d7b      0x268 Drivers\STM32F1xx_HAL_Driver\Src\stm32f1xx_hal_gpio.o
 .debug_abbrev  0x00000fe3      0x367 Drivers\STM32F1xx_HAL_Driver\Src\stm32f1xx_hal_rcc.o
 .debug_abbrev  0x0000134a      0x2c1 Drivers\STM32F1xx_HAL_Driver\Src\stm32f1xx_ll_gpio.o
 .debug_abbrev  0x0000160b      0x30e Drivers\STM32F1xx_HAL_Driver\Src\stm32f1xx_ll_rcc.o
 .debug_abbrev  0x00001919      0x314 Drivers\STM32F1xx_HAL_Driver\Src\stm32f1xx_ll_tim.o
 .debug_abbrev  0x00001c2d      0x2e4 Drivers\STM32F1xx_HAL_Driver\Src\stm32f1xx_ll_usart.o
 .debug_abbrev  0x00001f11      0x222 Src\gpio.o
 .debug_abbrev  0x00002133      0x36c Src\main.o
 .debug_abbrev  0x0000249f      0x1cb Src\stm32f1xx_hal_msp.o
 .debug_abbrev  0x0000266a      0x348 Src\stm32f1xx_it.o
 .debug_abbrev  0x000029b2      0x2d9 Src\syscalls.o
 .debug_abbrev  0x00002c8b      0x1eb Src\system_stm32f1xx.o
 .debug_abbrev  0x00002e76      0x32a Src\tim.o
 .debug_abbrev  0x000031a0      0x28c Src\usart.o
 .debug_abbrev  0x0000342c      0x310 grbl\coolant_control.o
 .debug_abbrev  0x0000373c      0x326 grbl\eeprom.o
 .debug_abbrev  0x00003a62      0x2e0 grbl\gcode.o
 .debug_abbrev  0x00003d42      0x22a grbl\jog.o
 .debug_abbrev  0x00003f6c      0x3a2 grbl\limits.o
 .debug_abbrev  0x0000430e      0x362 grbl\motion_control.o
 .debug_abbrev  0x00004670      0x2c2 grbl\nuts_bolts.o
 .debug_abbrev  0x00004932      0x457 grbl\planner.o
 .debug_abbrev  0x00004d89      0x298 grbl\print.o
 .debug_abbrev  0x00005021      0x28d grbl\probe.o
 .debug_abbrev  0x000052ae      0x2c6 grbl\protocol.o
 .debug_abbrev  0x00005574      0x3eb grbl\report.o
 .debug_abbrev  0x0000595f      0x278 grbl\serial.o
 .debug_abbrev  0x00005bd7      0x393 grbl\settings.o
 .debug_abbrev  0x00005f6a      0x3ba grbl\spindle_control.o
 .debug_abbrev  0x00006324      0x3ee grbl\stepper.o
 .debug_abbrev  0x00006712      0x3a7 grbl\system.o
 .debug_abbrev  0x00006ab9       0x12 startup\startup_stm32f103xb.o
 .debug_abbrev  0x00006acb      0x38b stm32\inoutputs.o
 .debug_abbrev  0x00006e56      0x349 stm32\stm32utilities.o

.debug_loc      0x00000000     0x8222
 .debug_loc     0x00000000      0x11b Drivers\STM32F1xx_HAL_Driver\Src\stm32f1xx_hal.o
 .debug_loc     0x0000011b      0x46b Drivers\STM32F1xx_HAL_Driver\Src\stm32f1xx_hal_cortex.o
 .debug_loc     0x00000586      0x334 Drivers\STM32F1xx_HAL_Driver\Src\stm32f1xx_hal_flash.o
 .debug_loc     0x000008ba      0x6d0 Drivers\STM32F1xx_HAL_Driver\Src\stm32f1xx_hal_flash_ex.o
 .debug_loc     0x00000f8a      0x36a Drivers\STM32F1xx_HAL_Driver\Src\stm32f1xx_hal_gpio.o
 .debug_loc     0x000012f4      0x4c3 Drivers\STM32F1xx_HAL_Driver\Src\stm32f1xx_hal_rcc.o
 .debug_loc     0x000017b7      0x306 Drivers\STM32F1xx_HAL_Driver\Src\stm32f1xx_ll_gpio.o
 .debug_loc     0x00001abd      0x1e2 Drivers\STM32F1xx_HAL_Driver\Src\stm32f1xx_ll_rcc.o
 .debug_loc     0x00001c9f      0xd39 Drivers\STM32F1xx_HAL_Driver\Src\stm32f1xx_ll_tim.o