system.c:23:6:system_init	0	static
system.c:41:9:system_control_get_state	0	static
system.c:70:8:HandleControlIT	8	static
system.c:116:9:system_check_safety_door_ajar	8	static
system.c:127:6:system_execute_startup	16	static
system.c:323:6:system_flag_wco_change	8	static
system.c:335:7:system_convert_axis_steps_to_mpos	8	static
system.c:353:6:system_convert_array_steps_to_mpos	16	static
system.c:377:9:system_check_travel_limits	24	static
system.c:398:6:system_set_exec_state_flag	0	static
system.c:152:9:system_execute_line	32	static
system.c:412:6:system_clear_exec_state_flag	0	static
system.c:426:6:system_set_exec_alarm	0	static
system.c:440:6:system_clear_exec_alarm	0	static
system.c:454:6:system_set_exec_motion_override_flag	0	static
system.c:468:6:system_set_exec_accessory_override_flag	0	static
system.c:482:6:system_clear_exec_motion_overrides	0	static
system.c:496:6:system_clear_exec_accessory_overrides	0	static
