stm32f4xx_it.c:74:6:NMI_Handler	0	static
stm32f4xx_it.c:87:6:HardFault_Handler	0	static
stm32f4xx_it.c:102:6:MemManage_Handler	0	static
stm32f4xx_it.c:117:6:BusFault_Handler	0	static
stm32f4xx_it.c:132:6:UsageFault_Handler	0	static
stm32f4xx_it.c:147:6:SVC_Handler	0	static
stm32f4xx_it.c:160:6:DebugMon_Handler	0	static
stm32f4xx_it.c:173:6:PendSV_Handler	0	static
stm32f4xx_it.c:186:6:SysTick_Handler	0	static
stm32f4xx_it.c:207:6:EXTI0_IRQHandler	8	static
stm32f4xx_it.c:222:6:EXTI1_IRQHandler	8	static
stm32f4xx_it.c:237:6:EXTI2_IRQHandler	8	static
stm32f4xx_it.c:252:6:EXTI3_IRQHandler	8	static
stm32f4xx_it.c:267:6:USART1_IRQHandler	8	static
stm32f4xx_it.c:286:6:EXTI15_10_IRQHandler	8	static
stm32f4xx_it.c:301:6:TIM5_IRQHandler	0	static
stm32f4xx_it.c:321:6:TIM7_IRQHandler	0	static
