stm32f1xx_it.c:89:6:NMI_Handler	0	static
stm32f1xx_it.c:102:6:HardFault_Handler	0	static
stm32f1xx_it.c:117:6:MemManage_Handler	0	static
stm32f1xx_it.c:132:6:BusFault_Handler	0	static
stm32f1xx_it.c:147:6:UsageFault_Handler	0	static
stm32f1xx_it.c:162:6:SVC_Handler	0	static
stm32f1xx_it.c:175:6:DebugMon_Handler	0	static
stm32f1xx_it.c:188:6:PendSV_Handler	0	static
stm32f1xx_it.c:201:6:SysTick_Handler	0	static
stm32f1xx_it.c:222:6:EXTI0_IRQHandler	8	static
stm32f1xx_it.c:238:6:EXTI1_IRQHandler	8	static
stm32f1xx_it.c:253:6:EXTI3_IRQHandler	8	static
stm32f1xx_it.c:268:6:EXTI4_IRQHandler	8	static
stm32f1xx_it.c:283:6:TIM2_IRQHandler	0	static
stm32f1xx_it.c:302:6:TIM3_IRQHandler	0	static
stm32f1xx_it.c:322:6:USART1_IRQHandler	8	static
stm32f1xx_it.c:342:6:EXTI15_10_IRQHandler	8	static
