11:48:19 **** Rebuild of configuration Release for project F16 ****
Info: Internal Builder is used for build
arm-atollic-eabi-gcc -c -mthumb -mcpu=cortex-m3 -std=gnu11 -DUSE_FULL_LL_DRIVER -D__weak=__attribute__((weak)) -D__packed=__attribute__((__packed__)) -DUSE_HAL_DRIVER -DSTM32F103xB -DSTM32 -DSTM32F1 -DSTM32F16 -DSTM32F1_6 -I../Inc -I../Drivers/STM32F1xx_HAL_Driver/Inc -I../Drivers/STM32F1xx_HAL_Driver/Inc/Legacy -I../Drivers/CMSIS/Device/ST/STM32F1xx/Include -I../Drivers/CMSIS/Include -II:\core32\micro\stm32\GRBL32\grbl -II:\core32\micro\stm32\GRBL32\stm32 -Os -ffunction-sections -fdata-sections -fstack-usage -Wall -specs=nano.specs -o grbl\settings.o ..\..\..\grbl\settings.c 
arm-atollic-eabi-gcc -c -mthumb -mcpu=cortex-m3 -std=gnu11 -DUSE_FULL_LL_DRIVER -D__weak=__attribute__((weak)) -D__packed=__attribute__((__packed__)) -DUSE_HAL_DRIVER -DSTM32F103xB -DSTM32 -DSTM32F1 -DSTM32F16 -DSTM32F1_6 -I../Inc -I../Drivers/STM32F1xx_HAL_Driver/Inc -I../Drivers/STM32F1xx_HAL_Driver/Inc/Legacy -I../Drivers/CMSIS/Device/ST/STM32F1xx/Include -I../Drivers/CMSIS/Include -II:\core32\micro\stm32\GRBL32\grbl -II:\core32\micro\stm32\GRBL32\stm32 -Os -ffunction-sections -fdata-sections -fstack-usage -Wall -specs=nano.specs -o stm32\lcd-i2c.o ..\..\..\stm32\lcd-i2c.c 
arm-atollic-eabi-gcc -c -mthumb -mcpu=cortex-m3 -std=gnu11 -DUSE_FULL_LL_DRIVER -D__weak=__attribute__((weak)) -D__packed=__attribute__((__packed__)) -DUSE_HAL_DRIVER -DSTM32F103xB -DSTM32 -DSTM32F1 -DSTM32F16 -DSTM32F1_6 -I../Inc -I../Drivers/STM32F1xx_HAL_Driver/Inc -I../Drivers/STM32F1xx_HAL_Driver/Inc/Legacy -I../Drivers/CMSIS/Device/ST/STM32F1xx/Include -I../Drivers/CMSIS/Include -II:\core32\micro\stm32\GRBL32\grbl -II:\core32\micro\stm32\GRBL32\stm32 -Os -ffunction-sections -fdata-sections -fstack-usage -Wall -specs=nano.specs -o stm32\stm32utilities.o ..\..\..\stm32\stm32utilities.c 
arm-atollic-eabi-gcc -c -mthumb -mcpu=cortex-m3 -std=gnu11 -DUSE_FULL_LL_DRIVER -D__weak=__attribute__((weak)) -D__packed=__attribute__((__packed__)) -DUSE_HAL_DRIVER -DSTM32F103xB -DSTM32 -DSTM32F1 -DSTM32F16 -DSTM32F1_6 -I../Inc -I../Drivers/STM32F1xx_HAL_Driver/Inc -I../Drivers/STM32F1xx_HAL_Driver/Inc/Legacy -I../Drivers/CMSIS/Device/ST/STM32F1xx/Include -I../Drivers/CMSIS/Include -II:\core32\micro\stm32\GRBL32\grbl -II:\core32\micro\stm32\GRBL32\stm32 -Os -ffunction-sections -fdata-sections -fstack-usage -Wall -specs=nano.specs -o Drivers\STM32F1xx_HAL_Driver\Src\stm32f1xx_hal.o ..\Drivers\STM32F1xx_HAL_Driver\Src\stm32f1xx_hal.c 
arm-atollic-eabi-gcc -c -mthumb -mcpu=cortex-m3 -std=gnu11 -DUSE_FULL_LL_DRIVER -D__weak=__attribute__((weak)) -D__packed=__attribute__((__packed__)) -DUSE_HAL_DRIVER -DSTM32F103xB -DSTM32 -DSTM32F1 -DSTM32F16 -DSTM32F1_6 -I../Inc -I../Drivers/STM32F1xx_HAL_Driver/Inc -I../Drivers/STM32F1xx_HAL_Driver/Inc/Legacy -I../Drivers/CMSIS/Device/ST/STM32F1xx/Include -I../Drivers/CMSIS/Include -II:\core32\micro\stm32\GRBL32\grbl -II:\core32\micro\stm32\GRBL32\stm32 -Os -ffunction-sections -fdata-sections -fstack-usage -Wall -specs=nano.specs -o grbl\serial.o ..\..\..\grbl\serial.c 
arm-atollic-eabi-gcc -c -mthumb -mcpu=cortex-m3 -std=gnu11 -DUSE_FULL_LL_DRIVER -D__weak=__attribute__((weak)) -D__packed=__attribute__((__packed__)) -DUSE_HAL_DRIVER -DSTM32F103xB -DSTM32 -DSTM32F1 -DSTM32F16 -DSTM32F1_6 -I../Inc -I../Drivers/STM32F1xx_HAL_Driver/Inc -I../Drivers/STM32F1xx_HAL_Driver/Inc/Legacy -I../Drivers/CMSIS/Device/ST/STM32F1xx/Include -I../Drivers/CMSIS/Include -II:\core32\micro\stm32\GRBL32\grbl -II:\core32\micro\stm32\GRBL32\stm32 -Os -ffunction-sections -fdata-sections -fstack-usage -Wall -specs=nano.specs -o stm32\inoutputs.o ..\..\..\stm32\inoutputs.c 
arm-atollic-eabi-gcc -c -mthumb -mcpu=cortex-m3 -std=gnu11 -DUSE_FULL_LL_DRIVER -D__weak=__attribute__((weak)) -D__packed=__attribute__((__packed__)) -DUSE_HAL_DRIVER -DSTM32F103xB -DSTM32 -DSTM32F1 -DSTM32F16 -DSTM32F1_6 -I../Inc -I../Drivers/STM32F1xx_HAL_Driver/Inc -I../Drivers/STM32F1xx_HAL_Driver/Inc/Legacy -I../Drivers/CMSIS/Device/ST/STM32F1xx/Include -I../Drivers/CMSIS/Include -II:\core32\micro\stm32\GRBL32\grbl -II:\core32\micro\stm32\GRBL32\stm32 -Os -ffunction-sections -fdata-sections -fstack-usage -Wall -specs=nano.specs -o Drivers\STM32F1xx_HAL_Driver\Src\stm32f1xx_hal_rcc.o ..\Drivers\STM32F1xx_HAL_Driver\Src\stm32f1xx_hal_rcc.c 
arm-atollic-eabi-gcc -c -mthumb -mcpu=cortex-m3 -std=gnu11 -DUSE_FULL_LL_DRIVER -D__weak=__attribute__((weak)) -D__packed=__attribute__((__packed__)) -DUSE_HAL_DRIVER -DSTM32F103xB -DSTM32 -DSTM32F1 -DSTM32F16 -DSTM32F1_6 -I../Inc -I../Drivers/STM32F1xx_HAL_Driver/Inc -I../Drivers/STM32F1xx_HAL_Driver/Inc/Legacy -I../Drivers/CMSIS/Device/ST/STM32F1xx/Include -I../Drivers/CMSIS/Include -II:\core32\micro\stm32\GRBL32\grbl -II:\core32\micro\stm32\GRBL32\stm32 -Os -ffunction-sections -fdata-sections -fstack-usage -Wall -specs=nano.specs -o Drivers\STM32F1xx_HAL_Driver\Src\stm32f1xx_hal_gpio.o ..\Drivers\STM32F1xx_HAL_Driver\Src\stm32f1xx_hal_gpio.c 
arm-atollic-eabi-gcc -c -mthumb -mcpu=cortex-m3 -std=gnu11 -DUSE_FULL_LL_DRIVER -D__weak=__attribute__((weak)) -D__packed=__attribute__((__packed__)) -DUSE_HAL_DRIVER -DSTM32F103xB -DSTM32 -DSTM32F1 -DSTM32F16 -DSTM32F1_6 -I../Inc -I../Drivers/STM32F1xx_HAL_Driver/Inc -I../Drivers/STM32F1xx_HAL_Driver/Inc/Legacy -I../Drivers/CMSIS/Device/ST/STM32F1xx/Include -I../Drivers/CMSIS/Include -II:\core32\micro\stm32\GRBL32\grbl -II:\core32\micro\stm32\GRBL32\stm32 -Os -ffunction-sections -fdata-sections -fstack-usage -Wall -specs=nano.specs -o Drivers\STM32F1xx_HAL_Driver\Src\stm32f1xx_ll_gpio.o ..\Drivers\STM32F1xx_HAL_Driver\Src\stm32f1xx_ll_gpio.c 
arm-atollic-eabi-gcc -c -mthumb -mcpu=cortex-m3 -std=gnu11 -DUSE_FULL_LL_DRIVER -D__weak=__attribute__((weak)) -D__packed=__attribute__((__packed__)) -DUSE_HAL_DRIVER -DSTM32F103xB -DSTM32 -DSTM32F1 -DSTM32F16 -DSTM32F1_6 -I../Inc -I../Drivers/STM32F1xx_HAL_Driver/Inc -I../Drivers/STM32F1xx_HAL_Driver/Inc/Legacy -I../Drivers/CMSIS/Device/ST/STM32F1xx/Include -I../Drivers/CMSIS/Include -II:\core32\micro\stm32\GRBL32\grbl -II:\core32\micro\stm32\GRBL32\stm32 -Os -ffunction-sections -fdata-sections -fstack-usage -Wall -specs=nano.specs -o Src\stm32f1xx_hal_msp.o ..\Src\stm32f1xx_hal_msp.c 
arm-atollic-eabi-gcc -c -mthumb -mcpu=cortex-m3 -std=gnu11 -DUSE_FULL_LL_DRIVER -D__weak=__attribute__((weak)) -D__packed=__attribute__((__packed__)) -DUSE_HAL_DRIVER -DSTM32F103xB -DSTM32 -DSTM32F1 -DSTM32F16 -DSTM32F1_6 -I../Inc -I../Drivers/STM32F1xx_HAL_Driver/Inc -I../Drivers/STM32F1xx_HAL_Driver/Inc/Legacy -I../Drivers/CMSIS/Device/ST/STM32F1xx/Include -I../Drivers/CMSIS/Include -II:\core32\micro\stm32\GRBL32\grbl -II:\core32\micro\stm32\GRBL32\stm32 -Os -ffunction-sections -fdata-sections -fstack-usage -Wall -specs=nano.specs -o Src\main.o ..\Src\main.c 
arm-atollic-eabi-gcc -c -mthumb -mcpu=cortex-m3 -std=gnu11 -DUSE_FULL_LL_DRIVER -D__weak=__attribute__((weak)) -D__packed=__attribute__((__packed__)) -DUSE_HAL_DRIVER -DSTM32F103xB -DSTM32 -DSTM32F1 -DSTM32F16 -DSTM32F1_6 -I../Inc -I../Drivers/STM32F1xx_HAL_Driver/Inc -I../Drivers/STM32F1xx_HAL_Driver/Inc/Legacy -I../Drivers/CMSIS/Device/ST/STM32F1xx/Include -I../Drivers/CMSIS/Include -II:\core32\micro\stm32\GRBL32\grbl -II:\core32\micro\stm32\GRBL32\stm32 -Os -ffunction-sections -fdata-sections -fstack-usage -Wall -specs=nano.specs -o grbl\motion_control.o ..\..\..\grbl\motion_control.c 
arm-atollic-eabi-gcc -c -mthumb -mcpu=cortex-m3 -std=gnu11 -DUSE_FULL_LL_DRIVER -D__weak=__attribute__((weak)) -D__packed=__attribute__((__packed__)) -DUSE_HAL_DRIVER -DSTM32F103xB -DSTM32 -DSTM32F1 -DSTM32F16 -DSTM32F1_6 -I../Inc -I../Drivers/STM32F1xx_HAL_Driver/Inc -I../Drivers/STM32F1xx_HAL_Driver/Inc/Legacy -I../Drivers/CMSIS/Device/ST/STM32F1xx/Include -I../Drivers/CMSIS/Include -II:\core32\micro\stm32\GRBL32\grbl -II:\core32\micro\stm32\GRBL32\stm32 -Os -ffunction-sections -fdata-sections -fstack-usage -Wall -specs=nano.specs -o grbl\nuts_bolts.o ..\..\..\grbl\nuts_bolts.c 
arm-atollic-eabi-gcc -c -mthumb -mcpu=cortex-m3 -std=gnu11 -DUSE_FULL_LL_DRIVER -D__weak=__attribute__((weak)) -D__packed=__attribute__((__packed__)) -DUSE_HAL_DRIVER -DSTM32F103xB -DSTM32 -DSTM32F1 -DSTM32F16 -DSTM32F1_6 -I../Inc -I../Drivers/STM32F1xx_HAL_Driver/Inc -I../Drivers/STM32F1xx_HAL_Driver/Inc/Legacy -I../Drivers/CMSIS/Device/ST/STM32F1xx/Include -I../Drivers/CMSIS/Include -II:\core32\micro\stm32\GRBL32\grbl -II:\core32\micro\stm32\GRBL32\stm32 -Os -ffunction-sections -fdata-sections -fstack-usage -Wall -specs=nano.specs -o grbl\report.o ..\..\..\grbl\report.c 
arm-atollic-eabi-gcc -c -mthumb -mcpu=cortex-m3 -std=gnu11 -DUSE_FULL_LL_DRIVER -D__weak=__attribute__((weak)) -D__packed=__attribute__((__packed__)) -DUSE_HAL_DRIVER -DSTM32F103xB -DSTM32 -DSTM32F1 -DSTM32F16 -DSTM32F1_6 -I../Inc -I../Drivers/STM32F1xx_HAL_Driver/Inc -I../Drivers/STM32F1xx_HAL_Driver/Inc/Legacy -I../Drivers/CMSIS/Device/ST/STM32F1xx/Include -I../Drivers/CMSIS/Include -II:\core32\micro\stm32\GRBL32\grbl -II:\core32\micro\stm32\GRBL32\stm32 -Os -ffunction-sections -fdata-sections -fstack-usage -Wall -specs=nano.specs -o Src\system_stm32f1xx.o ..\Src\system_stm32f1xx.c 
arm-atollic-eabi-gcc -c -mthumb -mcpu=cortex-m3 -std=gnu11 -DUSE_FULL_LL_DRIVER -D__weak=__attribute__((weak)) -D__packed=__attribute__((__packed__)) -DUSE_HAL_DRIVER -DSTM32F103xB -DSTM32 -DSTM32F1 -DSTM32F16 -DSTM32F1_6 -I../Inc -I../Drivers/STM32F1xx_HAL_Driver/Inc -I../Drivers/STM32F1xx_HAL_Driver/Inc/Legacy -I../Drivers/CMSIS/Device/ST/STM32F1xx/Include -I../Drivers/CMSIS/Include -II:\core32\micro\stm32\GRBL32\grbl -II:\core32\micro\stm32\GRBL32\stm32 -Os -ffunction-sections -fdata-sections -fstack-usage -Wall -specs=nano.specs -o grbl\limits.o ..\..\..\grbl\limits.c 
arm-atollic-eabi-gcc -c -mthumb -mcpu=cortex-m3 -std=gnu11 -DUSE_FULL_LL_DRIVER -D__weak=__attribute__((weak)) -D__packed=__attribute__((__packed__)) -DUSE_HAL_DRIVER -DSTM32F103xB -DSTM32 -DSTM32F1 -DSTM32F16 -DSTM32F1_6 -I../Inc -I../Drivers/STM32F1xx_HAL_Driver/Inc -I../Drivers/STM32F1xx_HAL_Driver/Inc/Legacy -I../Drivers/CMSIS/Device/ST/STM32F1xx/Include -I../Drivers/CMSIS/Include -II:\core32\micro\stm32\GRBL32\grbl -II:\core32\micro\stm32\GRBL32\stm32 -Os -ffunction-sections -fdata-sections -fstack-usage -Wall -specs=nano.specs -o Drivers\STM32F1xx_HAL_Driver\Src\stm32f1xx_hal_tim.o ..\Drivers\STM32F1xx_HAL_Driver\Src\stm32f1xx_hal_tim.c 
arm-atollic-eabi-gcc -c -mthumb -mcpu=cortex-m3 -std=gnu11 -DUSE_FULL_LL_DRIVER -D__weak=__attribute__((weak)) -D__packed=__attribute__((__packed__)) -DUSE_HAL_DRIVER -DSTM32F103xB -DSTM32 -DSTM32F1 -DSTM32F16 -DSTM32F1_6 -I../Inc -I../Drivers/STM32F1xx_HAL_Driver/Inc -I../Drivers/STM32F1xx_HAL_Driver/Inc/Legacy -I../Drivers/CMSIS/Device/ST/STM32F1xx/Include -I../Drivers/CMSIS/Include -II:\core32\micro\stm32\GRBL32\grbl -II:\core32\micro\stm32\GRBL32\stm32 -Os -ffunction-sections -fdata-sections -fstack-usage -Wall -specs=nano.specs -o grbl\probe.o ..\..\..\grbl\probe.c 
arm-atollic-eabi-gcc -c -mthumb -mcpu=cortex-m3 -std=gnu11 -DUSE_FULL_LL_DRIVER -D__weak=__attribute__((weak)) -D__packed=__attribute__((__packed__)) -DUSE_HAL_DRIVER -DSTM32F103xB -DSTM32 -DSTM32F1 -DSTM32F16 -DSTM32F1_6 -I../Inc -I../Drivers/STM32F1xx_HAL_Driver/Inc -I../Drivers/STM32F1xx_HAL_Driver/Inc/Legacy -I../Drivers/CMSIS/Device/ST/STM32F1xx/Include -I../Drivers/CMSIS/Include -II:\core32\micro\stm32\GRBL32\grbl -II:\core32\micro\stm32\GRBL32\stm32 -Os -ffunction-sections -fdata-sections -fstack-usage -Wall -specs=nano.specs -o Drivers\STM32F1xx_HAL_Driver\Src\stm32f1xx_ll_utils.o ..\Drivers\STM32F1xx_HAL_Driver\Src\stm32f1xx_ll_utils.c 
arm-atollic-eabi-gcc -c -mthumb -mcpu=cortex-m3 -std=gnu11 -DUSE_FULL_LL_DRIVER -D__weak=__attribute__((weak)) -D__packed=__attribute__((__packed__)) -DUSE_HAL_DRIVER -DSTM32F103xB -DSTM32 -DSTM32F1 -DSTM32F16 -DSTM32F1_6 -I../Inc -I../Drivers/STM32F1xx_HAL_Driver/Inc -I../Drivers/STM32F1xx_HAL_Driver/Inc/Legacy -I../Drivers/CMSIS/Device/ST/STM32F1xx/Include -I../Drivers/CMSIS/Include -II:\core32\micro\stm32\GRBL32\grbl -II:\core32\micro\stm32\GRBL32\stm32 -Os -ffunction-sections -fdata-sections -fstack-usage -Wall -specs=nano.specs -o grbl\planner.o ..\..\..\grbl\planner.c 
arm-atollic-eabi-gcc -c -mthumb -mcpu=cortex-m3 -Wa,--no-warn -x assembler-with-cpp -specs=nano.specs -o startup\startup_stm32f103xb.o ..\startup\startup_stm32f103xb.s 
arm-atollic-eabi-gcc -c -mthumb -mcpu=cortex-m3 -std=gnu11 -DUSE_FULL_LL_DRIVER -D__weak=__attribute__((weak)) -D__packed=__attribute__((__packed__)) -DUSE_HAL_DRIVER -DSTM32F103xB -DSTM32 -DSTM32F1 -DSTM32F16 -DSTM32F1_6 -I../Inc -I../Drivers/STM32F1xx_HAL_Driver/Inc -I../Drivers/STM32F1xx_HAL_Driver/Inc/Legacy -I../Drivers/CMSIS/Device/ST/STM32F1xx/Include -I../Drivers/CMSIS/Include -II:\core32\micro\stm32\GRBL32\grbl -II:\core32\micro\stm32\GRBL32\stm32 -Os -ffunction-sections -fdata-sections -fstack-usage -Wall -specs=nano.specs -o grbl\protocol.o ..\..\..\grbl\protocol.c 
arm-atollic-eabi-gcc -c -mthumb -mcpu=cortex-m3 -std=gnu11 -DUSE_FULL_LL_DRIVER -D__weak=__attribute__((weak)) -D__packed=__attribute__((__packed__)) -DUSE_HAL_DRIVER -DSTM32F103xB -DSTM32 -DSTM32F1 -DSTM32F16 -DSTM32F1_6 -I../Inc -I../Drivers/STM32F1xx_HAL_Driver/Inc -I../Drivers/STM32F1xx_HAL_Driver/Inc/Legacy -I../Drivers/CMSIS/Device/ST/STM32F1xx/Include -I../Drivers/CMSIS/Include -II:\core32\micro\stm32\GRBL32\grbl -II:\core32\micro\stm32\GRBL32\stm32 -Os -ffunction-sections -fdata-sections -fstack-usage -Wall -specs=nano.specs -o Drivers\STM32F1xx_HAL_Driver\Src\stm32f1xx_ll_rcc.o ..\Drivers\STM32F1xx_HAL_Driver\Src\stm32f1xx_ll_rcc.c 
arm-atollic-eabi-gcc -c -mthumb -mcpu=cortex-m3 -std=gnu11 -DUSE_FULL_LL_DRIVER -D__weak=__attribute__((weak)) -D__packed=__attribute__((__packed__)) -DUSE_HAL_DRIVER -DSTM32F103xB -DSTM32 -DSTM32F1 -DSTM32F16 -DSTM32F1_6 -I../Inc -I../Drivers/STM32F1xx_HAL_Driver/Inc -I../Drivers/STM32F1xx_HAL_Driver/Inc/Legacy -I../Drivers/CMSIS/Device/ST/STM32F1xx/Include -I../Drivers/CMSIS/Include -II:\core32\micro\stm32\GRBL32\grbl -II:\core32\micro\stm32\GRBL32\stm32 -Os -ffunction-sections -fdata-sections -fstack-usage -Wall -specs=nano.specs -o Src\syscalls.o ..\Src\syscalls.c 
arm-atollic-eabi-gcc -c -mthumb -mcpu=cortex-m3 -std=gnu11 -DUSE_FULL_LL_DRIVER -D__weak=__attribute__((weak)) -D__packed=__attribute__((__packed__)) -DUSE_HAL_DRIVER -DSTM32F103xB -DSTM32 -DSTM32F1 -DSTM32F16 -DSTM32F1_6 -I../Inc -I../Drivers/STM32F1xx_HAL_Driver/Inc -I../Drivers/STM32F1xx_HAL_Driver/Inc/Legacy -I../Drivers/CMSIS/Device/ST/STM32F1xx/Include -I../Drivers/CMSIS/Include -II:\core32\micro\stm32\GRBL32\grbl -II:\core32\micro\stm32\GRBL32\stm32 -Os -ffunction-sections -fdata-sections -fstack-usage -Wall -specs=nano.specs -o grbl\gcode.o ..\..\..\grbl\gcode.c 
arm-atollic-eabi-gcc -c -mthumb -mcpu=cortex-m3 -std=gnu11 -DUSE_FULL_LL_DRIVER -D__weak=__attribute__((weak)) -D__packed=__attribute__((__packed__)) -DUSE_HAL_DRIVER -DSTM32F103xB -DSTM32 -DSTM32F1 -DSTM32F16 -DSTM32F1_6 -I../Inc -I../Drivers/STM32F1xx_HAL_Driver/Inc -I../Drivers/STM32F1xx_HAL_Driver/Inc/Legacy -I../Drivers/CMSIS/Device/ST/STM32F1xx/Include -I../Drivers/CMSIS/Include -II:\core32\micro\stm32\GRBL32\grbl -II:\core32\micro\stm32\GRBL32\stm32 -Os -ffunction-sections -fdata-sections -fstack-usage -Wall -specs=nano.specs -o grbl\spindle_control.o ..\..\..\grbl\spindle_control.c 
arm-atollic-eabi-gcc -c -mthumb -mcpu=cortex-m3 -std=gnu11 -DUSE_FULL_LL_DRIVER -D__weak=__attribute__((weak)) -D__packed=__attribute__((__packed__)) -DUSE_HAL_DRIVER -DSTM32F103xB -DSTM32 -DSTM32F1 -DSTM32F16 -DSTM32F1_6 -I../Inc -I../Drivers/STM32F1xx_HAL_Driver/Inc -I../Drivers/STM32F1xx_HAL_Driver/Inc/Legacy -I../Drivers/CMSIS/Device/ST/STM32F1xx/Include -I../Drivers/CMSIS/Include -II:\core32\micro\stm32\GRBL32\grbl -II:\core32\micro\stm32\GRBL32\stm32 -Os -ffunction-sections -fdata-sections -fstack-usage -Wall -specs=nano.specs -o Drivers\STM32F1xx_HAL_Driver\Src\stm32f1xx_hal_pwr.o ..\Drivers\STM32F1xx_HAL_Driver\Src\stm32f1xx_hal_pwr.c 
arm-atollic-eabi-gcc -c -mthumb -mcpu=cortex-m3 -std=gnu11 -DUSE_FULL_LL_DRIVER -D__weak=__attribute__((weak)) -D__packed=__attribute__((__packed__)) -DUSE_HAL_DRIVER -DSTM32F103xB -DSTM32 -DSTM32F1 -DSTM32F16 -DSTM32F1_6 -I../Inc -I../Drivers/STM32F1xx_HAL_Driver/Inc -I../Drivers/STM32F1xx_HAL_Driver/Inc/Legacy -I../Drivers/CMSIS/Device/ST/STM32F1xx/Include -I../Drivers/CMSIS/Include -II:\core32\micro\stm32\GRBL32\grbl -II:\core32\micro\stm32\GRBL32\stm32 -Os -ffunction-sections -fdata-sections -fstack-usage -Wall -specs=nano.specs -o grbl\coolant_control.o ..\..\..\grbl\coolant_control.c 
arm-atollic-eabi-gcc -c -mthumb -mcpu=cortex-m3 -std=gnu11 -DUSE_FULL_LL_DRIVER -D__weak=__attribute__((weak)) -D__packed=__attribute__((__packed__)) -DUSE_HAL_DRIVER -DSTM32F103xB -DSTM32 -DSTM32F1 -DSTM32F16 -DSTM32F1_6 -I../Inc -I../Drivers/STM32F1xx_HAL_Driver/Inc -I../Drivers/STM32F1xx_HAL_Driver/Inc/Legacy -I../Drivers/CMSIS/Device/ST/STM32F1xx/Include -I../Drivers/CMSIS/Include -II:\core32\micro\stm32\GRBL32\grbl -II:\core32\micro\stm32\GRBL32\stm32 -Os -ffunction-sections -fdata-sections -fstack-usage -Wall -specs=nano.specs -o grbl\jog.o ..\..\..\grbl\jog.c 
arm-atollic-eabi-gcc -c -mthumb -mcpu=cortex-m3 -std=gnu11 -DUSE_FULL_LL_DRIVER -D__weak=__attribute__((weak)) -D__packed=__attribute__((__packed__)) -DUSE_HAL_DRIVER -DSTM32F103xB -DSTM32 -DSTM32F1 -DSTM32F16 -DSTM32F1_6 -I../Inc -I../Drivers/STM32F1xx_HAL_Driver/Inc -I../Drivers/STM32F1xx_HAL_Driver/Inc/Legacy -I../Drivers/CMSIS/Device/ST/STM32F1xx/Include -I../Drivers/CMSIS/Include -II:\core32\micro\stm32\GRBL32\grbl -II:\core32\micro\stm32\GRBL32\stm32 -Os -ffunction-sections -fdata-sections -fstack-usage -Wall -specs=nano.specs -o grbl\stepper.o ..\..\..\grbl\stepper.c 
arm-atollic-eabi-gcc -c -mthumb -mcpu=cortex-m3 -std=gnu11 -DUSE_FULL_LL_DRIVER -D__weak=__attribute__((weak)) -D__packed=__attribute__((__packed__)) -DUSE_HAL_DRIVER -DSTM32F103xB -DSTM32 -DSTM32F1 -DSTM32F16 -DSTM32F1_6 -I../Inc -I../Drivers/STM32F1xx_HAL_Driver/Inc -I../Drivers/STM32F1xx_HAL_Driver/Inc/Legacy -I../Drivers/CMSIS/Device/ST/STM32F1xx/Include -I../Drivers/CMSIS/Include -II:\core32\micro\stm32\GRBL32\grbl -II:\core32\micro\stm32\GRBL32\stm32 -Os -ffunction-sections -fdata-sections -fstack-usage -Wall -specs=nano.specs -o Drivers\STM32F1xx_HAL_Driver\Src\stm32f1xx_ll_exti.o ..\Drivers\STM32F1xx_HAL_Driver\Src\stm32f1xx_ll_exti.c 
arm-atollic-eabi-gcc -c -mthumb -mcpu=cortex-m3 -std=gnu11 -DUSE_FULL_LL_DRIVER -D__weak=__attribute__((weak)) -D__packed=__attribute__((__packed__)) -DUSE_HAL_DRIVER -DSTM32F103xB -DSTM32 -DSTM32F1 -DSTM32F16 -DSTM32F1_6 -I../Inc -I../Drivers/STM32F1xx_HAL_Driver/Inc -I../Drivers/STM32F1xx_HAL_Driver/Inc/Legacy -I../Drivers/CMSIS/Device/ST/STM32F1xx/Include -I../Drivers/CMSIS/Include -II:\core32\micro\stm32\GRBL32\grbl -II:\core32\micro\stm32\GRBL32\stm32 -Os -ffunction-sections -fdata-sections -fstack-usage -Wall -specs=nano.specs -o Drivers\STM32F1xx_HAL_Driver\Src\stm32f1xx_hal_rcc_ex.o ..\Drivers\STM32F1xx_HAL_Driver\Src\stm32f1xx_hal_rcc_ex.c 
arm-atollic-eabi-gcc -c -mthumb -mcpu=cortex-m3 -std=gnu11 -DUSE_FULL_LL_DRIVER -D__weak=__attribute__((weak)) -D__packed=__attribute__((__packed__)) -DUSE_HAL_DRIVER -DSTM32F103xB -DSTM32 -DSTM32F1 -DSTM32F16 -DSTM32F1_6 -I../Inc -I../Drivers/STM32F1xx_HAL_Driver/Inc -I../Drivers/STM32F1xx_HAL_Driver/Inc/Legacy -I../Drivers/CMSIS/Device/ST/STM32F1xx/Include -I../Drivers/CMSIS/Include -II:\core32\micro\stm32\GRBL32\grbl -II:\core32\micro\stm32\GRBL32\stm32 -Os -ffunction-sections -fdata-sections -fstack-usage -Wall -specs=nano.specs -o Drivers\STM32F1xx_HAL_Driver\Src\stm32f1xx_hal_gpio_ex.o ..\Drivers\STM32F1xx_HAL_Driver\Src\stm32f1xx_hal_gpio_ex.c 
arm-atollic-eabi-gcc -c -mthumb -mcpu=cortex-m3 -std=gnu11 -DUSE_FULL_LL_DRIVER -D__weak=__attribute__((weak)) -D__packed=__attribute__((__packed__)) -DUSE_HAL_DRIVER -DSTM32F103xB -DSTM32 -DSTM32F1 -DSTM32F16 -DSTM32F1_6 -I../Inc -I../Drivers/STM32F1xx_HAL_Driver/Inc -I../Drivers/STM32F1xx_HAL_Driver/Inc/Legacy -I../Drivers/CMSIS/Device/ST/STM32F1xx/Include -I../Drivers/CMSIS/Include -II:\core32\micro\stm32\GRBL32\grbl -II:\core32\micro\stm32\GRBL32\stm32 -Os -ffunction-sections -fdata-sections -fstack-usage -Wall -specs=nano.specs -o Src\gpio.o ..\Src\gpio.c 
arm-atollic-eabi-gcc -c -mthumb -mcpu=cortex-m3 -std=gnu11 -DUSE_FULL_LL_DRIVER -D__weak=__attribute__((weak)) -D__packed=__attribute__((__packed__)) -DUSE_HAL_DRIVER -DSTM32F103xB -DSTM32 -DSTM32F1 -DSTM32F16 -DSTM32F1_6 -I../Inc -I../Drivers/STM32F1xx_HAL_Driver/Inc -I../Drivers/STM32F1xx_HAL_Driver/Inc/Legacy -I../Drivers/CMSIS/Device/ST/STM32F1xx/Include -I../Drivers/CMSIS/Include -II:\core32\micro\stm32\GRBL32\grbl -II:\core32\micro\stm32\GRBL32\stm32 -Os -ffunction-sections -fdata-sections -fstack-usage -Wall -specs=nano.specs -o Drivers\STM32F1xx_HAL_Driver\Src\stm32f1xx_ll_usart.o ..\Drivers\STM32F1xx_HAL_Driver\Src\stm32f1xx_ll_usart.c 
arm-atollic-eabi-gcc -c -mthumb -mcpu=cortex-m3 -std=gnu11 -DUSE_FULL_LL_DRIVER -D__weak=__attribute__((weak)) -D__packed=__attribute__((__packed__)) -DUSE_HAL_DRIVER -DSTM32F103xB -DSTM32 -DSTM32F1 -DSTM32F16 -DSTM32F1_6 -I../Inc -I../Drivers/STM32F1xx_HAL_Driver/Inc -I../Drivers/STM32F1xx_HAL_Driver/Inc/Legacy -I../Drivers/CMSIS/Device/ST/STM32F1xx/Include -I../Drivers/CMSIS/Include -II:\core32\micro\stm32\GRBL32\grbl -II:\core32\micro\stm32\GRBL32\stm32 -Os -ffunction-sections -fdata-sections -fstack-usage -Wall -specs=nano.specs -o Drivers\STM32F1xx_HAL_Driver\Src\stm32f1xx_ll_tim.o ..\Drivers\STM32F1xx_HAL_Driver\Src\stm32f1xx_ll_tim.c 
arm-atollic-eabi-gcc -c -mthumb -mcpu=cortex-m3 -std=gnu11 -DUSE_FULL_LL_DRIVER -D__weak=__attribute__((weak)) -D__packed=__attribute__((__packed__)) -DUSE_HAL_DRIVER -DSTM32F103xB -DSTM32 -DSTM32F1 -DSTM32F16 -DSTM32F1_6 -I../Inc -I../Drivers/STM32F1xx_HAL_Driver/Inc -I../Drivers/STM32F1xx_HAL_Driver/Inc/Legacy -I../Drivers/CMSIS/Device/ST/STM32F1xx/Include -I../Drivers/CMSIS/Include -II:\core32\micro\stm32\GRBL32\grbl -II:\core32\micro\stm32\GRBL32\stm32 -Os -ffunction-sections -fdata-sections -fstack-usage -Wall -specs=nano.specs -o grbl\print.o ..\..\..\grbl\print.c 
arm-atollic-eabi-gcc -c -mthumb -mcpu=cortex-m3 -std=gnu11 -DUSE_FULL_LL_DRIVER -D__weak=__attribute__((weak)) -D__packed=__attribute__((__packed__)) -DUSE_HAL_DRIVER -DSTM32F103xB -DSTM32 -DSTM32F1 -DSTM32F16 -DSTM32F1_6 -I../Inc -I../Drivers/STM32F1xx_HAL_Driver/Inc -I../Drivers/STM32F1xx_HAL_Driver/Inc/Legacy -I../Drivers/CMSIS/Device/ST/STM32F1xx/Include -I../Drivers/CMSIS/Include -II:\core32\micro\stm32\GRBL32\grbl -II:\core32\micro\stm32\GRBL32\stm32 -Os -ffunction-sections -fdata-sections -fstack-usage -Wall -specs=nano.specs -o grbl\eeprom.o ..\..\..\grbl\eeprom.c 
arm-atollic-eabi-gcc -c -mthumb -mcpu=cortex-m3 -std=gnu11 -DUSE_FULL_LL_DRIVER -D__weak=__attribute__((weak)) -D__packed=__attribute__((__packed__)) -DUSE_HAL_DRIVER -DSTM32F103xB -DSTM32 -DSTM32F1 -DSTM32F16 -DSTM32F1_6 -I../Inc -I../Drivers/STM32F1xx_HAL_Driver/Inc -I../Drivers/STM32F1xx_HAL_Driver/Inc/Legacy -I../Drivers/CMSIS/Device/ST/STM32F1xx/Include -I../Drivers/CMSIS/Include -II:\core32\micro\stm32\GRBL32\grbl -II:\core32\micro\stm32\GRBL32\stm32 -Os -ffunction-sections -fdata-sections -fstack-usage -Wall -specs=nano.specs -o Drivers\STM32F1xx_HAL_Driver\Src\stm32f1xx_hal_tim_ex.o ..\Drivers\STM32F1xx_HAL_Driver\Src\stm32f1xx_hal_tim_ex.c 
arm-atollic-eabi-gcc -c -mthumb -mcpu=cortex-m3 -std=gnu11 -DUSE_FULL_LL_DRIVER -D__weak=__attribute__((weak)) -D__packed=__attribute__((__packed__)) -DUSE_HAL_DRIVER -DSTM32F103xB -DSTM32 -DSTM32F1 -DSTM32F16 -DSTM32F1_6 -I../Inc -I../Drivers/STM32F1xx_HAL_Driver/Inc -I../Drivers/STM32F1xx_HAL_Driver/Inc/Legacy -I../Drivers/CMSIS/Device/ST/STM32F1xx/Include -I../Drivers/CMSIS/Include -II:\core32\micro\stm32\GRBL32\grbl -II:\core32\micro\stm32\GRBL32\stm32 -Os -ffunction-sections -fdata-sections -fstack-usage -Wall -specs=nano.specs -o Drivers\STM32F1xx_HAL_Driver\Src\stm32f1xx_hal_flash.o ..\Drivers\STM32F1xx_HAL_Driver\Src\stm32f1xx_hal_flash.c 
arm-atollic-eabi-gcc -c -mthumb -mcpu=cortex-m3 -std=gnu11 -DUSE_FULL_LL_DRIVER -D__weak=__attribute__((weak)) -D__packed=__attribute__((__packed__)) -DUSE_HAL_DRIVER -DSTM32F103xB -DSTM32 -DSTM32F1 -DSTM32F16 -DSTM32F1_6 -I../Inc -I../Drivers/STM32F1xx_HAL_Driver/Inc -I../Drivers/STM32F1xx_HAL_Driver/Inc/Legacy -I../Drivers/CMSIS/Device/ST/STM32F1xx/Include -I../Drivers/CMSIS/Include -II:\core32\micro\stm32\GRBL32\grbl -II:\core32\micro\stm32\GRBL32\stm32 -Os -ffunction-sections -fdata-sections -fstack-usage -Wall -specs=nano.specs -o Drivers\STM32F1xx_HAL_Driver\Src\stm32f1xx_hal_cortex.o ..\Drivers\STM32F1xx_HAL_Driver\Src\stm32f1xx_hal_cortex.c 
arm-atollic-eabi-gcc -c -mthumb -mcpu=cortex-m3 -std=gnu11 -DUSE_FULL_LL_DRIVER -D__weak=__attribute__((weak)) -D__packed=__attribute__((__packed__)) -DUSE_HAL_DRIVER -DSTM32F103xB -DSTM32 -DSTM32F1 -DSTM32F16 -DSTM32F1_6 -I../Inc -I../Drivers/STM32F1xx_HAL_Driver/Inc -I../Drivers/STM32F1xx_HAL_Driver/Inc/Legacy -I../Drivers/CMSIS/Device/ST/STM32F1xx/Include -I../Drivers/CMSIS/Include -II:\core32\micro\stm32\GRBL32\grbl -II:\core32\micro\stm32\GRBL32\stm32 -Os -ffunction-sections -fdata-sections -fstack-usage -Wall -specs=nano.specs -o Drivers\STM32F1xx_HAL_Driver\Src\stm32f1xx_ll_dma.o ..\Drivers\STM32F1xx_HAL_Driver\Src\stm32f1xx_ll_dma.c 
arm-atollic-eabi-gcc -c -mthumb -mcpu=cortex-m3 -std=gnu11 -DUSE_FULL_LL_DRIVER -D__weak=__attribute__((weak)) -D__packed=__attribute__((__packed__)) -DUSE_HAL_DRIVER -DSTM32F103xB -DSTM32 -DSTM32F1 -DSTM32F16 -DSTM32F1_6 -I../Inc -I../Drivers/STM32F1xx_HAL_Driver/Inc -I../Drivers/STM32F1xx_HAL_Driver/Inc/Legacy -I../Drivers/CMSIS/Device/ST/STM32F1xx/Include -I../Drivers/CMSIS/Include -II:\core32\micro\stm32\GRBL32\grbl -II:\core32\micro\stm32\GRBL32\stm32 -Os -ffunction-sections -fdata-sections -fstack-usage -Wall -specs=nano.specs -o Src\stm32f1xx_it.o ..\Src\stm32f1xx_it.c 
arm-atollic-eabi-gcc -c -mthumb -mcpu=cortex-m3 -std=gnu11 -DUSE_FULL_LL_DRIVER -D__weak=__attribute__((weak)) -D__packed=__attribute__((__packed__)) -DUSE_HAL_DRIVER -DSTM32F103xB -DSTM32 -DSTM32F1 -DSTM32F16 -DSTM32F1_6 -I../Inc -I../Drivers/STM32F1xx_HAL_Driver/Inc -I../Drivers/STM32F1xx_HAL_Driver/Inc/Legacy -I../Drivers/CMSIS/Device/ST/STM32F1xx/Include -I../Drivers/CMSIS/Include -II:\core32\micro\stm32\GRBL32\grbl -II:\core32\micro\stm32\GRBL32\stm32 -Os -ffunction-sections -fdata-sections -fstack-usage -Wall -specs=nano.specs -o grbl\system.o ..\..\..\grbl\system.c 
arm-atollic-eabi-gcc -c -mthumb -mcpu=cortex-m3 -std=gnu11 -DUSE_FULL_LL_DRIVER -D__weak=__attribute__((weak)) -D__packed=__attribute__((__packed__)) -DUSE_HAL_DRIVER -DSTM32F103xB -DSTM32 -DSTM32F1 -DSTM32F16 -DSTM32F1_6 -I../Inc -I../Drivers/STM32F1xx_HAL_Driver/Inc -I../Drivers/STM32F1xx_HAL_Driver/Inc/Legacy -I../Drivers/CMSIS/Device/ST/STM32F1xx/Include -I../Drivers/CMSIS/Include -II:\core32\micro\stm32\GRBL32\grbl -II:\core32\micro\stm32\GRBL32\stm32 -Os -ffunction-sections -fdata-sections -fstack-usage -Wall -specs=nano.specs -o Src\tim.o ..\Src\tim.c 
arm-atollic-eabi-gcc -c -mthumb -mcpu=cortex-m3 -std=gnu11 -DUSE_FULL_LL_DRIVER -D__weak=__attribute__((weak)) -D__packed=__attribute__((__packed__)) -DUSE_HAL_DRIVER -DSTM32F103xB -DSTM32 -DSTM32F1 -DSTM32F16 -DSTM32F1_6 -I../Inc -I../Drivers/STM32F1xx_HAL_Driver/Inc -I../Drivers/STM32F1xx_HAL_Driver/Inc/Legacy -I../Drivers/CMSIS/Device/ST/STM32F1xx/Include -I../Drivers/CMSIS/Include -II:\core32\micro\stm32\GRBL32\grbl -II:\core32\micro\stm32\GRBL32\stm32 -Os -ffunction-sections -fdata-sections -fstack-usage -Wall -specs=nano.specs -o Src\usart.o ..\Src\usart.c 
arm-atollic-eabi-gcc -c -mthumb -mcpu=cortex-m3 -std=gnu11 -DUSE_FULL_LL_DRIVER -D__weak=__attribute__((weak)) -D__packed=__attribute__((__packed__)) -DUSE_HAL_DRIVER -DSTM32F103xB -DSTM32 -DSTM32F1 -DSTM32F16 -DSTM32F1_6 -I../Inc -I../Drivers/STM32F1xx_HAL_Driver/Inc -I../Drivers/STM32F1xx_HAL_Driver/Inc/Legacy -I../Drivers/CMSIS/Device/ST/STM32F1xx/Include -I../Drivers/CMSIS/Include -II:\core32\micro\stm32\GRBL32\grbl -II:\core32\micro\stm32\GRBL32\stm32 -Os -ffunction-sections -fdata-sections -fstack-usage -Wall -specs=nano.specs -o Drivers\STM32F1xx_HAL_Driver\Src\stm32f1xx_hal_dma.o ..\Drivers\STM32F1xx_HAL_Driver\Src\stm32f1xx_hal_dma.c 
arm-atollic-eabi-gcc -c -mthumb -mcpu=cortex-m3 -std=gnu11 -DUSE_FULL_LL_DRIVER -D__weak=__attribute__((weak)) -D__packed=__attribute__((__packed__)) -DUSE_HAL_DRIVER -DSTM32F103xB -DSTM32 -DSTM32F1 -DSTM32F16 -DSTM32F1_6 -I../Inc -I../Drivers/STM32F1xx_HAL_Driver/Inc -I../Drivers/STM32F1xx_HAL_Driver/Inc/Legacy -I../Drivers/CMSIS/Device/ST/STM32F1xx/Include -I../Drivers/CMSIS/Include -II:\core32\micro\stm32\GRBL32\grbl -II:\core32\micro\stm32\GRBL32\stm32 -Os -ffunction-sections -fdata-sections -fstack-usage -Wall -specs=nano.specs -o Drivers\STM32F1xx_HAL_Driver\Src\stm32f1xx_hal_flash_ex.o ..\Drivers\STM32F1xx_HAL_Driver\Src\stm32f1xx_hal_flash_ex.c 
arm-atollic-eabi-gcc -o F16.elf Drivers\STM32F1xx_HAL_Driver\Src\stm32f1xx_hal.o Drivers\STM32F1xx_HAL_Driver\Src\stm32f1xx_hal_cortex.o Drivers\STM32F1xx_HAL_Driver\Src\stm32f1xx_hal_dma.o Drivers\STM32F1xx_HAL_Driver\Src\stm32f1xx_hal_flash.o Drivers\STM32F1xx_HAL_Driver\Src\stm32f1xx_hal_flash_ex.o Drivers\STM32F1xx_HAL_Driver\Src\stm32f1xx_hal_gpio.o Drivers\STM32F1xx_HAL_Driver\Src\stm32f1xx_hal_gpio_ex.o Drivers\STM32F1xx_HAL_Driver\Src\stm32f1xx_hal_pwr.o Drivers\STM32F1xx_HAL_Driver\Src\stm32f1xx_hal_rcc.o Drivers\STM32F1xx_HAL_Driver\Src\stm32f1xx_hal_rcc_ex.o Drivers\STM32F1xx_HAL_Driver\Src\stm32f1xx_hal_tim.o Drivers\STM32F1xx_HAL_Driver\Src\stm32f1xx_hal_tim_ex.o Drivers\STM32F1xx_HAL_Driver\Src\stm32f1xx_ll_dma.o Drivers\STM32F1xx_HAL_Driver\Src\stm32f1xx_ll_exti.o Drivers\STM32F1xx_HAL_Driver\Src\stm32f1xx_ll_gpio.o Drivers\STM32F1xx_HAL_Driver\Src\stm32f1xx_ll_rcc.o Drivers\STM32F1xx_HAL_Driver\Src\stm32f1xx_ll_tim.o Drivers\STM32F1xx_HAL_Driver\Src\stm32f1xx_ll_usart.o Drivers\STM32F1xx_HAL_Driver\Src\stm32f1xx_ll_utils.o Src\gpio.o Src\main.o Src\stm32f1xx_hal_msp.o Src\stm32f1xx_it.o Src\syscalls.o Src\system_stm32f1xx.o Src\tim.o Src\usart.o grbl\coolant_control.o grbl\eeprom.o grbl\gcode.o grbl\jog.o grbl\limits.o grbl\motion_control.o grbl\nuts_bolts.o grbl\planner.o grbl\print.o grbl\probe.o grbl\protocol.o grbl\report.o grbl\serial.o grbl\settings.o grbl\spindle_control.o grbl\stepper.o grbl\system.o startup\startup_stm32f103xb.o stm32\inoutputs.o stm32\lcd-i2c.o stm32\stm32utilities.o -mthumb -mcpu=cortex-m3 -T../STM32F103C8_FLASH.ld -specs=nosys.specs -static -Wl,-Map=F16.map -Wl,--gc-sections -Wl,--defsym=malloc_getpagesize_P=0x80 -Wl,--start-group -lc -lm -Wl,--end-group -specs=nano.specs 
C:\Program Files (x86)\Atollic\TrueSTUDIO for STM32 9.3.0\ide\jre\bin\java -jar C:\Program Files (x86)\Atollic\TrueSTUDIO for STM32 9.3.0\Tools\arm-atollic-reports.jar sizeinfo list F16.elf 
Generate build reports...
Print size information
   text	   data	    bss	    dec	    hex	filename
  40608	    124	  17968	  58700	   e54c	F16.elf
Print size information done
Generate listing file
Output sent to: F16.list
Generate listing file done
Generate build reports done
arm-atollic-eabi-objcopy.exe -O ihex F16.elf F16.hex 
