Archive member included to satisfy reference by file (symbol)

c:/program files (x86)/atollic/truestudio for stm32 9.3.0/armtools/bin/../lib/gcc/arm-atollic-eabi/6.3.1/../../../../arm-atollic-eabi/lib/armv7-m\libc_nano.a(lib_a-errno.o)
                              Src\syscalls.o (__errno)
c:/program files (x86)/atollic/truestudio for stm32 9.3.0/armtools/bin/../lib/gcc/arm-atollic-eabi/6.3.1/../../../../arm-atollic-eabi/lib/armv7-m\libc_nano.a(lib_a-impure.o)
                              c:/program files (x86)/atollic/truestudio for stm32 9.3.0/armtools/bin/../lib/gcc/arm-atollic-eabi/6.3.1/../../../../arm-atollic-eabi/lib/armv7-m\libc_nano.a(lib_a-errno.o) (_impure_ptr)
c:/program files (x86)/atollic/truestudio for stm32 9.3.0/armtools/bin/../lib/gcc/arm-atollic-eabi/6.3.1/../../../../arm-atollic-eabi/lib/armv7-m\libc_nano.a(lib_a-init.o)
                              startup\startup_stm32f103xb.o (__libc_init_array)
c:/program files (x86)/atollic/truestudio for stm32 9.3.0/armtools/bin/../lib/gcc/arm-atollic-eabi/6.3.1/../../../../arm-atollic-eabi/lib/armv7-m\libc_nano.a(lib_a-memcmp.o)
                              grbl\gcode.o (memcmp)
c:/program files (x86)/atollic/truestudio for stm32 9.3.0/armtools/bin/../lib/gcc/arm-atollic-eabi/6.3.1/../../../../arm-atollic-eabi/lib/armv7-m\libc_nano.a(lib_a-memset.o)
                              Drivers\STM32F1xx_HAL_Driver\Src\stm32f1xx_hal_rcc.o (memset)
c:/program files (x86)/atollic/truestudio for stm32 9.3.0/armtools/bin/../lib/gcc/arm-atollic-eabi/6.3.1/../../../../arm-atollic-eabi/lib/armv7-m\libc_nano.a(lib_a-sprintf.o)
                              stm32\stm32utilities.o (sprintf)
c:/program files (x86)/atollic/truestudio for stm32 9.3.0/armtools/bin/../lib/gcc/arm-atollic-eabi/6.3.1/../../../../arm-atollic-eabi/lib/armv7-m\libc_nano.a(lib_a-nano-svfprintf.o)
                              c:/program files (x86)/atollic/truestudio for stm32 9.3.0/armtools/bin/../lib/gcc/arm-atollic-eabi/6.3.1/../../../../arm-atollic-eabi/lib/armv7-m\libc_nano.a(lib_a-sprintf.o) (_svfprintf_r)
c:/program files (x86)/atollic/truestudio for stm32 9.3.0/armtools/bin/../lib/gcc/arm-atollic-eabi/6.3.1/../../../../arm-atollic-eabi/lib/armv7-m\libc_nano.a(lib_a-nano-vfprintf_i.o)
                              c:/program files (x86)/atollic/truestudio for stm32 9.3.0/armtools/bin/../lib/gcc/arm-atollic-eabi/6.3.1/../../../../arm-atollic-eabi/lib/armv7-m\libc_nano.a(lib_a-nano-svfprintf.o) (_printf_i)
c:/program files (x86)/atollic/truestudio for stm32 9.3.0/armtools/bin/../lib/gcc/arm-atollic-eabi/6.3.1/../../../../arm-atollic-eabi/lib/armv7-m\libc_nano.a(lib_a-memchr-stub.o)
                              c:/program files (x86)/atollic/truestudio for stm32 9.3.0/armtools/bin/../lib/gcc/arm-atollic-eabi/6.3.1/../../../../arm-atollic-eabi/lib/armv7-m\libc_nano.a(lib_a-nano-svfprintf.o) (memchr)
c:/program files (x86)/atollic/truestudio for stm32 9.3.0/armtools/bin/../lib/gcc/arm-atollic-eabi/6.3.1/../../../../arm-atollic-eabi/lib/armv7-m\libc_nano.a(lib_a-memcpy-stub.o)
                              c:/program files (x86)/atollic/truestudio for stm32 9.3.0/armtools/bin/../lib/gcc/arm-atollic-eabi/6.3.1/../../../../arm-atollic-eabi/lib/armv7-m\libc_nano.a(lib_a-nano-svfprintf.o) (memcpy)
c:/program files (x86)/atollic/truestudio for stm32 9.3.0/armtools/bin/../lib/gcc/arm-atollic-eabi/6.3.1/../../../../arm-atollic-eabi/lib/armv7-m\libc_nano.a(lib_a-memmove.o)
                              c:/program files (x86)/atollic/truestudio for stm32 9.3.0/armtools/bin/../lib/gcc/arm-atollic-eabi/6.3.1/../../../../arm-atollic-eabi/lib/armv7-m\libc_nano.a(lib_a-nano-svfprintf.o) (memmove)
c:/program files (x86)/atollic/truestudio for stm32 9.3.0/armtools/bin/../lib/gcc/arm-atollic-eabi/6.3.1/../../../../arm-atollic-eabi/lib/armv7-m\libc_nano.a(lib_a-nano-freer.o)
                              c:/program files (x86)/atollic/truestudio for stm32 9.3.0/armtools/bin/../lib/gcc/arm-atollic-eabi/6.3.1/../../../../arm-atollic-eabi/lib/armv7-m\libc_nano.a(lib_a-nano-svfprintf.o) (_free_r)
c:/program files (x86)/atollic/truestudio for stm32 9.3.0/armtools/bin/../lib/gcc/arm-atollic-eabi/6.3.1/../../../../arm-atollic-eabi/lib/armv7-m\libc_nano.a(lib_a-nano-mallocr.o)
                              c:/program files (x86)/atollic/truestudio for stm32 9.3.0/armtools/bin/../lib/gcc/arm-atollic-eabi/6.3.1/../../../../arm-atollic-eabi/lib/armv7-m\libc_nano.a(lib_a-nano-svfprintf.o) (_malloc_r)
c:/program files (x86)/atollic/truestudio for stm32 9.3.0/armtools/bin/../lib/gcc/arm-atollic-eabi/6.3.1/../../../../arm-atollic-eabi/lib/armv7-m\libc_nano.a(lib_a-nano-reallocr.o)
                              c:/program files (x86)/atollic/truestudio for stm32 9.3.0/armtools/bin/../lib/gcc/arm-atollic-eabi/6.3.1/../../../../arm-atollic-eabi/lib/armv7-m\libc_nano.a(lib_a-nano-svfprintf.o) (_realloc_r)
[...]
Memory Configuration

Name             Origin             Length             Attributes
RAM              0x20000000         0x00005000         xrw
FLASH            0x08000000         0x00010000         xr
*default*        0x00000000         0xffffffff

Linker script and memory map

LOAD c:/program files (x86)/atollic/truestudio for stm32 9.3.0/armtools/bin/../lib/gcc/arm-atollic-eabi/6.3.1/armv7-m/crti.o
LOAD c:/program files (x86)/atollic/truestudio for stm32 9.3.0/armtools/bin/../lib/gcc/arm-atollic-eabi/6.3.1/armv7-m/crtbegin.o
LOAD Drivers\STM32F1xx_HAL_Driver\Src\stm32f1xx_hal.o
LOAD Drivers\STM32F1xx_HAL_Driver\Src\stm32f1xx_hal_cortex.o
LOAD Drivers\STM32F1xx_HAL_Driver\Src\stm32f1xx_hal_dma.o
LOAD Drivers\STM32F1xx_HAL_Driver\Src\stm32f1xx_hal_flash.o
LOAD Drivers\STM32F1xx_HAL_Driver\Src\stm32f1xx_hal_flash_ex.o
LOAD Drivers\STM32F1xx_HAL_Driver\Src\stm32f1xx_hal_gpio.o
LOAD Drivers\STM32F1xx_HAL_Driver\Src\stm32f1xx_hal_gpio_ex.o
LOAD Drivers\STM32F1xx_HAL_Driver\Src\stm32f1xx_hal_pwr.o
LOAD Drivers\STM32F1xx_HAL_Driver\Src\stm32f1xx_hal_rcc.o
LOAD Drivers\STM32F1xx_HAL_Driver\Src\stm32f1xx_hal_rcc_ex.o
LOAD Drivers\STM32F1xx_HAL_Driver\Src\stm32f1xx_hal_tim.o
LOAD Drivers\STM32F1xx_HAL_Driver\Src\stm32f1xx_hal_tim_ex.o
LOAD Drivers\STM32F1xx_HAL_Driver\Src\stm32f1xx_ll_dma.o
LOAD Drivers\STM32F1xx_HAL_Driver\Src\stm32f1xx_ll_exti.o
LOAD Drivers\STM32F1xx_HAL_Driver\Src\stm32f1xx_ll_gpio.o
LOAD Drivers\STM32F1xx_HAL_Driver\Src\stm32f1xx_ll_rcc.o
LOAD Drivers\STM32F1xx_HAL_Driver\Src\stm32f1xx_ll_tim.o
LOAD Drivers\STM32F1xx_HAL_Driver\Src\stm32f1xx_ll_usart.o
LOAD Drivers\STM32F1xx_HAL_Driver\Src\stm32f1xx_ll_utils.o
LOAD Src\gpio.o
LOAD Src\main.o
LOAD Src\stm32f1xx_hal_msp.o
LOAD Src\stm32f1xx_it.o
LOAD Src\syscalls.o
LOAD Src\system_stm32f1xx.o
LOAD Src\tim.o
LOAD Src\usart.o
LOAD grbl\coolant_control.o
LOAD grbl\eeprom.o
LOAD grbl\gcode.o
LOAD grbl\jog.o
LOAD grbl\limits.o
LOAD grbl\motion_control.o
LOAD grbl\nuts_bolts.o
LOAD grbl\planner.o
LOAD grbl\print.o
LOAD grbl\probe.o
LOAD grbl\protocol.o
LOAD grbl\report.o
LOAD grbl\serial.o
LOAD grbl\settings.o
LOAD grbl\spindle_control.o
LOAD grbl\stepper.o
LOAD grbl\system.o
LOAD startup\startup_stm32f103xb.o
LOAD stm32\inoutputs.o
LOAD stm32\lcd-i2c.o
LOAD stm32\stm32utilities.o
                0x00000080                malloc_getpagesize_P = 0x80
START GROUP
LOAD c:/program files (x86)/atollic/truestudio for stm32 9.3.0/armtools/bin/../lib/gcc/arm-atollic-eabi/6.3.1/../../../../arm-atollic-eabi/lib/armv7-m\libc_nano.a
LOAD c:/program files (x86)/atollic/truestudio for stm32 9.3.0/armtools/bin/../lib/gcc/arm-atollic-eabi/6.3.1/../../../../arm-atollic-eabi/lib/armv7-m\libm.a
END GROUP
START GROUP
LOAD c:/program files (x86)/atollic/truestudio for stm32 9.3.0/armtools/bin/../lib/gcc/arm-atollic-eabi/6.3.1/armv7-m\libgcc.a
LOAD c:/program files (x86)/atollic/truestudio for stm32 9.3.0/armtools/bin/../lib/gcc/arm-atollic-eabi/6.3.1/../../../../arm-atollic-eabi/lib/armv7-m\libc_nano.a
END GROUP
START GROUP
LOAD c:/program files (x86)/atollic/truestudio for stm32 9.3.0/armtools/bin/../lib/gcc/arm-atollic-eabi/6.3.1/armv7-m\libgcc.a
LOAD c:/program files (x86)/atollic/truestudio for stm32 9.3.0/armtools/bin/../lib/gcc/arm-atollic-eabi/6.3.1/../../../../arm-atollic-eabi/lib/armv7-m\libc_nano.a
LOAD c:/program files (x86)/atollic/truestudio for stm32 9.3.0/armtools/bin/../lib/gcc/arm-atollic-eabi/6.3.1/../../../../arm-atollic-eabi/lib/armv7-m\libnosys.a
END GROUP
START GROUP
LOAD c:/program files (x86)/atollic/truestudio for stm32 9.3.0/armtools/bin/../lib/gcc/arm-atollic-eabi/6.3.1/armv7-m\libgcc.a
LOAD c:/program files (x86)/atollic/truestudio for stm32 9.3.0/armtools/bin/../lib/gcc/arm-atollic-eabi/6.3.1/../../../../arm-atollic-eabi/lib/armv7-m\libc_nano.a
LOAD c:/program files (x86)/atollic/truestudio for stm32 9.3.0/armtools/bin/../lib/gcc/arm-atollic-eabi/6.3.1/../../../../arm-atollic-eabi/lib/armv7-m\libnosys.a
END GROUP
LOAD c:/program files (x86)/atollic/truestudio for stm32 9.3.0/armtools/bin/../lib/gcc/arm-atollic-eabi/6.3.1/armv7-m/crtend.o
LOAD c:/program files (x86)/atollic/truestudio for stm32 9.3.0/armtools/bin/../lib/gcc/arm-atollic-eabi/6.3.1/armv7-m/crtn.o
                0x20005000                _estack = 0x20005000
                0x00000200                _Min_Heap_Size = 0x200
                0x00000400                _Min_Stack_Size = 0x400

.isr_vector     0x08000000      0x10c
                0x08000000                . = ALIGN (0x4)
 *(.isr_vector)
 .isr_vector    0x08000000      0x10c startup\startup_stm32f103xb.o
                0x08000000                g_pfnVectors
                0x0800010c                . = ALIGN (0x4)

.text           0x08000110     0x973c
                0x08000110                . = ALIGN (0x4)
 *(.text)
 .text          0x08000110       0x40 c:/program files (x86)/atollic/truestudio for stm32 9.3.0/armtools/bin/../lib/gcc/arm-atollic-eabi/6.3.1/armv7-m/crtbegin.o
 .text          0x08000150       0x18 c:/program files (x86)/atollic/truestudio for stm32 9.3.0/armtools/bin/../lib/gcc/arm-atollic-eabi/6.3.1/armv7-m\libgcc.a(_lshrdi3.o)
                0x08000150                __lshrdi3
                0x08000150                __aeabi_llsr
 .text          0x08000168      0x370 c:/program files (x86)/atollic/truestudio for stm32 9.3.0/armtools/bin/../lib/gcc/arm-atollic-eabi/6.3.1/armv7-m\libgcc.a(_arm_addsubdf3.o)
                0x08000168                __aeabi_drsub
                0x08000170                __aeabi_dsub
                0x08000170                __subdf3
                0x08000174                __aeabi_dadd
                0x08000174                __adddf3
                0x080003ec                __floatunsidf
                0x080003ec                __aeabi_ui2d
                0x0800040c                __floatsidf
                0x0800040c                __aeabi_i2d
                0x08000430                __aeabi_f2d
                0x08000430                __extendsfdf2
                0x0800046c                __floatundidf
                0x0800046c                __aeabi_ul2d
                0x0800047c                __floatdidf
                0x0800047c                __aeabi_l2d
 .text          0x080004d8      0x424 c:/program files (x86)/atollic/truestudio for stm32 9.3.0/armtools/bin/../lib/gcc/arm-atollic-eabi/6.3.1/armv7-m\libgcc.a(_arm_muldivdf3.o)
                0x080004d8                __aeabi_dmul
                0x080004d8                __muldf3
                0x0800072c                __divdf3
                0x0800072c                __aeabi_ddiv
 .text          0x080008fc      0x110 c:/program files (x86)/atollic/truestudio for stm32 9.3.0/armtools/bin/../lib/gcc/arm-atollic-eabi/6.3.1/armv7-m\libgcc.a(_arm_cmpdf2.o)
                0x080008fc                __gtdf2
                0x080008fc                __gedf2
                0x08000904                __ltdf2
                0x08000904                __ledf2
                0x0800090c                __nedf2
                0x0800090c                __eqdf2
                0x0800090c                __cmpdf2
                0x08000988                __aeabi_cdrcmple
                0x08000998                __aeabi_cdcmpeq
                0x08000998                __aeabi_cdcmple
                0x080009a8                __aeabi_dcmpeq
                0x080009bc                __aeabi_dcmplt
                0x080009d0                __aeabi_dcmple
                0x080009e4                __aeabi_dcmpge
                0x080009f8                __aeabi_dcmpgt
 .text          0x08000a0c       0x2c c:/program files (x86)/atollic/truestudio for stm32 9.3.0/armtools/bin/../lib/gcc/arm-atollic-eabi/6.3.1/armv7-m\libgcc.a(_arm_unorddf2.o)
                0x08000a0c                __unorddf2
                0x08000a0c                __aeabi_dcmpun
 .text          0x08000a38       0x50 c:/program files (x86)/atollic/truestudio for stm32 9.3.0/armtools/bin/../lib/gcc/arm-atollic-eabi/6.3.1/armv7-m\libgcc.a(_arm_fixdfsi.o)
                0x08000a38                __aeabi_d2iz
                0x08000a38                __fixdfsi
 .text          0x08000a88       0x40 c:/program files (x86)/atollic/truestudio for stm32 9.3.0/armtools/bin/../lib/gcc/arm-atollic-eabi/6.3.1/armv7-m\libgcc.a(_arm_fixunsdfsi.o)
                0x08000a88                __aeabi_d2uiz
                0x08000a88                __fixunsdfsi
 .text          0x08000ac8       0xa0 c:/program files (x86)/atollic/truestudio for stm32 9.3.0/armtools/bin/../lib/gcc/arm-atollic-eabi/6.3.1/armv7-m\libgcc.a(_arm_truncdfsf2.o)
                0x08000ac8                __truncdfsf2
                0x08000ac8                __aeabi_d2f
 .text          0x08000b68      0x21c c:/program files (x86)/atollic/truestudio for stm32 9.3.0/armtools/bin/../lib/gcc/arm-atollic-eabi/6.3.1/armv7-m\libgcc.a(_arm_addsubsf3.o)
                0x08000b68                __aeabi_frsub
                0x08000b70                __subsf3
                0x08000b70                __aeabi_fsub
                0x08000b74                __aeabi_fadd
                0x08000b74                __addsf3
                0x08000cd4                __aeabi_ui2f
                0x08000cd4                __floatunsisf
                0x08000cdc                __aeabi_i2f
                0x08000cdc                __floatsisf
                0x08000cf8                __aeabi_ul2f
                0x08000cf8                __floatundisf
                0x08000d08                __aeabi_l2f
                0x08000d08                __floatdisf
 .text          0x08000d84      0x2a0 c:/program files (x86)/atollic/truestudio for stm32 9.3.0/armtools/bin/../lib/gcc/arm-atollic-eabi/6.3.1/armv7-m\libgcc.a(_arm_muldivsf3.o)
                0x08000d84                __mulsf3
                0x08000d84                __aeabi_fmul
                0x08000eec                __aeabi_fdiv
                0x08000eec                __divsf3
 .text          0x08001024       0xec c:/program files (x86)/atollic/truestudio for stm32 9.3.0/armtools/bin/../lib/gcc/arm-atollic-eabi/6.3.1/armv7-m\libgcc.a(_arm_cmpsf2.o)
                0x08001024                __gesf2
                0x08001024                __gtsf2
                0x0800102c                __lesf2
                0x0800102c                __ltsf2
                0x08001034                __nesf2
                0x08001034                __eqsf2
                0x08001034                __cmpsf2
                0x08001094                __aeabi_cfrcmple
                0x0800109c                __aeabi_cfcmpeq
                0x0800109c                __aeabi_cfcmple
                0x080010ac                __aeabi_fcmpeq
                0x080010c0                __aeabi_fcmplt
                0x080010d4                __aeabi_fcmple
                0x080010e8                __aeabi_fcmpge
                0x080010fc                __aeabi_fcmpgt
 .text          0x08001110       0x2c c:/program files (x86)/atollic/truestudio for stm32 9.3.0/armtools/bin/../lib/gcc/arm-atollic-eabi/6.3.1/armv7-m\libgcc.a(_arm_unordsf2.o)
                0x08001110                __unordsf2
                0x08001110                __aeabi_fcmpun
 .text          0x0800113c       0x4c c:/program files (x86)/atollic/truestudio for stm32 9.3.0/armtools/bin/../lib/gcc/arm-atollic-eabi/6.3.1/armv7-m\libgcc.a(_arm_fixsfsi.o)
                0x0800113c                __aeabi_f2iz
                0x0800113c                __fixsfsi
 .text          0x08001188       0x40 c:/program files (x86)/atollic/truestudio for stm32 9.3.0/armtools/bin/../lib/gcc/arm-atollic-eabi/6.3.1/armv7-m\libgcc.a(_arm_fixunssfsi.o)
                0x08001188                __fixunssfsi
                0x08001188                __aeabi_f2uiz
 *(.text*)
 .text.HAL_InitTick
                0x080011c8       0x48 Drivers\STM32F1xx_HAL_Driver\Src\stm32f1xx_hal.o
                0x080011c8                HAL_InitTick
 .text.HAL_Init
                0x08001210       0x24 Drivers\STM32F1xx_HAL_Driver\Src\stm32f1xx_hal.o
                0x08001210                HAL_Init
 .text.HAL_IncTick
                0x08001234       0x18 Drivers\STM32F1xx_HAL_Driver\Src\stm32f1xx_hal.o
                0x08001234                HAL_IncTick
 .text.HAL_GetTick
                0x0800124c        0xc Drivers\STM32F1xx_HAL_Driver\Src\stm32f1xx_hal.o
                0x0800124c                HAL_GetTick
 .text.HAL_Delay
                0x08001258       0x24 Drivers\STM32F1xx_HAL_Driver\Src\stm32f1xx_hal.o
                0x08001258                HAL_Delay
 .text.HAL_NVIC_SetPriorityGrouping
                0x0800127c       0x24 Drivers\STM32F1xx_HAL_Driver\Src\stm32f1xx_hal_cortex.o
                0x0800127c                HAL_NVIC_SetPriorityGrouping
 .text.HAL_NVIC_SetPriority
                0x080012a0       0x68 Drivers\STM32F1xx_HAL_Driver\Src\stm32f1xx_hal_cortex.o
                0x080012a0                HAL_NVIC_SetPriority
 .text.HAL_NVIC_EnableIRQ
                0x08001308       0x18 Drivers\STM32F1xx_HAL_Driver\Src\stm32f1xx_hal_cortex.o
                0x08001308                HAL_NVIC_EnableIRQ
 .text.HAL_SYSTICK_Config
                0x08001320       0x2c Drivers\STM32F1xx_HAL_Driver\Src\stm32f1xx_hal_cortex.o
                0x08001320                HAL_SYSTICK_Config
 .text.HAL_NVIC_ClearPendingIRQ
                0x0800134c       0x1c Drivers\STM32F1xx_HAL_Driver\Src\stm32f1xx_hal_cortex.o
                0x0800134c                HAL_NVIC_ClearPendingIRQ
 .text.FLASH_SetErrorCode
                0x08001368       0x50 Drivers\STM32F1xx_HAL_Driver\Src\stm32f1xx_hal_flash.o
 .text.HAL_FLASH_Unlock
                0x080013b8       0x24 Drivers\STM32F1xx_HAL_Driver\Src\stm32f1xx_hal_flash.o
                0x080013b8                HAL_FLASH_Unlock
 .text.HAL_FLASH_Lock
                0x080013dc       0x14 Drivers\STM32F1xx_HAL_Driver\Src\stm32f1xx_hal_flash.o
                0x080013dc                HAL_FLASH_Lock
 .text.FLASH_WaitForLastOperation
                0x080013f0       0x54 Drivers\STM32F1xx_HAL_Driver\Src\stm32f1xx_hal_flash.o
                0x080013f0                FLASH_WaitForLastOperation
 .text.HAL_FLASH_Program
                0x08001444       0x8c Drivers\STM32F1xx_HAL_Driver\Src\stm32f1xx_hal_flash.o
                0x08001444                HAL_FLASH_Program
 .text.FLASH_PageErase
                0x080014d0       0x24 Drivers\STM32F1xx_HAL_Driver\Src\stm32f1xx_hal_flash_ex.o
                0x080014d0                FLASH_PageErase
 .text.HAL_GPIO_Init
                0x080014f4      0x1c0 Drivers\STM32F1xx_HAL_Driver\Src\stm32f1xx_hal_gpio.o
                0x080014f4                HAL_GPIO_Init
 .text.HAL_GPIO_WritePin
                0x080016b4        0xa Drivers\STM32F1xx_HAL_Driver\Src\stm32f1xx_hal_gpio.o
                0x080016b4                HAL_GPIO_WritePin
 .text.HAL_GPIO_EXTI_Callback
                0x080016be        0x2 Drivers\STM32F1xx_HAL_Driver\Src\stm32f1xx_hal_gpio.o
                0x080016be                HAL_GPIO_EXTI_Callback
 .text.HAL_GPIO_EXTI_IRQHandler
                0x080016c0       0x18 Drivers\STM32F1xx_HAL_Driver\Src\stm32f1xx_hal_gpio.o
                0x080016c0                HAL_GPIO_EXTI_IRQHandler
 .text.HAL_RCC_OscConfig
                0x080016d8      0x318 Drivers\STM32F1xx_HAL_Driver\Src\stm32f1xx_hal_rcc.o
                0x080016d8                HAL_RCC_OscConfig
 .text.HAL_RCC_GetSysClockFreq
                0x080019f0       0x78 Drivers\STM32F1xx_HAL_Driver\Src\stm32f1xx_hal_rcc.o
                0x080019f0                HAL_RCC_GetSysClockFreq
 .text.HAL_RCC_ClockConfig
                0x08001a68      0x164 Drivers\STM32F1xx_HAL_Driver\Src\stm32f1xx_hal_rcc.o
                0x08001a68                HAL_RCC_ClockConfig
 .text.LL_GPIO_Init
                0x08001bcc      0x102 Drivers\STM32F1xx_HAL_Driver\Src\stm32f1xx_ll_gpio.o
                0x08001bcc                LL_GPIO_Init
 *fill*         0x08001cce        0x2 
 .text.RCC_GetHCLKClockFreq
                0x08001cd0       0x18 Drivers\STM32F1xx_HAL_Driver\Src\stm32f1xx_ll_rcc.o
                0x08001cd0                RCC_GetHCLKClockFreq
 .text.RCC_GetPCLK1ClockFreq
                0x08001ce8       0x18 Drivers\STM32F1xx_HAL_Driver\Src\stm32f1xx_ll_rcc.o
                0x08001ce8                RCC_GetPCLK1ClockFreq
 .text.RCC_GetPCLK2ClockFreq
                0x08001d00       0x18 Drivers\STM32F1xx_HAL_Driver\Src\stm32f1xx_ll_rcc.o
                0x08001d00                RCC_GetPCLK2ClockFreq
 .text.RCC_PLL_GetFreqDomain_SYS
                0x08001d18       0x34 Drivers\STM32F1xx_HAL_Driver\Src\stm32f1xx_ll_rcc.o
                0x08001d18                RCC_PLL_GetFreqDomain_SYS
 .text.RCC_GetSystemClockFreq
                0x08001d4c       0x1c Drivers\STM32F1xx_HAL_Driver\Src\stm32f1xx_ll_rcc.o
                0x08001d4c                RCC_GetSystemClockFreq
 .text.LL_RCC_GetSystemClocksFreq
                0x08001d68       0x20 Drivers\STM32F1xx_HAL_Driver\Src\stm32f1xx_ll_rcc.o
                0x08001d68                LL_RCC_GetSystemClocksFreq
 .text.LL_TIM_Init
                0x08001d88       0x70 Drivers\STM32F1xx_HAL_Driver\Src\stm32f1xx_ll_tim.o
                0x08001d88                LL_TIM_Init
 .text.LL_TIM_OC_Init
                0x08001df8      0x190 Drivers\STM32F1xx_HAL_Driver\Src\stm32f1xx_ll_tim.o
                0x08001df8                LL_TIM_OC_Init
 .text.LL_TIM_BDTR_Init
                0x08001f88       0x34 Drivers\STM32F1xx_HAL_Driver\Src\stm32f1xx_ll_tim.o
                0x08001f88                LL_TIM_BDTR_Init
 .text.LL_USART_Init
                0x08001fbc       0xa4 Drivers\STM32F1xx_HAL_Driver\Src\stm32f1xx_ll_usart.o
                0x08001fbc                LL_USART_Init
 .text.MX_GPIO_Init
                0x08002060      0x138 Src\gpio.o
                0x08002060                MX_GPIO_Init
 .text.SystemClock_Config
                0x08002198       0x54 Src\main.o
                0x08002198                SystemClock_Config
 .text.startup.main
                0x080021ec      0x150 Src\main.o
                0x080021ec                main
 .text.HAL_MspInit
                0x0800233c       0x44 Src\stm32f1xx_hal_msp.o
                0x0800233c                HAL_MspInit
 .text.NMI_Handler
                0x08002380        0x2 Src\stm32f1xx_it.o
                0x08002380                NMI_Handler
 .text.HardFault_Handler
                0x08002382        0x2 Src\stm32f1xx_it.o
                0x08002382                HardFault_Handler
 .text.MemManage_Handler
                0x08002384        0x2 Src\stm32f1xx_it.o
                0x08002384                MemManage_Handler
 .text.BusFault_Handler
                0x08002386        0x2 Src\stm32f1xx_it.o
                0x08002386                BusFault_Handler
 .text.UsageFault_Handler
                0x08002388        0x2 Src\stm32f1xx_it.o
                0x08002388                UsageFault_Handler
 .text.SVC_Handler
                0x0800238a        0x2 Src\stm32f1xx_it.o
                0x0800238a                SVC_Handler
 .text.DebugMon_Handler
                0x0800238c        0x2 Src\stm32f1xx_it.o
                0x0800238c                DebugMon_Handler
 .text.PendSV_Handler
                0x0800238e        0x2 Src\stm32f1xx_it.o
                0x0800238e                PendSV_Handler
 .text.SysTick_Handler
                0x08002390        0x4 Src\stm32f1xx_it.o
                0x08002390                SysTick_Handler
 .text.EXTI0_IRQHandler
                0x08002394       0x1c Src\stm32f1xx_it.o
                0x08002394                EXTI0_IRQHandler
 .text.EXTI1_IRQHandler
                0x080023b0       0x1c Src\stm32f1xx_it.o
                0x080023b0                EXTI1_IRQHandler
 .text.EXTI3_IRQHandler
                0x080023cc       0x20 Src\stm32f1xx_it.o
                0x080023cc                EXTI3_IRQHandler
 .text.EXTI4_IRQHandler
                0x080023ec       0x20 Src\stm32f1xx_it.o
                0x080023ec                EXTI4_IRQHandler
 .text.TIM2_IRQHandler
                0x0800240c       0x1c Src\stm32f1xx_it.o
                0x0800240c                TIM2_IRQHandler
 .text.TIM3_IRQHandler
                0x08002428       0x2c Src\stm32f1xx_it.o
                0x08002428                TIM3_IRQHandler
 .text.USART1_IRQHandler
                0x08002454       0x20 Src\stm32f1xx_it.o
                0x08002454                USART1_IRQHandler
 .text.EXTI15_10_IRQHandler
                0x08002474       0x48 Src\stm32f1xx_it.o
                0x08002474                EXTI15_10_IRQHandler
 .text._sbrk    0x080024bc       0x34 Src\syscalls.o
                0x080024bc                _sbrk
 .text.SystemInit
                0x080024f0       0x4c Src\system_stm32f1xx.o
                0x080024f0                SystemInit
 .text.NVIC_EncodePriority.constprop.2
                0x0800253c        0x4 Src\tim.o
 .text.MX_TIM1_Init
                0x08002540       0xf4 Src\tim.o
                0x08002540                MX_TIM1_Init
 .text.MX_TIM2_Init
                0x08002634       0x80 Src\tim.o
                0x08002634                MX_TIM2_Init
 .text.MX_TIM3_Init
                0x080026b4       0x80 Src\tim.o
                0x080026b4                MX_TIM3_Init
 .text.MX_USART1_UART_Init
                0x08002734       0xbc Src\usart.o
                0x08002734                MX_USART1_UART_Init
 .text.coolant_get_state
                0x080027f0       0x18 grbl\coolant_control.o
                0x080027f0                coolant_get_state
 .text.coolant_stop
                0x08002808       0x20 grbl\coolant_control.o
                0x08002808                coolant_stop
 .text.coolant_init
                0x08002828        0x4 grbl\coolant_control.o
                0x08002828                coolant_init
 .text.coolant_set_state
                0x0800282c       0x3c grbl\coolant_control.o
                0x0800282c                coolant_set_state
 .text.coolant_sync
                0x08002868       0x20 grbl\coolant_control.o
                0x08002868                coolant_sync
 .text.eeprom_flush
                0x08002888       0x84 grbl\eeprom.o
                0x08002888                eeprom_flush
 .text.eeprom_init
                0x0800290c       0x40 grbl\eeprom.o
                0x0800290c                eeprom_init
 .text.eeprom_get_char
                0x0800294c        0xc grbl\eeprom.o
                0x0800294c                eeprom_get_char
 .text.eeprom_put_char
                0x08002958        0xc grbl\eeprom.o
                0x08002958                eeprom_put_char
 .text.memcpy_to_eeprom_with_checksum
                0x08002964       0x34 grbl\eeprom.o
                0x08002964                memcpy_to_eeprom_with_checksum
 .text.memcpy_from_eeprom_with_checksum
                0x08002998       0x38 grbl\eeprom.o
                0x08002998                memcpy_from_eeprom_with_checksum
 .text.gc_init  0x080029d0       0x2c grbl\gcode.o
                0x080029d0                gc_init
 .text.gc_sync_position
                0x080029fc       0x10 grbl\gcode.o
                0x080029fc                gc_sync_position
 *fill*         0x08002a0c        0x4 
 .text.gc_execute_line
                0x08002a10     0x1008 grbl\gcode.o
                0x08002a10                gc_execute_line
 .text.jog_execute
                0x08003a18       0x60 grbl\jog.o
                0x08003a18                jog_execute
 .text.limits_init
                0x08003a78       0x20 grbl\limits.o
                0x08003a78                limits_init
 .text.limits_disable
                0x08003a98       0x10 grbl\limits.o
                0x08003a98                limits_disable
 .text.limits_get_state
                0x08003aa8       0x4c grbl\limits.o
                0x08003aa8                limits_get_state
 .text.HandleLimitIT
                0x08003af4       0x30 grbl\limits.o
                0x08003af4                HandleLimitIT
 .text.limits_go_home
                0x08003b24      0x23c grbl\limits.o
                0x08003b24                limits_go_home
 .text.limits_soft_check
                0x08003d60       0x40 grbl\limits.o
                0x08003d60                limits_soft_check
 .text.mc_line  0x08003da0       0x68 grbl\motion_control.o
                0x08003da0                mc_line
 .text.mc_arc   0x08003e08      0x368 grbl\motion_control.o
                0x08003e08                mc_arc
 .text.mc_dwell
                0x08004170       0x24 grbl\motion_control.o
                0x08004170                mc_dwell
 .text.mc_homing_cycle
                0x08004194       0x50 grbl\motion_control.o
                0x08004194                mc_homing_cycle
 .text.mc_probe_cycle
                0x080041e4       0xd0 grbl\motion_control.o
                0x080041e4                mc_probe_cycle
 .text.mc_reset
                0x080042b4       0x54 grbl\motion_control.o
                0x080042b4                mc_reset
 .text.read_float
                0x08004308      0x10c grbl\nuts_bolts.o
                0x08004308                read_float
 .text._delay_ms
                0x08004414       0x20 grbl\nuts_bolts.o
                0x08004414                _delay_ms
 .text.delay_sec
                0x08004434       0x48 grbl\nuts_bolts.o
                0x08004434                delay_sec
 .text.delay_ms
                0x0800447c       0x14 grbl\nuts_bolts.o
                0x0800447c                delay_ms
 .text.hypot_f  0x08004490       0x24 grbl\nuts_bolts.o
                0x08004490                hypot_f
 .text.convert_delta_vector_to_unit_vector
                0x080044b4       0x5e grbl\nuts_bolts.o
                0x080044b4                convert_delta_vector_to_unit_vector
 *fill*         0x08004512        0x2 
 .text.limit_value_by_axis_maximum
                0x08004514       0x48 grbl\nuts_bolts.o
                0x08004514                limit_value_by_axis_maximum
 .text.planner_recalculate
                0x0800455c      0x188 grbl\planner.o
 .text.plan_reset_buffer
                0x080046e4       0x28 grbl\planner.o
                0x080046e4                plan_reset_buffer
 .text.plan_reset
                0x0800470c       0x18 grbl\planner.o
                0x0800470c                plan_reset
 .text.plan_discard_current_block
                0x08004724       0x34 grbl\planner.o
                0x08004724                plan_discard_current_block
 .text.plan_get_system_motion_block
                0x08004758       0x14 grbl\planner.o
                0x08004758                plan_get_system_motion_block
 .text.plan_get_current_block
                0x0800476c       0x24 grbl\planner.o
                0x0800476c                plan_get_current_block
 .text.plan_get_exec_block_exit_speed_sqr
                0x08004790       0x30 grbl\planner.o
                0x08004790                plan_get_exec_block_exit_speed_sqr
 .text.plan_check_full_buffer
                0x080047c0       0x18 grbl\planner.o
                0x080047c0                plan_check_full_buffer
 .text.plan_compute_profile_nominal_speed
                0x080047d8       0xa4 grbl\planner.o
                0x080047d8                plan_compute_profile_nominal_speed
 .text.plan_update_velocity_profile_parameters
                0x0800487c       0x7c grbl\planner.o
                0x0800487c                plan_update_velocity_profile_parameters
 .text.plan_buffer_line
                0x080048f8      0x308 grbl\planner.o
                0x080048f8                plan_buffer_line
 .text.plan_sync_position
                0x08004c00       0x20 grbl\planner.o
                0x08004c00                plan_sync_position
 .text.plan_get_block_buffer_available
                0x08004c20       0x24 grbl\planner.o
                0x08004c20                plan_get_block_buffer_available
 .text.plan_cycle_reinitialize
                0x08004c44       0x20 grbl\planner.o
                0x08004c44                plan_cycle_reinitialize
 .text.printString
                0x08004c64       0x12 grbl\print.o
                0x08004c64                printString
 .text.print_uint8_base10
                0x08004c76       0x50 grbl\print.o
                0x08004c76                print_uint8_base10
 *fill*         0x08004cc6        0x2 
 .text.printFloat
                0x08004cc8       0xc8 grbl\print.o
                0x08004cc8                printFloat
 .text.printFloat_CoordValue
                0x08004d90       0x3c grbl\print.o
                0x08004d90                printFloat_CoordValue
 *fill*         0x08004dcc        0x4 
 .text.printFloat_RateValue
                0x08004dd0       0x3c grbl\print.o
                0x08004dd0                printFloat_RateValue
 .text.probe_configure_invert_mask
                0x08004e0c       0x2c grbl\probe.o
                0x08004e0c                probe_configure_invert_mask
 .text.probe_init
                0x08004e38        0x6 grbl\probe.o
                0x08004e38                probe_init
 *fill*         0x08004e3e        0x2 
 .text.probe_get_state
                0x08004e40       0x1c grbl\probe.o
                0x08004e40                probe_get_state
 .text.probe_state_monitor
                0x08004e5c       0x3c grbl\probe.o
                0x08004e5c                probe_state_monitor
 .text.protocol_auto_cycle_start
                0x08004e98       0x14 grbl\protocol.o
                0x08004e98                protocol_auto_cycle_start
 .text.protocol_exec_rt_system
                0x08004eac      0x368 grbl\protocol.o
                0x08004eac                protocol_exec_rt_system
 .text.protocol_execute_realtime
                0x08005214      0x1ac grbl\protocol.o
                0x08005214                protocol_execute_realtime
 .text.protocol_main_loop
                0x080053c0      0x124 grbl\protocol.o
                0x080053c0                protocol_main_loop
 .text.protocol_buffer_synchronize
                0x080054e4       0x24 grbl\protocol.o
                0x080054e4                protocol_buffer_synchronize
 .text.report_util_line_feed
                0x08005508        0xc grbl\report.o
 .text.report_util_feedback_line_feed
                0x08005514       0x10 grbl\report.o
 .text.report_util_axis_values
                0x08005524       0x20 grbl\report.o
 .text.report_util_setting_prefix
                0x08005544       0x1a grbl\report.o
                0x08005544                report_util_setting_prefix
 .text.report_util_uint8_setting
                0x0800555e       0x16 grbl\report.o
 .text.report_util_float_setting
                0x08005574       0x1a grbl\report.o
 *fill*         0x0800558e        0x2 
 .text.report_status_message
                0x08005590       0x2c grbl\report.o
                0x08005590                report_status_message
 .text.report_alarm_message
                0x080055bc       0x24 grbl\report.o
                0x080055bc                report_alarm_message
 .text.report_feedback_message
                0x080055e0       0x88 grbl\report.o
                0x080055e0                report_feedback_message
 .text.report_init_message
                0x08005668        0xc grbl\report.o
                0x08005668                report_init_message
 .text.report_grbl_help
                0x08005674        0xc grbl\report.o
                0x08005674                report_grbl_help
 .text.report_grbl_settings
                0x08005680      0x180 grbl\report.o
                0x08005680                report_grbl_settings
 .text.report_probe_parameters
                0x08005800       0x3c grbl\report.o
                0x08005800                report_probe_parameters
 .text.report_ngc_parameters
                0x0800583c       0xb4 grbl\report.o
                0x0800583c                report_ngc_parameters
 .text.report_gcode_modes
                0x080058f0      0x138 grbl\report.o
                0x080058f0                report_gcode_modes
 .text.report_startup_line
                0x08005a28       0x2c grbl\report.o
                0x08005a28                report_startup_line
 .text.report_execute_startup_message
                0x08005a54       0x22 grbl\report.o
                0x08005a54                report_execute_startup_message
 *fill*         0x08005a76        0x2 
 .text.report_build_info
                0x08005a78       0x54 grbl\report.o
                0x08005a78                report_build_info
 .text.report_realtime_status
                0x08005acc      0x2f0 grbl\report.o
                0x08005acc                report_realtime_status
 .text.serial_get_rx_buffer_available
                0x08005dbc       0x24 grbl\serial.o
                0x08005dbc                serial_get_rx_buffer_available
 .text.serial_init
                0x08005de0        0x2 grbl\serial.o
                0x08005de0                serial_init
 .text.serial_write
                0x08005de2        0x4 grbl\serial.o
                0x08005de2                serial_write
 *fill*         0x08005de6        0x2 
 .text.serial_read
                0x08005de8       0x30 grbl\serial.o
                0x08005de8                serial_read
 .text.HandleUartIT
                0x08005e18       0xe0 grbl\serial.o
                0x08005e18                HandleUartIT
 .text.serial_reset_read_buffer
                0x08005ef8       0x14 grbl\serial.o
                0x08005ef8                serial_reset_read_buffer
 .text.settings_store_startup_line
                0x08005f0c       0x20 grbl\settings.o
                0x08005f0c                settings_store_startup_line
 .text.settings_store_build_info
                0x08005f2c        0xc grbl\settings.o
                0x08005f2c                settings_store_build_info
 .text.settings_write_coord_data
                0x08005f38       0x20 grbl\settings.o
                0x08005f38                settings_write_coord_data
 .text.write_global_settings
                0x08005f58       0x1c grbl\settings.o
                0x08005f58                write_global_settings
 .text.settings_restore
                0x08005f74      0x130 grbl\settings.o
                0x08005f74                settings_restore
 .text.settings_read_startup_line
                0x080060a4       0x2c grbl\settings.o
                0x080060a4                settings_read_startup_line
 .text.settings_read_build_info
                0x080060d0       0x22 grbl\settings.o
                0x080060d0                settings_read_build_info
 .text.settings_read_coord_data
                0x080060f2       0x38 grbl\settings.o
                0x080060f2                settings_read_coord_data
 *fill*         0x0800612a        0x2 
 .text.read_global_settings
                0x0800612c       0x28 grbl\settings.o
                0x0800612c                read_global_settings
 .text.settings_store_global_setting
                0x08006154      0x21c grbl\settings.o
                0x08006154                settings_store_global_setting
 .text.acceleration_scaling
                0x08006370       0x74 grbl\settings.o
                0x08006370                acceleration_scaling
 .text.settings_init
                0x080063e4       0x3c grbl\settings.o
                0x080063e4                settings_init
 .text.spindle_get_state
                0x08006420        0xc grbl\spindle_control.o
                0x08006420                spindle_get_state
 .text.spindle_stop
                0x0800642c       0x10 grbl\spindle_control.o
                0x0800642c                spindle_stop
 .text.spindle_init
                0x0800643c       0x4c grbl\spindle_control.o
                0x0800643c                spindle_init
 .text.spindle_set_speed
                0x08006488       0x1c grbl\spindle_control.o
                0x08006488                spindle_set_speed
 *fill*         0x080064a4        0x4 
 .text.spindle_compute_pwm_value
                0x080064a8       0xbc grbl\spindle_control.o
                0x080064a8                spindle_compute_pwm_value
 .text.spindle_set_state
                0x08006564       0x58 grbl\spindle_control.o
                0x08006564                spindle_set_state
 .text.spindle_sync
                0x080065bc       0x24 grbl\spindle_control.o
                0x080065bc                spindle_sync
 .text.st_wake_up
                0x080065e0       0x88 grbl\stepper.o
                0x080065e0                st_wake_up
 .text.st_go_idle
                0x08006668       0x7c grbl\stepper.o
                0x08006668                st_go_idle
 .text.HandleStepSetIT
                0x080066e4      0x280 grbl\stepper.o
                0x080066e4                HandleStepSetIT
 .text.HandleStepResetIT
                0x08006964       0x2c grbl\stepper.o
                0x08006964                HandleStepResetIT
 .text.st_generate_step_dir_invert_masks
                0x08006990       0x78 grbl\stepper.o
                0x08006990                st_generate_step_dir_invert_masks
 .text.st_reset
                0x08006a08       0x98 grbl\stepper.o
                0x08006a08                st_reset
 .text.stepper_init
                0x08006aa0       0x44 grbl\stepper.o
                0x08006aa0                stepper_init
 .text.st_update_plan_block_parameters
                0x08006ae4       0x2c grbl\stepper.o
                0x08006ae4                st_update_plan_block_parameters
 .text.st_prep_buffer
                0x08006b10      0x74c grbl\stepper.o
                0x08006b10                st_prep_buffer
 .text.st_get_realtime_rate
                0x0800725c       0x1c grbl\stepper.o
                0x0800725c                st_get_realtime_rate
 .text.system_init
                0x08007278        0x2 grbl\system.o
                0x08007278                system_init
 *fill*         0x0800727a        0x2 
 .text.system_control_get_state
                0x0800727c       0x30 grbl\system.o
                0x0800727c                system_control_get_state
 .text.HandleControlIT
                0x080072ac       0x5c grbl\system.o
                0x080072ac                HandleControlIT
 .text.system_check_safety_door_ajar
                0x08007308        0xc grbl\system.o
                0x08007308                system_check_safety_door_ajar
 .text.system_execute_startup
                0x08007314       0x32 grbl\system.o
                0x08007314                system_execute_startup
 *fill*         0x08007346        0x2 
 .text.system_flag_wco_change
                0x08007348       0x14 grbl\system.o
                0x08007348                system_flag_wco_change
 .text.system_convert_axis_steps_to_mpos
                0x0800735c       0x1c grbl\system.o
                0x0800735c                system_convert_axis_steps_to_mpos
 .text.system_convert_array_steps_to_mpos
                0x08007378       0x1c grbl\system.o
                0x08007378                system_convert_array_steps_to_mpos
 .text.system_check_travel_limits
                0x08007394       0x3c grbl\system.o
                0x08007394                system_check_travel_limits
 .text.system_set_exec_state_flag
                0x080073d0       0x14 grbl\system.o
                0x080073d0                system_set_exec_state_flag
 .text.system_execute_line
                0x080073e4      0x30c grbl\system.o
                0x080073e4                system_execute_line
 .text.system_clear_exec_state_flag
                0x080076f0       0x14 grbl\system.o
                0x080076f0                system_clear_exec_state_flag
 .text.system_set_exec_alarm
                0x08007704       0x14 grbl\system.o
                0x08007704                system_set_exec_alarm
 .text.system_clear_exec_alarm
                0x08007718       0x10 grbl\system.o
                0x08007718                system_clear_exec_alarm
 .text.system_set_exec_motion_override_flag
                0x08007728       0x14 grbl\system.o
                0x08007728                system_set_exec_motion_override_flag
 .text.system_set_exec_accessory_override_flag
                0x0800773c       0x14 grbl\system.o
                0x0800773c                system_set_exec_accessory_override_flag
 .text.system_clear_exec_motion_overrides
                0x08007750       0x10 grbl\system.o
                0x08007750                system_clear_exec_motion_overrides
 .text.system_clear_exec_accessory_overrides
                0x08007760       0x10 grbl\system.o
                0x08007760                system_clear_exec_accessory_overrides
 .text.Reset_Handler
                0x08007770       0x48 startup\startup_stm32f103xb.o
                0x08007770                Reset_Handler
 .text.Default_Handler
                0x080077b8        0x2 startup\startup_stm32f103xb.o
                0x080077b8                RTC_Alarm_IRQHandler
                0x080077b8                EXTI2_IRQHandler
                0x080077b8                TIM1_CC_IRQHandler
                0x080077b8                PVD_IRQHandler
                0x080077b8                I2C2_EV_IRQHandler
                0x080077b8                ADC1_2_IRQHandler
                0x080077b8                SPI1_IRQHandler
                0x080077b8                TAMPER_IRQHandler
                0x080077b8                DMA1_Channel4_IRQHandler
                0x080077b8                USART3_IRQHandler
                0x080077b8                RTC_IRQHandler
                0x080077b8                DMA1_Channel7_IRQHandler
                0x080077b8                CAN1_RX1_IRQHandler
                0x080077b8                TIM4_IRQHandler
                0x080077b8                I2C1_EV_IRQHandler
                0x080077b8                DMA1_Channel6_IRQHandler
                0x080077b8                RCC_IRQHandler
                0x080077b8                TIM1_TRG_COM_IRQHandler
                0x080077b8                DMA1_Channel1_IRQHandler
                0x080077b8                Default_Handler
                0x080077b8                EXTI9_5_IRQHandler
                0x080077b8                SPI2_IRQHandler
                0x080077b8                DMA1_Channel5_IRQHandler
                0x080077b8                USB_LP_CAN1_RX0_IRQHandler
                0x080077b8                USB_HP_CAN1_TX_IRQHandler
                0x080077b8                DMA1_Channel3_IRQHandler
                0x080077b8                TIM1_UP_IRQHandler
                0x080077b8                WWDG_IRQHandler
                0x080077b8                TIM1_BRK_IRQHandler
                0x080077b8                USART2_IRQHandler
                0x080077b8                I2C2_ER_IRQHandler
                0x080077b8                DMA1_Channel2_IRQHandler
                0x080077b8                CAN1_SCE_IRQHandler
                0x080077b8                FLASH_IRQHandler
                0x080077b8                I2C1_ER_IRQHandler
                0x080077b8                USBWakeUp_IRQHandler
 *fill*         0x080077ba        0x2 
 .text.outputs_digital_reset
                0x080077bc        0xc stm32\inoutputs.o
                0x080077bc                outputs_digital_reset
 .text.inoutputs_init
                0x080077c8        0x4 stm32\inoutputs.o
                0x080077c8                inoutputs_init
 .text.outputs_digital_set
                0x080077cc        0xc stm32\inoutputs.o
                0x080077cc                outputs_digital_set
 .text.outputs_set_digital
                0x080077d8       0x1c stm32\inoutputs.o
                0x080077d8                outputs_set_digital
 .text.outputs_digital_action
                0x080077f4       0x50 stm32\inoutputs.o
                0x080077f4                outputs_digital_action
 .text.outputs_analog_init
                0x08007844        0x2 stm32\inoutputs.o
                0x08007844                outputs_analog_init
 .text.outputs_analog_action
                0x08007846        0x2 stm32\inoutputs.o
                0x08007846                outputs_analog_action
 .text.wait_on_input_action
                0x08007848        0x2 stm32\inoutputs.o
                0x08007848                wait_on_input_action
 *fill*         0x0800784a        0x2 
 .text.timing_init
                0x0800784c       0x34 stm32\stm32utilities.o
                0x0800784c                timing_init
 .text.uart_sendch
                0x08007880       0x10 stm32\stm32utilities.o
                0x08007880                uart_sendch
 .text.uart_sendstr
                0x08007890       0x12 stm32\stm32utilities.o
                0x08007890                uart_sendstr
 *fill*         0x080078a2        0x2 
 .text.uart_init
                0x080078a4       0x40 stm32\stm32utilities.o
                0x080078a4                uart_init
 .text.GPIO_ResetBits
                0x080078e4        0x6 stm32\stm32utilities.o
                0x080078e4                GPIO_ResetBits
 .text.GPIO_SetBits
                0x080078ea        0x6 stm32\stm32utilities.o
                0x080078ea                GPIO_SetBits
 .text.__errno  0x080078f0        0xc c:/program files (x86)/atollic/truestudio for stm32 9.3.0/armtools/bin/../lib/gcc/arm-atollic-eabi/6.3.1/../../../../arm-atollic-eabi/lib/armv7-m\libc_nano.a(lib_a-errno.o)
                0x080078f0                __errno
 .text.__libc_init_array
                0x080078fc       0x48 c:/program files (x86)/atollic/truestudio for stm32 9.3.0/armtools/bin/../lib/gcc/arm-atollic-eabi/6.3.1/../../../../arm-atollic-eabi/lib/armv7-m\libc_nano.a(lib_a-init.o)
                0x080078fc                __libc_init_array
 .text.memcmp   0x08007944       0x1e c:/program files (x86)/atollic/truestudio for stm32 9.3.0/armtools/bin/../lib/gcc/arm-atollic-eabi/6.3.1/../../../../arm-atollic-eabi/lib/armv7-m\libc_nano.a(lib_a-memcmp.o)
                0x08007944                memcmp
 .text.memset   0x08007962       0x10 c:/program files (x86)/atollic/truestudio for stm32 9.3.0/armtools/bin/../lib/gcc/arm-atollic-eabi/6.3.1/../../../../arm-atollic-eabi/lib/armv7-m\libc_nano.a(lib_a-memset.o)
                0x08007962                memset
 *fill*         0x08007972        0x2 
 .text.sprintf  0x08007974       0x48 c:/program files (x86)/atollic/truestudio for stm32 9.3.0/armtools/bin/../lib/gcc/arm-atollic-eabi/6.3.1/../../../../arm-atollic-eabi/lib/armv7-m\libc_nano.a(lib_a-sprintf.o)
                0x08007974                siprintf
                0x08007974                sprintf
 .text.__ssputs_r
                0x080079bc       0xb6 c:/program files (x86)/atollic/truestudio for stm32 9.3.0/armtools/bin/../lib/gcc/arm-atollic-eabi/6.3.1/../../../../arm-atollic-eabi/lib/armv7-m\libc_nano.a(lib_a-nano-svfprintf.o)
                0x080079bc                __ssputs_r
 *fill*         0x08007a72        0x2 
 .text._svfprintf_r
                0x08007a74      0x1e8 c:/program files (x86)/atollic/truestudio for stm32 9.3.0/armtools/bin/../lib/gcc/arm-atollic-eabi/6.3.1/../../../../arm-atollic-eabi/lib/armv7-m\libc_nano.a(lib_a-nano-svfprintf.o)
                0x08007a74                _svfiprintf_r
                0x08007a74                _svfprintf_r
 .text._printf_common
                0x08007c5c       0xee c:/program files (x86)/atollic/truestudio for stm32 9.3.0/armtools/bin/../lib/gcc/arm-atollic-eabi/6.3.1/../../../../arm-atollic-eabi/lib/armv7-m\libc_nano.a(lib_a-nano-vfprintf_i.o)
                0x08007c5c                _printf_common
 *fill*         0x08007d4a        0x2 
 .text._printf_i
                0x08007d4c      0x240 c:/program files (x86)/atollic/truestudio for stm32 9.3.0/armtools/bin/../lib/gcc/arm-atollic-eabi/6.3.1/../../../../arm-atollic-eabi/lib/armv7-m\libc_nano.a(lib_a-nano-vfprintf_i.o)
                0x08007d4c                _printf_i
 .text.memchr   0x08007f8c       0x1c c:/program files (x86)/atollic/truestudio for stm32 9.3.0/armtools/bin/../lib/gcc/arm-atollic-eabi/6.3.1/../../../../arm-atollic-eabi/lib/armv7-m\libc_nano.a(lib_a-memchr-stub.o)
                0x08007f8c                memchr
 .text.memcpy   0x08007fa8       0x16 c:/program files (x86)/atollic/truestudio for stm32 9.3.0/armtools/bin/../lib/gcc/arm-atollic-eabi/6.3.1/../../../../arm-atollic-eabi/lib/armv7-m\libc_nano.a(lib_a-memcpy-stub.o)
                0x08007fa8                memcpy
 .text.memmove  0x08007fbe       0x34 c:/program files (x86)/atollic/truestudio for stm32 9.3.0/armtools/bin/../lib/gcc/arm-atollic-eabi/6.3.1/../../../../arm-atollic-eabi/lib/armv7-m\libc_nano.a(lib_a-memmove.o)
                0x08007fbe                memmove
 *fill*         0x08007ff2        0x2 
 .text._free_r  0x08007ff4       0x98 c:/program files (x86)/atollic/truestudio for stm32 9.3.0/armtools/bin/../lib/gcc/arm-atollic-eabi/6.3.1/../../../../arm-atollic-eabi/lib/armv7-m\libc_nano.a(lib_a-nano-freer.o)
                0x08007ff4                _free_r
 .text._malloc_r
                0x0800808c       0xbc c:/program files (x86)/atollic/truestudio for stm32 9.3.0/armtools/bin/../lib/gcc/arm-atollic-eabi/6.3.1/../../../../arm-atollic-eabi/lib/armv7-m\libc_nano.a(lib_a-nano-mallocr.o)
                0x0800808c                _malloc_r
 .text._realloc_r
                0x08008148       0x4c c:/program files (x86)/atollic/truestudio for stm32 9.3.0/armtools/bin/../lib/gcc/arm-atollic-eabi/6.3.1/../../../../arm-atollic-eabi/lib/armv7-m\libc_nano.a(lib_a-nano-reallocr.o)
                0x08008148                _realloc_r
 .text._sbrk_r  0x08008194       0x20 c:/program files (x86)/atollic/truestudio for stm32 9.3.0/armtools/bin/../lib/gcc/arm-atollic-eabi/6.3.1/../../../../arm-atollic-eabi/lib/armv7-m\libc_nano.a(lib_a-sbrkr.o)
                0x08008194                _sbrk_r
 .text.__malloc_lock
                0x080081b4        0x2 c:/program files (x86)/atollic/truestudio for stm32 9.3.0/armtools/bin/../lib/gcc/arm-atollic-eabi/6.3.1/../../../../arm-atollic-eabi/lib/armv7-m\libc_nano.a(lib_a-mlock.o)
                0x080081b4                __malloc_lock
 .text.__malloc_unlock
                0x080081b6        0x2 c:/program files (x86)/atollic/truestudio for stm32 9.3.0/armtools/bin/../lib/gcc/arm-atollic-eabi/6.3.1/../../../../arm-atollic-eabi/lib/armv7-m\libc_nano.a(lib_a-mlock.o)
                0x080081b6                __malloc_unlock
 .text._malloc_usable_size_r
                0x080081b8       0x12 c:/program files (x86)/atollic/truestudio for stm32 9.3.0/armtools/bin/../lib/gcc/arm-atollic-eabi/6.3.1/../../../../arm-atollic-eabi/lib/armv7-m\libc_nano.a(lib_a-nano-msizer.o)
                0x080081b8                _malloc_usable_size_r
 *fill*         0x080081ca        0x6 
 .text.ceil     0x080081d0      0x108 c:/program files (x86)/atollic/truestudio for stm32 9.3.0/armtools/bin/../lib/gcc/arm-atollic-eabi/6.3.1/../../../../arm-atollic-eabi/lib/armv7-m\libm.a(lib_a-s_ceil.o)
                0x080081d0                ceil
 .text.floor    0x080082d8      0x108 c:/program files (x86)/atollic/truestudio for stm32 9.3.0/armtools/bin/../lib/gcc/arm-atollic-eabi/6.3.1/../../../../arm-atollic-eabi/lib/armv7-m\libm.a(lib_a-s_floor.o)
                0x080082d8                floor
 .text.lround   0x080083e0       0x84 c:/program files (x86)/atollic/truestudio for stm32 9.3.0/armtools/bin/../lib/gcc/arm-atollic-eabi/6.3.1/../../../../arm-atollic-eabi/lib/armv7-m\libm.a(lib_a-s_lround.o)
                0x080083e0                lround
 .text.round    0x08008464       0x8c c:/program files (x86)/atollic/truestudio for stm32 9.3.0/armtools/bin/../lib/gcc/arm-atollic-eabi/6.3.1/../../../../arm-atollic-eabi/lib/armv7-m\libm.a(lib_a-s_round.o)
                0x08008464                round
 .text.trunc    0x080084f0       0x64 c:/program files (x86)/atollic/truestudio for stm32 9.3.0/armtools/bin/../lib/gcc/arm-atollic-eabi/6.3.1/../../../../arm-atollic-eabi/lib/armv7-m\libm.a(lib_a-s_trunc.o)
                0x080084f0                trunc
 .text.ceilf    0x08008554       0x80 c:/program files (x86)/atollic/truestudio for stm32 9.3.0/armtools/bin/../lib/gcc/arm-atollic-eabi/6.3.1/../../../../arm-atollic-eabi/lib/armv7-m\libm.a(lib_a-sf_ceil.o)
                0x08008554                ceilf
 .text.cosf     0x080085d4       0x68 c:/program files (x86)/atollic/truestudio for stm32 9.3.0/armtools/bin/../lib/gcc/arm-atollic-eabi/6.3.1/../../../../arm-atollic-eabi/lib/armv7-m\libm.a(lib_a-sf_cos.o)
                0x080085d4                cosf
 .text.sinf     0x0800863c       0x6c c:/program files (x86)/atollic/truestudio for stm32 9.3.0/armtools/bin/../lib/gcc/arm-atollic-eabi/6.3.1/../../../../arm-atollic-eabi/lib/armv7-m\libm.a(lib_a-sf_sin.o)
                0x0800863c                sinf
 .text.sqrt     0x080086a8       0xa8 c:/program files (x86)/atollic/truestudio for stm32 9.3.0/armtools/bin/../lib/gcc/arm-atollic-eabi/6.3.1/../../../../arm-atollic-eabi/lib/armv7-m\libm.a(lib_a-w_sqrt.o)
                0x080086a8                sqrt
 .text.atan2f   0x08008750        0x4 c:/program files (x86)/atollic/truestudio for stm32 9.3.0/armtools/bin/../lib/gcc/arm-atollic-eabi/6.3.1/../../../../arm-atollic-eabi/lib/armv7-m\libm.a(lib_a-wf_atan2.o)
                0x08008750                atan2f
 .text.sqrtf    0x08008754       0x94 c:/program files (x86)/atollic/truestudio for stm32 9.3.0/armtools/bin/../lib/gcc/arm-atollic-eabi/6.3.1/../../../../arm-atollic-eabi/lib/armv7-m\libm.a(lib_a-wf_sqrt.o)
                0x08008754                sqrtf
 .text.__ieee754_sqrt
                0x080087e8      0x158 c:/program files (x86)/atollic/truestudio for stm32 9.3.0/armtools/bin/../lib/gcc/arm-atollic-eabi/6.3.1/../../../../arm-atollic-eabi/lib/armv7-m\libm.a(lib_a-e_sqrt.o)
                0x080087e8                __ieee754_sqrt
 .text.__ieee754_atan2f
                0x08008940      0x120 c:/program files (x86)/atollic/truestudio for stm32 9.3.0/armtools/bin/../lib/gcc/arm-atollic-eabi/6.3.1/../../../../arm-atollic-eabi/lib/armv7-m\libm.a(lib_a-ef_atan2.o)
                0x08008940                __ieee754_atan2f
 .text.__ieee754_rem_pio2f
                0x08008a60      0x2b0 c:/program files (x86)/atollic/truestudio for stm32 9.3.0/armtools/bin/../lib/gcc/arm-atollic-eabi/6.3.1/../../../../arm-atollic-eabi/lib/armv7-m\libm.a(lib_a-ef_rem_pio2.o)
                0x08008a60                __ieee754_rem_pio2f
 .text.__ieee754_sqrtf
                0x08008d10       0xa4 c:/program files (x86)/atollic/truestudio for stm32 9.3.0/armtools/bin/../lib/gcc/arm-atollic-eabi/6.3.1/../../../../arm-atollic-eabi/lib/armv7-m\libm.a(lib_a-ef_sqrt.o)
                0x08008d10                __ieee754_sqrtf
 .text.__kernel_cosf
                0x08008db4      0x128 c:/program files (x86)/atollic/truestudio for stm32 9.3.0/armtools/bin/../lib/gcc/arm-atollic-eabi/6.3.1/../../../../arm-atollic-eabi/lib/armv7-m\libm.a(lib_a-kf_cos.o)
                0x08008db4                __kernel_cosf
 .text.__kernel_rem_pio2f
                0x08008edc      0x51c c:/program files (x86)/atollic/truestudio for stm32 9.3.0/armtools/bin/../lib/gcc/arm-atollic-eabi/6.3.1/../../../../arm-atollic-eabi/lib/armv7-m\libm.a(lib_a-kf_rem_pio2.o)
                0x08008edc                __kernel_rem_pio2f
 .text.__kernel_sinf
                0x080093f8       0xec c:/program files (x86)/atollic/truestudio for stm32 9.3.0/armtools/bin/../lib/gcc/arm-atollic-eabi/6.3.1/../../../../arm-atollic-eabi/lib/armv7-m\libm.a(lib_a-kf_sin.o)
                0x080093f8                __kernel_sinf
 .text.matherr  0x080094e4        0x4 c:/program files (x86)/atollic/truestudio for stm32 9.3.0/armtools/bin/../lib/gcc/arm-atollic-eabi/6.3.1/../../../../arm-atollic-eabi/lib/armv7-m\libm.a(lib_a-s_matherr.o)
                0x080094e4                matherr
 .text.atanf    0x080094e8      0x220 c:/program files (x86)/atollic/truestudio for stm32 9.3.0/armtools/bin/../lib/gcc/arm-atollic-eabi/6.3.1/../../../../arm-atollic-eabi/lib/armv7-m\libm.a(lib_a-sf_atan.o)
                0x080094e8                atanf
 .text.fabsf    0x08009708        0x6 c:/program files (x86)/atollic/truestudio for stm32 9.3.0/armtools/bin/../lib/gcc/arm-atollic-eabi/6.3.1/../../../../arm-atollic-eabi/lib/armv7-m\libm.a(lib_a-sf_fabs.o)
                0x08009708                fabsf
 *fill*         0x0800970e        0x2 
 .text.floorf   0x08009710       0x80 c:/program files (x86)/atollic/truestudio for stm32 9.3.0/armtools/bin/../lib/gcc/arm-atollic-eabi/6.3.1/../../../../arm-atollic-eabi/lib/armv7-m\libm.a(lib_a-sf_floor.o)
                0x08009710                floorf
 .text.scalbnf  0x08009790       0x98 c:/program files (x86)/atollic/truestudio for stm32 9.3.0/armtools/bin/../lib/gcc/arm-atollic-eabi/6.3.1/../../../../arm-atollic-eabi/lib/armv7-m\libm.a(lib_a-sf_scalbn.o)
                0x08009790                scalbnf
 .text.copysignf
                0x08009828        0xc c:/program files (x86)/atollic/truestudio for stm32 9.3.0/armtools/bin/../lib/gcc/arm-atollic-eabi/6.3.1/../../../../arm-atollic-eabi/lib/armv7-m\libm.a(lib_a-sf_copysign.o)
                0x08009828                copysignf
 *(.glue_7)
 .glue_7        0x08009834        0x0 linker stubs
 *(.glue_7t)
 .glue_7t       0x08009834        0x0 linker stubs
 *(.eh_frame)
 .eh_frame      0x08009834        0x0 c:/program files (x86)/atollic/truestudio for stm32 9.3.0/armtools/bin/../lib/gcc/arm-atollic-eabi/6.3.1/armv7-m/crtbegin.o
 *(.init)
 .init          0x08009834        0x4 c:/program files (x86)/atollic/truestudio for stm32 9.3.0/armtools/bin/../lib/gcc/arm-atollic-eabi/6.3.1/armv7-m/crti.o
                0x08009834                _init
 .init          0x08009838        0x8 c:/program files (x86)/atollic/truestudio for stm32 9.3.0/armtools/bin/../lib/gcc/arm-atollic-eabi/6.3.1/armv7-m/crtn.o
 *(.fini)
 .fini          0x08009840        0x4 c:/program files (x86)/atollic/truestudio for stm32 9.3.0/armtools/bin/../lib/gcc/arm-atollic-eabi/6.3.1/armv7-m/crti.o
                0x08009840                _fini
 .fini          0x08009844        0x8 c:/program files (x86)/atollic/truestudio for stm32 9.3.0/armtools/bin/../lib/gcc/arm-atollic-eabi/6.3.1/armv7-m/crtn.o
                0x0800984c                . = ALIGN (0x4)
                0x0800984c                _etext = .

.vfp11_veneer   0x0800984c        0x0
 .vfp11_veneer  0x0800984c        0x0 linker stubs

.v4_bx          0x0800984c        0x0
 .v4_bx         0x0800984c        0x0 linker stubs

.iplt           0x0800984c        0x0
 .iplt          0x0800984c        0x0 c:/program files (x86)/atollic/truestudio for stm32 9.3.0/armtools/bin/../lib/gcc/arm-atollic-eabi/6.3.1/armv7-m/crtbegin.o

.rodata         0x0800984c      0x658
                0x0800984c                . = ALIGN (0x4)
 *(.rodata)
 .rodata        0x0800984c       0x10 Drivers\STM32F1xx_HAL_Driver\Src\stm32f1xx_hal_rcc.o
 *(.rodata*)
 .rodata.AHBPrescTable
                0x0800985c       0x10 Src\system_stm32f1xx.o
                0x0800985c                AHBPrescTable
 .rodata.APBPrescTable
                0x0800986c        0x8 Src\system_stm32f1xx.o
                0x0800986c                APBPrescTable
 .rodata.report_alarm_message.str1.1
                0x08009874        0x7 grbl\report.o
 .rodata.report_build_info.str1.1
                0x0800987b       0x1f grbl\report.o
 .rodata.report_feedback_message.str1.1
                0x0800989a       0x9d grbl\report.o
 .rodata.report_gcode_modes.str1.1
                0x08009937       0x19 grbl\report.o
 .rodata.report_grbl_help.str1.1
                0x08009950       0x4a grbl\report.o
 .rodata.report_init_message.str1.1
                0x0800999a       0x22 grbl\report.o
 .rodata.report_ngc_parameters.str1.1
                0x080099bc       0x15 grbl\report.o
 .rodata.report_probe_parameters.str1.1
                0x080099d1        0x6 grbl\report.o
 .rodata.report_realtime_status.str1.1
                0x080099d7       0x5c grbl\report.o
 .rodata.report_startup_line.str1.1
                0x08009a33        0x3 grbl\report.o
 .rodata.report_status_message.str1.1
                0x08009a36        0xc grbl\report.o
 .rodata.report_util_line_feed.str1.1
                0x08009a42        0xc grbl\report.o
                                  0x3 (size before relaxing)
 .rodata.direction_pin_mask
                0x08009a42        0xc stm32\stm32utilities.o
                0x08009a42                direction_pin_mask
 .rodata.limit_pin_mask
                0x08009a4e        0xc stm32\stm32utilities.o
                0x08009a4e                limit_pin_mask
 .rodata.step_pin_mask
                0x08009a5a        0xc stm32\stm32utilities.o
                0x08009a5a                step_pin_mask
 .rodata.uart_init.str1.1
                0x08009a66        0xf stm32\stm32utilities.o
 .rodata._svfprintf_r.str1.1
                0x08009a75       0x11 c:/program files (x86)/atollic/truestudio for stm32 9.3.0/armtools/bin/../lib/gcc/arm-atollic-eabi/6.3.1/../../../../arm-atollic-eabi/lib/armv7-m\libc_nano.a(lib_a-nano-svfprintf.o)
 .rodata._printf_i.str1.1
                0x08009a86       0x22 c:/program files (x86)/atollic/truestudio for stm32 9.3.0/armtools/bin/../lib/gcc/arm-atollic-eabi/6.3.1/../../../../arm-atollic-eabi/lib/armv7-m\libc_nano.a(lib_a-nano-vfprintf_i.o)
 .rodata.sqrt.str1.1
                0x08009aa8        0x5 c:/program files (x86)/atollic/truestudio for stm32 9.3.0/armtools/bin/../lib/gcc/arm-atollic-eabi/6.3.1/../../../../arm-atollic-eabi/lib/armv7-m\libm.a(lib_a-w_sqrt.o)
 .rodata.sqrtf.str1.1
                0x08009aad        0x6 c:/program files (x86)/atollic/truestudio for stm32 9.3.0/armtools/bin/../lib/gcc/arm-atollic-eabi/6.3.1/../../../../arm-atollic-eabi/lib/armv7-m\libm.a(lib_a-wf_sqrt.o)
 *fill*         0x08009ab3        0x1 
 .rodata.npio2_hw
                0x08009ab4       0x80 c:/program files (x86)/atollic/truestudio for stm32 9.3.0/armtools/bin/../lib/gcc/arm-atollic-eabi/6.3.1/../../../../arm-atollic-eabi/lib/armv7-m\libm.a(lib_a-ef_rem_pio2.o)
 .rodata.two_over_pi
                0x08009b34      0x318 c:/program files (x86)/atollic/truestudio for stm32 9.3.0/armtools/bin/../lib/gcc/arm-atollic-eabi/6.3.1/../../../../arm-atollic-eabi/lib/armv7-m\libm.a(lib_a-ef_rem_pio2.o)
 .rodata.PIo2   0x08009e4c       0x2c c:/program files (x86)/atollic/truestudio for stm32 9.3.0/armtools/bin/../lib/gcc/arm-atollic-eabi/6.3.1/../../../../arm-atollic-eabi/lib/armv7-m\libm.a(lib_a-kf_rem_pio2.o)
 .rodata.init_jk
                0x08009e78        0xc c:/program files (x86)/atollic/truestudio for stm32 9.3.0/armtools/bin/../lib/gcc/arm-atollic-eabi/6.3.1/../../../../arm-atollic-eabi/lib/armv7-m\libm.a(lib_a-kf_rem_pio2.o)
 .rodata.atanhi
                0x08009e84       0x10 c:/program files (x86)/atollic/truestudio for stm32 9.3.0/armtools/bin/../lib/gcc/arm-atollic-eabi/6.3.1/../../../../arm-atollic-eabi/lib/armv7-m\libm.a(lib_a-sf_atan.o)
 .rodata.atanlo
                0x08009e94       0x10 c:/program files (x86)/atollic/truestudio for stm32 9.3.0/armtools/bin/../lib/gcc/arm-atollic-eabi/6.3.1/../../../../arm-atollic-eabi/lib/armv7-m\libm.a(lib_a-sf_atan.o)
                0x08009ea4                . = ALIGN (0x4)

.rel.dyn        0x08009ea4        0x0
 .rel.iplt      0x08009ea4        0x0 c:/program files (x86)/atollic/truestudio for stm32 9.3.0/armtools/bin/../lib/gcc/arm-atollic-eabi/6.3.1/armv7-m/crtbegin.o

.ARM.extab
 *(.ARM.extab* .gnu.linkonce.armextab.*)

.ARM            0x08009ea4        0x0
                0x08009ea4                __exidx_start = .
 *(.ARM.exidx*)
                0x08009ea4                __exidx_end = .

.preinit_array  0x08009ea4        0x0
                0x08009ea4                PROVIDE (__preinit_array_start, .)
 *(.preinit_array*)
                0x08009ea4                PROVIDE (__preinit_array_end, .)

.init_array     0x08009ea4        0x4
                0x08009ea4                PROVIDE (__init_array_start, .)
 *(SORT(.init_array.*))
 *(.init_array*)
 .init_array    0x08009ea4        0x4 c:/program files (x86)/atollic/truestudio for stm32 9.3.0/armtools/bin/../lib/gcc/arm-atollic-eabi/6.3.1/armv7-m/crtbegin.o
                0x08009ea8                PROVIDE (__init_array_end, .)

.fini_array     0x08009ea8        0x4
                [!provide]                PROVIDE (__fini_array_start, .)
 *(SORT(.fini_array.*))
 *(.fini_array*)
 .fini_array    0x08009ea8        0x4 c:/program files (x86)/atollic/truestudio for stm32 9.3.0/armtools/bin/../lib/gcc/arm-atollic-eabi/6.3.1/armv7-m/crtbegin.o
                [!provide]                PROVIDE (__fini_array_end, .)
                0x08009eac                _sidata = LOADADDR (.data)

.data           0x20000000       0x74 load address 0x08009eac
                0x20000000                . = ALIGN (0x4)
                0x20000000                _sdata = .
 *(.data)
 *(.data*)
 .data.uwTickFreq
                0x20000000        0x1 Drivers\STM32F1xx_HAL_Driver\Src\stm32f1xx_hal.o
                0x20000000                uwTickFreq
 *fill*         0x20000001        0x3 
 .data.uwTickPrio
                0x20000004        0x4 Drivers\STM32F1xx_HAL_Driver\Src\stm32f1xx_hal.o
                0x20000004                uwTickPrio
 .data.SystemCoreClock
                0x20000008        0x4 Src\system_stm32f1xx.o
                0x20000008                SystemCoreClock
 .data._impure_ptr
                0x2000000c        0x4 c:/program files (x86)/atollic/truestudio for stm32 9.3.0/armtools/bin/../lib/gcc/arm-atollic-eabi/6.3.1/../../../../arm-atollic-eabi/lib/armv7-m\libc_nano.a(lib_a-impure.o)
                0x2000000c                _impure_ptr
 .data.impure_data
                0x20000010       0x60 c:/program files (x86)/atollic/truestudio for stm32 9.3.0/armtools/bin/../lib/gcc/arm-atollic-eabi/6.3.1/../../../../arm-atollic-eabi/lib/armv7-m\libc_nano.a(lib_a-impure.o)
 .data.__fdlib_version
                0x20000070        0x1 c:/program files (x86)/atollic/truestudio for stm32 9.3.0/armtools/bin/../lib/gcc/arm-atollic-eabi/6.3.1/../../../../arm-atollic-eabi/lib/armv7-m\libm.a(lib_a-s_lib_ver.o)
                0x20000070                __fdlib_version
                0x20000074                . = ALIGN (0x4)
 *fill*         0x20000071        0x3 
                0x20000074                _edata = .

.igot.plt       0x20000074        0x0 load address 0x08009f20
 .igot.plt      0x20000074        0x0 c:/program files (x86)/atollic/truestudio for stm32 9.3.0/armtools/bin/../lib/gcc/arm-atollic-eabi/6.3.1/armv7-m/crtbegin.o
                0x20000074                . = ALIGN (0x4)

.bss            0x20000078     0x4030 load address 0x08009f20
                0x20000078                _sbss = .
                0x20000078                __bss_start__ = _sbss
 *(.bss)
 .bss           0x20000078       0x1c c:/program files (x86)/atollic/truestudio for stm32 9.3.0/armtools/bin/../lib/gcc/arm-atollic-eabi/6.3.1/armv7-m/crtbegin.o
 *(.bss*)
 .bss.heap_end.5887
                0x20000094        0x4 Src\syscalls.o
 .bss.block_buffer
                0x20000098     0x3200 grbl\planner.o
 .bss.block_buffer_head
                0x20003298        0x1 grbl\planner.o
 .bss.block_buffer_planned
                0x20003299        0x1 grbl\planner.o
 .bss.block_buffer_tail
                0x2000329a        0x1 grbl\planner.o
 .bss.next_buffer_head
                0x2000329b        0x1 grbl\planner.o
 .bss.pl        0x2000329c       0x34 grbl\planner.o
 .bss.line      0x200032d0       0x50 grbl\protocol.o
 .bss.serial_rx_buffer_head
                0x20003320        0x1 grbl\serial.o
                0x20003320                serial_rx_buffer_head
 .bss.serial_rx_buffer_tail
                0x20003321        0x1 grbl\serial.o
                0x20003321                serial_rx_buffer_tail
 *fill*         0x20003322        0x2 
 .bss.pwm_gradient
                0x20003324        0x4 grbl\spindle_control.o
 .bss.busy      0x20003328        0x1 grbl\stepper.o
 *fill*         0x20003329        0x1 
 .bss.dir_port_invert_mask
                0x2000332a        0x2 grbl\stepper.o
 .bss.pl_block  0x2000332c        0x4 grbl\stepper.o
 .bss.prep      0x20003330       0x38 grbl\stepper.o
 .bss.segment_buffer
                0x20003368      0x100 grbl\stepper.o
 .bss.segment_buffer_head
                0x20003468        0x1 grbl\stepper.o
 .bss.segment_buffer_tail
                0x20003469        0x1 grbl\stepper.o
 .bss.segment_next_head
                0x2000346a        0x1 grbl\stepper.o
 *fill*         0x2000346b        0x1 
 .bss.st        0x2000346c       0x44 grbl\stepper.o
 .bss.st_block_buffer
                0x200034b0      0x3e0 grbl\stepper.o
 .bss.st_prep_block
                0x20003890        0x4 grbl\stepper.o
 .bss.step_port_invert_mask
                0x20003894        0x2 grbl\stepper.o
 *fill*         0x20003896        0x2 
 .bss.fTICKS_PER_MINUTE
                0x20003898        0x4 stm32\stm32utilities.o
                0x20003898                fTICKS_PER_MINUTE
 .bss.uTICKS_PER_MICROSECOND
                0x2000389c        0x4 stm32\stm32utilities.o
                0x2000389c                uTICKS_PER_MICROSECOND
 .bss.__malloc_free_list
                0x200038a0        0x4 c:/program files (x86)/atollic/truestudio for stm32 9.3.0/armtools/bin/../lib/gcc/arm-atollic-eabi/6.3.1/../../../../arm-atollic-eabi/lib/armv7-m\libc_nano.a(lib_a-nano-mallocr.o)
                0x200038a0                __malloc_free_list
 .bss.__malloc_sbrk_start
                0x200038a4        0x4 c:/program files (x86)/atollic/truestudio for stm32 9.3.0/armtools/bin/../lib/gcc/arm-atollic-eabi/6.3.1/../../../../arm-atollic-eabi/lib/armv7-m\libc_nano.a(lib_a-nano-mallocr.o)
                0x200038a4                __malloc_sbrk_start
 *(COMMON)
 COMMON         0x200038a8        0x4 Drivers\STM32F1xx_HAL_Driver\Src\stm32f1xx_hal.o
                0x200038a8                uwTick
 *fill*         0x200038ac        0x4 
 COMMON         0x200038b0       0x20 Drivers\STM32F1xx_HAL_Driver\Src\stm32f1xx_hal_flash.o
                0x200038b0                pFlash
 COMMON         0x200038d0       0x4d Src\main.o
                0x200038d0                sys_rt_exec_motion_override
                0x200038d4                sys
                0x200038e8                sys_rt_exec_accessory_override
                0x200038e9                sys_rt_exec_state
                0x200038ea                sys_probe_state
                0x200038ec                sys_probe_position
                0x20003904                sys_position
                0x2000391c                sys_rt_exec_alarm
 COMMON         0x2000391d      0x400 grbl\eeprom.o
                0x2000391d                EE_Buffer
 *fill*         0x20003d1d        0x3 
 COMMON         0x20003d20       0xd0 grbl\gcode.o
                0x20003d20                gc_state
                0x20003d8c                gc_block
 COMMON         0x20003df0        0x2 grbl\probe.o
                0x20003df0                probe_invert_mask
 COMMON         0x20003df2      0x17e grbl\serial.o
                0x20003df2                serial_tx_buffer
                0x20003e72                serial_rx_buffer
 COMMON         0x20003f70       0xc0 grbl\settings.o
                0x20003f70                settings
                0x20004000                adjustments
 COMMON         0x20004030       0x73 stm32\stm32utilities.o
                0x20004030                pDbgStr
                0x20004080                pDbgVal8a
                0x20004089                pDbgVal16
                0x2000409a                pDbgVal8b
 *fill*         0x200040a3        0x1 
 COMMON         0x200040a4        0x4 c:/program files (x86)/atollic/truestudio for stm32 9.3.0/armtools/bin/../lib/gcc/arm-atollic-eabi/6.3.1/../../../../arm-atollic-eabi/lib/armv7-m\libc_nano.a(lib_a-reent.o)
                0x200040a4                errno
                0x200040a8                . = ALIGN (0x4)
                0x200040a8                _ebss = .
                0x200040a8                __bss_end__ = _ebss

._user_heap_stack
                0x200040a8      0x600 load address 0x08009f20
                0x200040a8                . = ALIGN (0x4)
                0x200040a8                PROVIDE (end, .)
                [!provide]                PROVIDE (_end, .)
                0x200042a8                . = (. + _Min_Heap_Size)
 *fill*         0x200040a8      0x200 
                0x200046a8                . = (. + _Min_Stack_Size)
 *fill*         0x200042a8      0x400 
                0x200046a8                . = ALIGN (0x4)

/DISCARD/
 libc.a(*)
 libm.a(*)
 libgcc.a(*)

.ARM.attributes
                0x00000000       0x29
 *(.ARM.attributes)
 .ARM.attributes
                0x00000000       0x1d c:/program files (x86)/atollic/truestudio for stm32 9.3.0/armtools/bin/../lib/gcc/arm-atollic-eabi/6.3.1/armv7-m/crti.o
 .ARM.attributes
                0x0000001d       0x2d c:/program files (x86)/atollic/truestudio for stm32 9.3.0/armtools/bin/../lib/gcc/arm-atollic-eabi/6.3.1/armv7-m/crtbegin.o
 .ARM.attributes
                0x0000004a       0x33 Drivers\STM32F1xx_HAL_Driver\Src\stm32f1xx_hal.o
 .ARM.attributes
                0x0000007d       0x33 Drivers\STM32F1xx_HAL_Driver\Src\stm32f1xx_hal_cortex.o
 .ARM.attributes
                0x000000b0       0x33 Drivers\STM32F1xx_HAL_Driver\Src\stm32f1xx_hal_flash.o
 .ARM.attributes
                0x000000e3       0x33 Drivers\STM32F1xx_HAL_Driver\Src\stm32f1xx_hal_flash_ex.o
 .ARM.attributes
                0x00000116       0x33 Drivers\STM32F1xx_HAL_Driver\Src\stm32f1xx_hal_gpio.o
 .ARM.attributes
                0x00000149       0x33 Drivers\STM32F1xx_HAL_Driver\Src\stm32f1xx_hal_rcc.o
 .ARM.attributes
                0x0000017c       0x33 Drivers\STM32F1xx_HAL_Driver\Src\stm32f1xx_ll_gpio.o
 .ARM.attributes
                0x000001af       0x33 Drivers\STM32F1xx_HAL_Driver\Src\stm32f1xx_ll_rcc.o
 .ARM.attributes
                0x000001e2       0x33 Drivers\STM32F1xx_HAL_Driver\Src\stm32f1xx_ll_tim.o
 .ARM.attributes
                0x00000215       0x33 Drivers\STM32F1xx_HAL_Driver\Src\stm32f1xx_ll_usart.o
 .ARM.attributes
                0x00000248       0x33 Src\gpio.o
 .ARM.attributes
                0x0000027b       0x33 Src\main.o
 .ARM.attributes
                0x000002ae       0x33 Src\stm32f1xx_hal_msp.o
 .ARM.attributes
                0x000002e1       0x33 Src\stm32f1xx_it.o
 .ARM.attributes
                0x00000314       0x33 Src\syscalls.o
 .ARM.attributes
                0x00000347       0x33 Src\system_stm32f1xx.o
 .ARM.attributes
                0x0000037a       0x33 Src\tim.o
 .ARM.attributes
                0x000003ad       0x33 Src\usart.o
 .ARM.attributes
                0x000003e0       0x33 grbl\coolant_control.o
 .ARM.attributes
                0x00000413       0x33 grbl\eeprom.o
 .ARM.attributes
                0x00000446       0x33 grbl\gcode.o
 .ARM.attributes
                0x00000479       0x33 grbl\jog.o
 .ARM.attributes
                0x000004ac       0x33 grbl\limits.o
 .ARM.attributes
                0x000004df       0x33 grbl\motion_control.o
 .ARM.attributes
                0x00000512       0x33 grbl\nuts_bolts.o
 .ARM.attributes
                0x00000545       0x33 grbl\planner.o
 .ARM.attributes
                0x00000578       0x33 grbl\print.o
 .ARM.attributes
                0x000005ab       0x33 grbl\probe.o
 .ARM.attributes
                0x000005de       0x33 grbl\protocol.o
 .ARM.attributes
                0x00000611       0x33 grbl\report.o
 .ARM.attributes
                0x00000644       0x33 grbl\serial.o
 .ARM.attributes
                0x00000677       0x33 grbl\settings.o
 .ARM.attributes
                0x000006aa       0x33 grbl\spindle_control.o
 .ARM.attributes
                0x000006dd       0x33 grbl\stepper.o
 .ARM.attributes
                0x00000710       0x33 grbl\system.o
 .ARM.attributes
                0x00000743       0x21 startup\startup_stm32f103xb.o
 .ARM.attributes
                0x00000764       0x33 stm32\inoutputs.o
 .ARM.attributes
                0x00000797       0x33 stm32\stm32utilities.o
 .ARM.attributes
                0x000007ca       0x2d c:/program files (x86)/atollic/truestudio for stm32 9.3.0/armtools/bin/../lib/gcc/arm-atollic-eabi/6.3.1/../../../../arm-atollic-eabi/lib/armv7-m\libc_nano.a(lib_a-errno.o)
 .ARM.attributes
                0x000007f7       0x2d c:/program files (x86)/atollic/truestudio for stm32 9.3.0/armtools/bin/../lib/gcc/arm-atollic-eabi/6.3.1/../../../../arm-atollic-eabi/lib/armv7-m\libc_nano.a(lib_a-impure.o)
 .ARM.attributes
                0x00000824       0x2d c:/program files (x86)/atollic/truestudio for stm32 9.3.0/armtools/bin/../lib/gcc/arm-atollic-eabi/6.3.1/../../../../arm-atollic-eabi/lib/armv7-m\libc_nano.a(lib_a-init.o)
 .ARM.attributes
                0x00000851       0x2d c:/program files (x86)/atollic/truestudio for stm32 9.3.0/armtools/bin/../lib/gcc/arm-atollic-eabi/6.3.1/../../../../arm-atollic-eabi/lib/armv7-m\libc_nano.a(lib_a-memcmp.o)
 .ARM.attributes
                0x0000087e       0x2d c:/program files (x86)/atollic/truestudio for stm32 9.3.0/armtools/bin/../lib/gcc/arm-atollic-eabi/6.3.1/../../../../arm-atollic-eabi/lib/armv7-m\libc_nano.a(lib_a-memset.o)
 .ARM.attributes
                0x000008ab       0x2d c:/program files (x86)/atollic/truestudio for stm32 9.3.0/armtools/bin/../lib/gcc/arm-atollic-eabi/6.3.1/../../../../arm-atollic-eabi/lib/armv7-m\libc_nano.a(lib_a-sprintf.o)
 .ARM.attributes
                0x000008d8       0x2d c:/program files (x86)/atollic/truestudio for stm32 9.3.0/armtools/bin/../lib/gcc/arm-atollic-eabi/6.3.1/../../../../arm-atollic-eabi/lib/armv7-m\libc_nano.a(lib_a-nano-svfprintf.o)
 .ARM.attributes
                0x00000905       0x2d c:/program files (x86)/atollic/truestudio for stm32 9.3.0/armtools/bin/../lib/gcc/arm-atollic-eabi/6.3.1/../../../../arm-atollic-eabi/lib/armv7-m\libc_nano.a(lib_a-nano-vfprintf_i.o)
 .ARM.attributes
                0x00000932       0x2d c:/program files (x86)/atollic/truestudio for stm32 9.3.0/armtools/bin/../lib/gcc/arm-atollic-eabi/6.3.1/../../../../arm-atollic-eabi/lib/armv7-m\libc_nano.a(lib_a-memchr-stub.o)
 .ARM.attributes
                0x0000095f       0x2d c:/program files (x86)/atollic/truestudio for stm32 9.3.0/armtools/bin/../lib/gcc/arm-atollic-eabi/6.3.1/../../../../arm-atollic-eabi/lib/armv7-m\libc_nano.a(lib_a-memcpy-stub.o)
 .ARM.attributes
                0x0000098c       0x2d c:/program files (x86)/atollic/truestudio for stm32 9.3.0/armtools/bin/../lib/gcc/arm-atollic-eabi/6.3.1/../../../../arm-atollic-eabi/lib/armv7-m\libc_nano.a(lib_a-memmove.o)
 .ARM.attributes
                0x000009b9       0x2d c:/program files (x86)/atollic/truestudio for stm32 9.3.0/armtools/bin/../lib/gcc/arm-atollic-eabi/6.3.1/../../../../arm-atollic-eabi/lib/armv7-m\libc_nano.a(lib_a-nano-freer.o)
 .ARM.attributes
                0x000009e6       0x2d c:/program files (x86)/atollic/truestudio for stm32 9.3.0/armtools/bin/../lib/gcc/arm-atollic-eabi/6.3.1/../../../../arm-atollic-eabi/lib/armv7-m\libc_nano.a(lib_a-nano-mallocr.o)
 .ARM.attributes
                0x00000a13       0x2d c:/program files (x86)/atollic/truestudio for stm32 9.3.0/armtools/bin/../lib/gcc/arm-atollic-eabi/6.3.1/../../../../arm-atollic-eabi/lib/armv7-m\libc_nano.a(lib_a-nano-reallocr.o)
 .ARM.attributes
                0x00000a40       0x2d c:/program files (x86)/atollic/truestudio for stm32 9.3.0/armtools/bin/../lib/gcc/arm-atollic-eabi/6.3.1/../../../../arm-atollic-eabi/lib/armv7-m\libc_nano.a(lib_a-sbrkr.o)
 .ARM.attributes
                0x00000a6d       0x2d c:/program files (x86)/atollic/truestudio for stm32 9.3.0/armtools/bin/../lib/gcc/arm-atollic-eabi/6.3.1/../../../../arm-atollic-eabi/lib/armv7-m\libc_nano.a(lib_a-mlock.o)
 .ARM.attributes
                0x00000a9a       0x2d c:/program files (x86)/atollic/truestudio for stm32 9.3.0/armtools/bin/../lib/gcc/arm-atollic-eabi/6.3.1/../../../../arm-atollic-eabi/lib/armv7-m\libc_nano.a(lib_a-nano-msizer.o)
 .ARM.attributes
                0x00000ac7       0x2d c:/program files (x86)/atollic/truestudio for stm32 9.3.0/armtools/bin/../lib/gcc/arm-atollic-eabi/6.3.1/../../../../arm-atollic-eabi/lib/armv7-m\libc_nano.a(lib_a-reent.o)
 .ARM.attributes
                0x00000af4       0x2d c:/program files (x86)/atollic/truestudio for stm32 9.3.0/armtools/bin/../lib/gcc/arm-atollic-eabi/6.3.1/../../../../arm-atollic-eabi/lib/armv7-m\libm.a(lib_a-s_ceil.o)
 .ARM.attributes
                0x00000b21       0x2d c:/program files (x86)/atollic/truestudio for stm32 9.3.0/armtools/bin/../lib/gcc/arm-atollic-eabi/6.3.1/../../../../arm-atollic-eabi/lib/armv7-m\libm.a(lib_a-s_floor.o)
 .ARM.attributes
                0x00000b4e       0x2d c:/program files (x86)/atollic/truestudio for stm32 9.3.0/armtools/bin/../lib/gcc/arm-atollic-eabi/6.3.1/../../../../arm-atollic-eabi/lib/armv7-m\libm.a(lib_a-s_lround.o)
 .ARM.attributes
                0x00000b7b       0x2d c:/program files (x86)/atollic/truestudio for stm32 9.3.0/armtools/bin/../lib/gcc/arm-atollic-eabi/6.3.1/../../../../arm-atollic-eabi/lib/armv7-m\libm.a(lib_a-s_round.o)
 .ARM.attributes
                0x00000ba8       0x2d c:/program files (x86)/atollic/truestudio for stm32 9.3.0/armtools/bin/../lib/gcc/arm-atollic-eabi/6.3.1/../../../../arm-atollic-eabi/lib/armv7-m\libm.a(lib_a-s_trunc.o)
 .ARM.attributes
                0x00000bd5       0x2d c:/program files (x86)/atollic/truestudio for stm32 9.3.0/armtools/bin/../lib/gcc/arm-atollic-eabi/6.3.1/../../../../arm-atollic-eabi/lib/armv7-m\libm.a(lib_a-sf_ceil.o)
 .ARM.attributes
                0x00000c02       0x2d c:/program files (x86)/atollic/truestudio for stm32 9.3.0/armtools/bin/../lib/gcc/arm-atollic-eabi/6.3.1/../../../../arm-atollic-eabi/lib/armv7-m\libm.a(lib_a-sf_cos.o)
 .ARM.attributes
                0x00000c2f       0x2d c:/program files (x86)/atollic/truestudio for stm32 9.3.0/armtools/bin/../lib/gcc/arm-atollic-eabi/6.3.1/../../../../arm-atollic-eabi/lib/armv7-m\libm.a(lib_a-sf_sin.o)
 .ARM.attributes
                0x00000c5c       0x2d c:/program files (x86)/atollic/truestudio for stm32 9.3.0/armtools/bin/../lib/gcc/arm-atollic-eabi/6.3.1/../../../../arm-atollic-eabi/lib/armv7-m\libm.a(lib_a-w_sqrt.o)
 .ARM.attributes
                0x00000c89       0x2d c:/program files (x86)/atollic/truestudio for stm32 9.3.0/armtools/bin/../lib/gcc/arm-atollic-eabi/6.3.1/../../../../arm-atollic-eabi/lib/armv7-m\libm.a(lib_a-wf_atan2.o)
 .ARM.attributes
                0x00000cb6       0x2d c:/program files (x86)/atollic/truestudio for stm32 9.3.0/armtools/bin/../lib/gcc/arm-atollic-eabi/6.3.1/../../../../arm-atollic-eabi/lib/armv7-m\libm.a(lib_a-wf_sqrt.o)
 .ARM.attributes
                0x00000ce3       0x2d c:/program files (x86)/atollic/truestudio for stm32 9.3.0/armtools/bin/../lib/gcc/arm-atollic-eabi/6.3.1/../../../../arm-atollic-eabi/lib/armv7-m\libm.a(lib_a-e_sqrt.o)
 .ARM.attributes
                0x00000d10       0x2d c:/program files (x86)/atollic/truestudio for stm32 9.3.0/armtools/bin/../lib/gcc/arm-atollic-eabi/6.3.1/../../../../arm-atollic-eabi/lib/armv7-m\libm.a(lib_a-ef_atan2.o)
 .ARM.attributes
                0x00000d3d       0x2d c:/program files (x86)/atollic/truestudio for stm32 9.3.0/armtools/bin/../lib/gcc/arm-atollic-eabi/6.3.1/../../../../arm-atollic-eabi/lib/armv7-m\libm.a(lib_a-ef_rem_pio2.o)
 .ARM.attributes
                0x00000d6a       0x2d c:/program files (x86)/atollic/truestudio for stm32 9.3.0/armtools/bin/../lib/gcc/arm-atollic-eabi/6.3.1/../../../../arm-atollic-eabi/lib/armv7-m\libm.a(lib_a-ef_sqrt.o)
 .ARM.attributes
                0x00000d97       0x2d c:/program files (x86)/atollic/truestudio for stm32 9.3.0/armtools/bin/../lib/gcc/arm-atollic-eabi/6.3.1/../../../../arm-atollic-eabi/lib/armv7-m\libm.a(lib_a-kf_cos.o)
 .ARM.attributes
                0x00000dc4       0x2d c:/program files (x86)/atollic/truestudio for stm32 9.3.0/armtools/bin/../lib/gcc/arm-atollic-eabi/6.3.1/../../../../arm-atollic-eabi/lib/armv7-m\libm.a(lib_a-kf_rem_pio2.o)
 .ARM.attributes
                0x00000df1       0x2d c:/program files (x86)/atollic/truestudio for stm32 9.3.0/armtools/bin/../lib/gcc/arm-atollic-eabi/6.3.1/../../../../arm-atollic-eabi/lib/armv7-m\libm.a(lib_a-kf_sin.o)
 .ARM.attributes
                0x00000e1e       0x2d c:/program files (x86)/atollic/truestudio for stm32 9.3.0/armtools/bin/../lib/gcc/arm-atollic-eabi/6.3.1/../../../../arm-atollic-eabi/lib/armv7-m\libm.a(lib_a-s_lib_ver.o)
 .ARM.attributes
                0x00000e4b       0x2d c:/program files (x86)/atollic/truestudio for stm32 9.3.0/armtools/bin/../lib/gcc/arm-atollic-eabi/6.3.1/../../../../arm-atollic-eabi/lib/armv7-m\libm.a(lib_a-s_matherr.o)
 .ARM.attributes
                0x00000e78       0x2d c:/program files (x86)/atollic/truestudio for stm32 9.3.0/armtools/bin/../lib/gcc/arm-atollic-eabi/6.3.1/../../../../arm-atollic-eabi/lib/armv7-m\libm.a(lib_a-sf_atan.o)
 .ARM.attributes
                0x00000ea5       0x2d c:/program files (x86)/atollic/truestudio for stm32 9.3.0/armtools/bin/../lib/gcc/arm-atollic-eabi/6.3.1/../../../../arm-atollic-eabi/lib/armv7-m\libm.a(lib_a-sf_fabs.o)
 .ARM.attributes
                0x00000ed2       0x2d c:/program files (x86)/atollic/truestudio for stm32 9.3.0/armtools/bin/../lib/gcc/arm-atollic-eabi/6.3.1/../../../../arm-atollic-eabi/lib/armv7-m\libm.a(lib_a-sf_floor.o)
 .ARM.attributes
                0x00000eff       0x2d c:/program files (x86)/atollic/truestudio for stm32 9.3.0/armtools/bin/../lib/gcc/arm-atollic-eabi/6.3.1/../../../../arm-atollic-eabi/lib/armv7-m\libm.a(lib_a-sf_scalbn.o)
 .ARM.attributes
                0x00000f2c       0x2d c:/program files (x86)/atollic/truestudio for stm32 9.3.0/armtools/bin/../lib/gcc/arm-atollic-eabi/6.3.1/../../../../arm-atollic-eabi/lib/armv7-m\libm.a(lib_a-sf_copysign.o)
 .ARM.attributes
                0x00000f59       0x1d c:/program files (x86)/atollic/truestudio for stm32 9.3.0/armtools/bin/../lib/gcc/arm-atollic-eabi/6.3.1/armv7-m\libgcc.a(_lshrdi3.o)
 .ARM.attributes
                0x00000f76       0x1d c:/program files (x86)/atollic/truestudio for stm32 9.3.0/armtools/bin/../lib/gcc/arm-atollic-eabi/6.3.1/armv7-m\libgcc.a(_arm_addsubdf3.o)
 .ARM.attributes
                0x00000f93       0x1d c:/program files (x86)/atollic/truestudio for stm32 9.3.0/armtools/bin/../lib/gcc/arm-atollic-eabi/6.3.1/armv7-m\libgcc.a(_arm_muldivdf3.o)
 .ARM.attributes
                0x00000fb0       0x1d c:/program files (x86)/atollic/truestudio for stm32 9.3.0/armtools/bin/../lib/gcc/arm-atollic-eabi/6.3.1/armv7-m\libgcc.a(_arm_cmpdf2.o)
 .ARM.attributes
                0x00000fcd       0x1d c:/program files (x86)/atollic/truestudio for stm32 9.3.0/armtools/bin/../lib/gcc/arm-atollic-eabi/6.3.1/armv7-m\libgcc.a(_arm_unorddf2.o)
 .ARM.attributes
                0x00000fea       0x1d c:/program files (x86)/atollic/truestudio for stm32 9.3.0/armtools/bin/../lib/gcc/arm-atollic-eabi/6.3.1/armv7-m\libgcc.a(_arm_fixdfsi.o)
 .ARM.attributes
                0x00001007       0x1d c:/program files (x86)/atollic/truestudio for stm32 9.3.0/armtools/bin/../lib/gcc/arm-atollic-eabi/6.3.1/armv7-m\libgcc.a(_arm_fixunsdfsi.o)
 .ARM.attributes
                0x00001024       0x1d c:/program files (x86)/atollic/truestudio for stm32 9.3.0/armtools/bin/../lib/gcc/arm-atollic-eabi/6.3.1/armv7-m\libgcc.a(_arm_truncdfsf2.o)
 .ARM.attributes
                0x00001041       0x1d c:/program files (x86)/atollic/truestudio for stm32 9.3.0/armtools/bin/../lib/gcc/arm-atollic-eabi/6.3.1/armv7-m\libgcc.a(_arm_addsubsf3.o)
 .ARM.attributes
                0x0000105e       0x1d c:/program files (x86)/atollic/truestudio for stm32 9.3.0/armtools/bin/../lib/gcc/arm-atollic-eabi/6.3.1/armv7-m\libgcc.a(_arm_muldivsf3.o)
 .ARM.attributes
                0x0000107b       0x1d c:/program files (x86)/atollic/truestudio for stm32 9.3.0/armtools/bin/../lib/gcc/arm-atollic-eabi/6.3.1/armv7-m\libgcc.a(_arm_cmpsf2.o)
 .ARM.attributes
                0x00001098       0x1d c:/program files (x86)/atollic/truestudio for stm32 9.3.0/armtools/bin/../lib/gcc/arm-atollic-eabi/6.3.1/armv7-m\libgcc.a(_arm_unordsf2.o)
 .ARM.attributes
                0x000010b5       0x1d c:/program files (x86)/atollic/truestudio for stm32 9.3.0/armtools/bin/../lib/gcc/arm-atollic-eabi/6.3.1/armv7-m\libgcc.a(_arm_fixsfsi.o)
 .ARM.attributes
                0x000010d2       0x1d c:/program files (x86)/atollic/truestudio for stm32 9.3.0/armtools/bin/../lib/gcc/arm-atollic-eabi/6.3.1/armv7-m\libgcc.a(_arm_fixunssfsi.o)
 .ARM.attributes
                0x000010ef       0x1d c:/program files (x86)/atollic/truestudio for stm32 9.3.0/armtools/bin/../lib/gcc/arm-atollic-eabi/6.3.1/armv7-m/crtn.o
OUTPUT(F16.elf elf32-littlearm)

.comment        0x00000000       0x7c
 .comment       0x00000000       0x7c Drivers\STM32F1xx_HAL_Driver\Src\stm32f1xx_hal.o
                                 0x7d (size before relaxing)
 .comment       0x0000007c       0x7d Drivers\STM32F1xx_HAL_Driver\Src\stm32f1xx_hal_cortex.o
 .comment       0x0000007c       0x7d Drivers\STM32F1xx_HAL_Driver\Src\stm32f1xx_hal_flash.o
 .comment       0x0000007c       0x7d Drivers\STM32F1xx_HAL_Driver\Src\stm32f1xx_hal_flash_ex.o
 .comment       0x0000007c       0x7d Drivers\STM32F1xx_HAL_Driver\Src\stm32f1xx_hal_gpio.o
 .comment       0x0000007c       0x7d Drivers\STM32F1xx_HAL_Driver\Src\stm32f1xx_hal_rcc.o
 .comment       0x0000007c       0x7d Drivers\STM32F1xx_HAL_Driver\Src\stm32f1xx_ll_gpio.o
 .comment       0x0000007c       0x7d Drivers\STM32F1xx_HAL_Driver\Src\stm32f1xx_ll_rcc.o
 .comment       0x0000007c       0x7d Drivers\STM32F1xx_HAL_Driver\Src\stm32f1xx_ll_tim.o
 .comment       0x0000007c       0x7d Drivers\STM32F1xx_HAL_Driver\Src\stm32f1xx_ll_usart.o
 .comment       0x0000007c       0x7d Src\gpio.o
 .comment       0x0000007c       0x7d Src\main.o
 .comment       0x0000007c       0x7d Src\stm32f1xx_hal_msp.o
 .comment       0x0000007c       0x7d Src\stm32f1xx_it.o
 .comment       0x0000007c       0x7d Src\syscalls.o
 .comment       0x0000007c       0x7d Src\system_stm32f1xx.o
 .comment       0x0000007c       0x7d Src\tim.o
 .comment       0x0000007c       0x7d Src\usart.o
 .comment       0x0000007c       0x7d grbl\coolant_control.o
 .comment       0x0000007c       0x7d grbl\eeprom.o
 .comment       0x0000007c       0x7d grbl\gcode.o
 .comment       0x0000007c       0x7d grbl\jog.o
 .comment       0x0000007c       0x7d grbl\limits.o
 .comment       0x0000007c       0x7d grbl\motion_control.o
 .comment       0x0000007c       0x7d grbl\nuts_bolts.o
 .comment       0x0000007c       0x7d grbl\planner.o
 .comment       0x0000007c       0x7d grbl\print.o
 .comment       0x0000007c       0x7d grbl\probe.o
 .comment       0x0000007c       0x7d grbl\protocol.o
 .comment       0x0000007c       0x7d grbl\report.o
 .comment       0x0000007c       0x7d grbl\serial.o
 .comment       0x0000007c       0x7d grbl\settings.o
 .comment       0x0000007c       0x7d grbl\spindle_control.o
 .comment       0x0000007c       0x7d grbl\stepper.o
 .comment       0x0000007c       0x7d grbl\system.o
 .comment       0x0000007c       0x7d stm32\inoutputs.o
 .comment       0x0000007c       0x7d stm32\stm32utilities.o

.debug_frame    0x00000000      0xc64
 .debug_frame   0x00000000       0x20 c:/program files (x86)/atollic/truestudio for stm32 9.3.0/armtools/bin/../lib/gcc/arm-atollic-eabi/6.3.1/../../../../arm-atollic-eabi/lib/armv7-m\libc_nano.a(lib_a-errno.o)
 .debug_frame   0x00000020       0x2c c:/program files (x86)/atollic/truestudio for stm32 9.3.0/armtools/bin/../lib/gcc/arm-atollic-eabi/6.3.1/../../../../arm-atollic-eabi/lib/armv7-m\libc_nano.a(lib_a-init.o)
 .debug_frame   0x0000004c       0x28 c:/program files (x86)/atollic/truestudio for stm32 9.3.0/armtools/bin/../lib/gcc/arm-atollic-eabi/6.3.1/../../../../arm-atollic-eabi/lib/armv7-m\libc_nano.a(lib_a-memcmp.o)
 .debug_frame   0x00000074       0x20 c:/program files (x86)/atollic/truestudio for stm32 9.3.0/armtools/bin/../lib/gcc/arm-atollic-eabi/6.3.1/../../../../arm-atollic-eabi/lib/armv7-m\libc_nano.a(lib_a-memset.o)
 .debug_frame   0x00000094       0x70 c:/program files (x86)/atollic/truestudio for stm32 9.3.0/armtools/bin/../lib/gcc/arm-atollic-eabi/6.3.1/../../../../arm-atollic-eabi/lib/armv7-m\libc_nano.a(lib_a-sprintf.o)
 .debug_frame   0x00000104       0x90 c:/program files (x86)/atollic/truestudio for stm32 9.3.0/armtools/bin/../lib/gcc/arm-atollic-eabi/6.3.1/../../../../arm-atollic-eabi/lib/armv7-m\libc_nano.a(lib_a-nano-svfprintf.o)
 .debug_frame   0x00000194       0x60 c:/program files (x86)/atollic/truestudio for stm32 9.3.0/armtools/bin/../lib/gcc/arm-atollic-eabi/6.3.1/../../../../arm-atollic-eabi/lib/armv7-m\libc_nano.a(lib_a-nano-vfprintf_i.o)
 .debug_frame   0x000001f4       0x28 c:/program files (x86)/atollic/truestudio for stm32 9.3.0/armtools/bin/../lib/gcc/arm-atollic-eabi/6.3.1/../../../../arm-atollic-eabi/lib/armv7-m\libc_nano.a(lib_a-memchr-stub.o)
 .debug_frame   0x0000021c       0x28 c:/program files (x86)/atollic/truestudio for stm32 9.3.0/armtools/bin/../lib/gcc/arm-atollic-eabi/6.3.1/../../../../arm-atollic-eabi/lib/armv7-m\libc_nano.a(lib_a-memcpy-stub.o)
 .debug_frame   0x00000244       0x28 c:/program files (x86)/atollic/truestudio for stm32 9.3.0/armtools/bin/../lib/gcc/arm-atollic-eabi/6.3.1/../../../../arm-atollic-eabi/lib/armv7-m\libc_nano.a(lib_a-memmove.o)
 .debug_frame   0x0000026c       0x38 c:/program files (x86)/atollic/truestudio for stm32 9.3.0/armtools/bin/../lib/gcc/arm-atollic-eabi/6.3.1/../../../../arm-atollic-eabi/lib/armv7-m\libc_nano.a(lib_a-nano-freer.o)
 .debug_frame   0x000002a4       0x2c c:/program files (x86)/atollic/truestudio for stm32 9.3.0/armtools/bin/../lib/gcc/arm-atollic-eabi/6.3.1/../../../../arm-atollic-eabi/lib/armv7-m\libc_nano.a(lib_a-nano-mallocr.o)
 .debug_frame   0x000002d0       0x3c c:/program files (x86)/atollic/truestudio for stm32 9.3.0/armtools/bin/../lib/gcc/arm-atollic-eabi/6.3.1/../../../../arm-atollic-eabi/lib/armv7-m\libc_nano.a(lib_a-nano-reallocr.o)
 .debug_frame   0x0000030c       0x2c c:/program files (x86)/atollic/truestudio for stm32 9.3.0/armtools/bin/../lib/gcc/arm-atollic-eabi/6.3.1/../../../../arm-atollic-eabi/lib/armv7-m\libc_nano.a(lib_a-sbrkr.o)