planner.c:127:13:planner_recalculate	40	static
planner.c:45:9:plan_next_block_index	0	static
planner.c:207:6:plan_reset_buffer	0	static
planner.c:200:6:plan_reset	8	static
planner.c:216:6:plan_discard_current_block	8	static
planner.c:228:15:plan_get_system_motion_block	0	static
planner.c:235:15:plan_get_current_block	0	static
planner.c:242:7:plan_get_exec_block_exit_speed_sqr	0	static
planner.c:251:9:plan_check_full_buffer	0	static
planner.c:260:7:plan_compute_profile_nominal_speed	32	static
planner.c:285:6:plan_update_velocity_profile_parameters	24	static
planner.c:316:9:plan_buffer_line	160	static
planner.c:494:6:plan_sync_position	0	static
planner.c:516:9:plan_get_block_buffer_available	0	static
planner.c:525:9:plan_get_block_buffer_count	0	static
planner.c:534:6:plan_cycle_reinitialize	8	static
