stm32f1xx_hal_i2c.c:5556:26:I2C_IsAcknowledgeFailed	0	static
stm32f1xx_hal_i2c.c:5358:26:I2C_WaitOnMasterAddressFlagUntilTimeout	32	static
stm32f1xx_hal_i2c.c:5324:26:I2C_WaitOnFlagUntilTimeout	32	static
stm32f1xx_hal_i2c.c:5406:26:I2C_WaitOnTXEFlagUntilTimeout	16	static
stm32f1xx_hal_i2c.c:4970:26:I2C_RequestMemoryWrite	40	static
stm32f1xx_hal_i2c.c:5061:26:I2C_RequestMemoryRead	40	static
stm32f1xx_hal_i2c.c:5514:26:I2C_WaitOnRXNEFlagUntilTimeout	16	static
stm32f1xx_hal_i2c.c:5443:26:I2C_WaitOnBTFFlagUntilTimeout	16	static
stm32f1xx_hal_i2c.c:493:14:HAL_I2C_MspInit	0	static
stm32f1xx_hal_i2c.c:369:19:HAL_I2C_Init	16	static
stm32f1xx_hal_i2c.c:508:14:HAL_I2C_MspDeInit	0	static
stm32f1xx_hal_i2c.c:457:19:HAL_I2C_DeInit	8	static
stm32f1xx_hal_i2c.c:596:19:HAL_I2C_Master_Transmit	40	static
stm32f1xx_hal_i2c.c:728:19:HAL_I2C_Master_Receive	64	static
stm32f1xx_hal_i2c.c:987:19:HAL_I2C_Slave_Transmit	40	static
stm32f1xx_hal_i2c.c:1116:19:HAL_I2C_Slave_Receive	40	static
stm32f1xx_hal_i2c.c:1243:19:HAL_I2C_Master_Transmit_IT	24	static
stm32f1xx_hal_i2c.c:1320:19:HAL_I2C_Master_Receive_IT	24	static
stm32f1xx_hal_i2c.c:1403:19:HAL_I2C_Master_Sequential_Transmit_IT	24	static
stm32f1xx_hal_i2c.c:1506:19:HAL_I2C_Master_Sequential_Receive_IT	24	static
stm32f1xx_hal_i2c.c:1607:19:HAL_I2C_Slave_Transmit_IT	16	static
stm32f1xx_hal_i2c.c:1687:19:HAL_I2C_Slave_Receive_IT	16	static
stm32f1xx_hal_i2c.c:1769:19:HAL_I2C_Slave_Sequential_Transmit_IT	24	static
stm32f1xx_hal_i2c.c:1835:19:HAL_I2C_Slave_Sequential_Receive_IT	24	static
stm32f1xx_hal_i2c.c:1897:19:HAL_I2C_EnableListen_IT	0	static
stm32f1xx_hal_i2c.c:1930:19:HAL_I2C_DisableListen_IT	0	static
stm32f1xx_hal_i2c.c:1967:19:HAL_I2C_Master_Transmit_DMA	24	static
stm32f1xx_hal_i2c.c:2085:19:HAL_I2C_Master_Receive_DMA	24	static
stm32f1xx_hal_i2c.c:2251:19:HAL_I2C_Slave_Transmit_DMA	24	static
stm32f1xx_hal_i2c.c:2346:19:HAL_I2C_Slave_Receive_DMA	24	static
stm32f1xx_hal_i2c.c:2445:19:HAL_I2C_Mem_Write	40	static
stm32f1xx_hal_i2c.c:2579:19:HAL_I2C_Mem_Read	56	static
stm32f1xx_hal_i2c.c:2844:19:HAL_I2C_Mem_Write_IT	32	static
stm32f1xx_hal_i2c.c:2930:19:HAL_I2C_Mem_Read_IT	32	static
stm32f1xx_hal_i2c.c:3021:19:HAL_I2C_Mem_Write_DMA	56	static
stm32f1xx_hal_i2c.c:3142:19:HAL_I2C_Mem_Read_DMA	56	static
stm32f1xx_hal_i2c.c:3302:19:HAL_I2C_IsDeviceReady	56	static
stm32f1xx_hal_i2c.c:3608:13:HAL_I2C_MasterTxCpltCallback	0	static
stm32f1xx_hal_i2c.c:3624:13:HAL_I2C_MasterRxCpltCallback	0	static
stm32f1xx_hal_i2c.c:3639:13:HAL_I2C_SlaveTxCpltCallback	0	static
stm32f1xx_hal_i2c.c:3655:13:HAL_I2C_SlaveRxCpltCallback	0	static
stm32f1xx_hal_i2c.c:3673:13:HAL_I2C_AddrCallback	0	static
stm32f1xx_hal_i2c.c:3691:13:HAL_I2C_ListenCpltCallback	0	static
stm32f1xx_hal_i2c.c:3707:13:HAL_I2C_MemTxCpltCallback	0	static
stm32f1xx_hal_i2c.c:3723:13:HAL_I2C_MemRxCpltCallback	0	static
stm32f1xx_hal_i2c.c:3739:13:HAL_I2C_ErrorCallback	0	static
stm32f1xx_hal_i2c.c:5252:13:I2C_DMAError	8	static
stm32f1xx_hal_i2c.c:5188:13:I2C_DMAXferCplt	8	static
stm32f1xx_hal_i2c.c:3755:13:HAL_I2C_AbortCpltCallback	0	static
stm32f1xx_hal_i2c.c:4658:13:I2C_ITError	8	static
stm32f1xx_hal_i2c.c:2202:19:HAL_I2C_Master_Abort_IT	8	static
stm32f1xx_hal_i2c.c:3425:6:HAL_I2C_EV_IRQHandler	72	static
stm32f1xx_hal_i2c.c:3531:6:HAL_I2C_ER_IRQHandler	24	static
stm32f1xx_hal_i2c.c:5275:13:I2C_DMAAbort	8	static
stm32f1xx_hal_i2c.c:3790:22:HAL_I2C_GetState	0	static
stm32f1xx_hal_i2c.c:3802:21:HAL_I2C_GetMode	0	static
stm32f1xx_hal_i2c.c:3813:10:HAL_I2C_GetError	0	static
