inoutputs.c:70:6:outputs_digital_reset	8	static
inoutputs.c:59:6:inoutputs_init	0	static
inoutputs.c:77:6:outputs_digital_set	8	static
inoutputs.c:85:9:outputs_get_digital_state	16	static
inoutputs.c:99:6:outputs_set_digital	0	static
inoutputs.c:110:6:outputs_digital_action	16	static
inoutputs.c:131:6:outputs_analog_init	0	static
inoutputs.c:133:6:outputs_analog_set	0	static
inoutputs.c:135:6:outputs_set_analog	0	static
inoutputs.c:137:10:outputs_compute_pwm_value	0	static
inoutputs.c:139:6:outputs_analog_action	0	static
inoutputs.c:141:6:inputs_digital_init	0	static
inoutputs.c:143:6:wait_on_input_action	0	static
